../ThirdParty/FreeRTOS/portable/GCC/ARM_CM4F/port.c:192:15:pxPortInitialiseStack	24	static
../ThirdParty/FreeRTOS/portable/GCC/ARM_CM4F/port.c:224:13:prvTaskExitError	16	static,ignoring_inline_asm
../ThirdParty/FreeRTOS/portable/GCC/ARM_CM4F/port.c:250:6:SVC_Handler	0	static,ignoring_inline_asm
../ThirdParty/FreeRTOS/portable/GCC/ARM_CM4F/port.c:269:13:prvPortStartFirstTask	0	static,ignoring_inline_asm
../ThirdParty/FreeRTOS/portable/GCC/ARM_CM4F/port.c:296:12:xPortStartScheduler	8	static
../ThirdParty/FreeRTOS/portable/GCC/ARM_CM4F/port.c:405:6:vPortEndScheduler	4	static
../ThirdParty/FreeRTOS/portable/GCC/ARM_CM4F/port.c:413:6:vPortEnterCritical	16	static,ignoring_inline_asm
../ThirdParty/FreeRTOS/portable/GCC/ARM_CM4F/port.c:430:6:vPortExitCritical	16	static,ignoring_inline_asm
../ThirdParty/FreeRTOS/portable/GCC/ARM_CM4F/port.c:442:6:PendSV_Handler	0	static,ignoring_inline_asm
../ThirdParty/FreeRTOS/portable/GCC/ARM_CM4F/port.c:499:6:SysTick_Handler	32	static,ignoring_inline_asm
../ThirdParty/FreeRTOS/portable/GCC/ARM_CM4F/port.c:772:32:vPortSetupTimerInterrupt	4	static
../ThirdParty/FreeRTOS/portable/GCC/ARM_CM4F/port.c:794:13:vPortEnableVFP	0	static,ignoring_inline_asm
