../Core/Src/main.c:78:5:main	24	static,ignoring_inline_asm
../Core/Src/main.c:142:6:SystemClock_Config	88	static
../Core/Src/main.c:189:13:MX_USART2_UART_Init	8	static
../Core/Src/main.c:222:13:MX_GPIO_Init	40	static
../Core/Src/main.c:260:6:switch_priority	32	static
../Core/Src/main.c:297:13:Task1_Handler	16	static
../Core/Src/main.c:310:13:Task2_Handler	16	static
../Core/Src/main.c:321:6:button_interrupt_handler	8	static
../Core/Src/main.c:340:6:HAL_TIM_PeriodElapsedCallback	16	static
../Core/Src/main.c:357:6:Error_Handler	4	static,ignoring_inline_asm
