../Core/Src/main.c:82:5:main	32	static,ignoring_inline_asm
../Core/Src/main.c:151:6:SystemClock_Config	88	static
../Core/Src/main.c:198:13:MX_USART2_UART_Init	8	static
../Core/Src/main.c:231:13:MX_GPIO_Init	40	static
../Core/Src/main.c:263:13:Task1_Handler	64	static
../Core/Src/main.c:288:13:Task2_Handler	64	static
../Core/Src/main.c:312:13:Task3_Handler	64	static
../Core/Src/main.c:337:13:Task_btn_Handler	32	static
../Core/Src/main.c:365:6:HAL_TIM_PeriodElapsedCallback	16	static
../Core/Src/main.c:382:6:Error_Handler	4	static,ignoring_inline_asm
