../Core/Src/main.c:76:5:main	24	static,ignoring_inline_asm
../Core/Src/main.c:140:6:SystemClock_Config	88	static
../Core/Src/main.c:187:13:MX_USART2_UART_Init	8	static
../Core/Src/main.c:220:13:MX_GPIO_Init	40	static
../Core/Src/main.c:246:13:Task1_Handler	48	static
../Core/Src/main.c:261:13:Task2_Handler	48	static
../Core/Src/main.c:276:6:vApplicationIdleHook	8	static
../Core/Src/main.c:291:6:HAL_TIM_PeriodElapsedCallback	16	static
../Core/Src/main.c:308:6:Error_Handler	4	static,ignoring_inline_asm
