Archive member included to satisfy reference by file (symbol)

C:/ST/STM32CubeIDE_1.16.1/STM32CubeIDE/plugins/com.st.stm32cube.ide.mcu.externaltools.gnu-tools-for-stm32.12.3.rel1.win32_1.0.200.202406191623/tools/bin/../lib/gcc/arm-none-eabi/12.3.1/../../../../arm-none-eabi/lib/thumb/v7e-m+fp/hard\libc_nano.a(libc_a-exit.o)
                              C:/ST/STM32CubeIDE_1.16.1/STM32CubeIDE/plugins/com.st.stm32cube.ide.mcu.externaltools.gnu-tools-for-stm32.12.3.rel1.win32_1.0.200.202406191623/tools/bin/../lib/gcc/arm-none-eabi/12.3.1/../../../../arm-none-eabi/lib/thumb/v7e-m+fp/hard/crt0.o (exit)
C:/ST/STM32CubeIDE_1.16.1/STM32CubeIDE/plugins/com.st.stm32cube.ide.mcu.externaltools.gnu-tools-for-stm32.12.3.rel1.win32_1.0.200.202406191623/tools/bin/../lib/gcc/arm-none-eabi/12.3.1/../../../../arm-none-eabi/lib/thumb/v7e-m+fp/hard\libc_nano.a(libc_a-findfp.o)
                              C:/ST/STM32CubeIDE_1.16.1/STM32CubeIDE/plugins/com.st.stm32cube.ide.mcu.externaltools.gnu-tools-for-stm32.12.3.rel1.win32_1.0.200.202406191623/tools/bin/../lib/gcc/arm-none-eabi/12.3.1/../../../../arm-none-eabi/lib/thumb/v7e-m+fp/hard\libc_nano.a(libc_a-exit.o) (__stdio_exit_handler)
C:/ST/STM32CubeIDE_1.16.1/STM32CubeIDE/plugins/com.st.stm32cube.ide.mcu.externaltools.gnu-tools-for-stm32.12.3.rel1.win32_1.0.200.202406191623/tools/bin/../lib/gcc/arm-none-eabi/12.3.1/../../../../arm-none-eabi/lib/thumb/v7e-m+fp/hard\libc_nano.a(libc_a-fwalk.o)
                              C:/ST/STM32CubeIDE_1.16.1/STM32CubeIDE/plugins/com.st.stm32cube.ide.mcu.externaltools.gnu-tools-for-stm32.12.3.rel1.win32_1.0.200.202406191623/tools/bin/../lib/gcc/arm-none-eabi/12.3.1/../../../../arm-none-eabi/lib/thumb/v7e-m+fp/hard\libc_nano.a(libc_a-findfp.o) (_fwalk_sglue)
C:/ST/STM32CubeIDE_1.16.1/STM32CubeIDE/plugins/com.st.stm32cube.ide.mcu.externaltools.gnu-tools-for-stm32.12.3.rel1.win32_1.0.200.202406191623/tools/bin/../lib/gcc/arm-none-eabi/12.3.1/../../../../arm-none-eabi/lib/thumb/v7e-m+fp/hard\libc_nano.a(libc_a-snprintf.o)
                              ./Core/Src/main.o (snprintf)
C:/ST/STM32CubeIDE_1.16.1/STM32CubeIDE/plugins/com.st.stm32cube.ide.mcu.externaltools.gnu-tools-for-stm32.12.3.rel1.win32_1.0.200.202406191623/tools/bin/../lib/gcc/arm-none-eabi/12.3.1/../../../../arm-none-eabi/lib/thumb/v7e-m+fp/hard\libc_nano.a(libc_a-stdio.o)
                              C:/ST/STM32CubeIDE_1.16.1/STM32CubeIDE/plugins/com.st.stm32cube.ide.mcu.externaltools.gnu-tools-for-stm32.12.3.rel1.win32_1.0.200.202406191623/tools/bin/../lib/gcc/arm-none-eabi/12.3.1/../../../../arm-none-eabi/lib/thumb/v7e-m+fp/hard\libc_nano.a(libc_a-findfp.o) (__sread)
C:/ST/STM32CubeIDE_1.16.1/STM32CubeIDE/plugins/com.st.stm32cube.ide.mcu.externaltools.gnu-tools-for-stm32.12.3.rel1.win32_1.0.200.202406191623/tools/bin/../lib/gcc/arm-none-eabi/12.3.1/../../../../arm-none-eabi/lib/thumb/v7e-m+fp/hard\libc_nano.a(libc_a-memcmp.o)
                              ./ThirdParty/FreeRTOS/tasks.o (memcmp)
C:/ST/STM32CubeIDE_1.16.1/STM32CubeIDE/plugins/com.st.stm32cube.ide.mcu.externaltools.gnu-tools-for-stm32.12.3.rel1.win32_1.0.200.202406191623/tools/bin/../lib/gcc/arm-none-eabi/12.3.1/../../../../arm-none-eabi/lib/thumb/v7e-m+fp/hard\libc_nano.a(libc_a-memset.o)
                              C:/ST/STM32CubeIDE_1.16.1/STM32CubeIDE/plugins/com.st.stm32cube.ide.mcu.externaltools.gnu-tools-for-stm32.12.3.rel1.win32_1.0.200.202406191623/tools/bin/../lib/gcc/arm-none-eabi/12.3.1/../../../../arm-none-eabi/lib/thumb/v7e-m+fp/hard/crt0.o (memset)
C:/ST/STM32CubeIDE_1.16.1/STM32CubeIDE/plugins/com.st.stm32cube.ide.mcu.externaltools.gnu-tools-for-stm32.12.3.rel1.win32_1.0.200.202406191623/tools/bin/../lib/gcc/arm-none-eabi/12.3.1/../../../../arm-none-eabi/lib/thumb/v7e-m+fp/hard\libc_nano.a(libc_a-closer.o)
                              C:/ST/STM32CubeIDE_1.16.1/STM32CubeIDE/plugins/com.st.stm32cube.ide.mcu.externaltools.gnu-tools-for-stm32.12.3.rel1.win32_1.0.200.202406191623/tools/bin/../lib/gcc/arm-none-eabi/12.3.1/../../../../arm-none-eabi/lib/thumb/v7e-m+fp/hard\libc_nano.a(libc_a-stdio.o) (_close_r)
C:/ST/STM32CubeIDE_1.16.1/STM32CubeIDE/plugins/com.st.stm32cube.ide.mcu.externaltools.gnu-tools-for-stm32.12.3.rel1.win32_1.0.200.202406191623/tools/bin/../lib/gcc/arm-none-eabi/12.3.1/../../../../arm-none-eabi/lib/thumb/v7e-m+fp/hard\libc_nano.a(libc_a-reent.o)
                              C:/ST/STM32CubeIDE_1.16.1/STM32CubeIDE/plugins/com.st.stm32cube.ide.mcu.externaltools.gnu-tools-for-stm32.12.3.rel1.win32_1.0.200.202406191623/tools/bin/../lib/gcc/arm-none-eabi/12.3.1/../../../../arm-none-eabi/lib/thumb/v7e-m+fp/hard\libc_nano.a(libc_a-closer.o) (errno)
C:/ST/STM32CubeIDE_1.16.1/STM32CubeIDE/plugins/com.st.stm32cube.ide.mcu.externaltools.gnu-tools-for-stm32.12.3.rel1.win32_1.0.200.202406191623/tools/bin/../lib/gcc/arm-none-eabi/12.3.1/../../../../arm-none-eabi/lib/thumb/v7e-m+fp/hard\libc_nano.a(libc_a-impure.o)
[...]
Memory Configuration

Name             Origin             Length             Attributes
RAM              0x20000000         0x00010000         xrw
FLASH            0x08000000         0x00040000         xr
*default*        0x00000000         0xffffffff

Linker script and memory map

LOAD C:/ST/STM32CubeIDE_1.16.1/STM32CubeIDE/plugins/com.st.stm32cube.ide.mcu.externaltools.gnu-tools-for-stm32.12.3.rel1.win32_1.0.200.202406191623/tools/bin/../lib/gcc/arm-none-eabi/12.3.1/thumb/v7e-m+fp/hard/crti.o
LOAD C:/ST/STM32CubeIDE_1.16.1/STM32CubeIDE/plugins/com.st.stm32cube.ide.mcu.externaltools.gnu-tools-for-stm32.12.3.rel1.win32_1.0.200.202406191623/tools/bin/../lib/gcc/arm-none-eabi/12.3.1/thumb/v7e-m+fp/hard/crtbegin.o
LOAD C:/ST/STM32CubeIDE_1.16.1/STM32CubeIDE/plugins/com.st.stm32cube.ide.mcu.externaltools.gnu-tools-for-stm32.12.3.rel1.win32_1.0.200.202406191623/tools/bin/../lib/gcc/arm-none-eabi/12.3.1/../../../../arm-none-eabi/lib/thumb/v7e-m+fp/hard/crt0.o
LOAD ./Core/Src/main.o
LOAD ./Core/Src/stm32f4xx_hal_msp.o
LOAD ./Core/Src/stm32f4xx_hal_timebase_tim.o
LOAD ./Core/Src/stm32f4xx_it.o
LOAD ./Core/Src/syscalls.o
LOAD ./Core/Src/sysmem.o
LOAD ./Core/Src/system_stm32f4xx.o
LOAD ./Core/Startup/startup_stm32f401ccux.o
LOAD ./Drivers/STM32F4xx_HAL_Driver/Src/stm32f4xx_hal.o
LOAD ./Drivers/STM32F4xx_HAL_Driver/Src/stm32f4xx_hal_cortex.o
LOAD ./Drivers/STM32F4xx_HAL_Driver/Src/stm32f4xx_hal_dma.o
LOAD ./Drivers/STM32F4xx_HAL_Driver/Src/stm32f4xx_hal_dma_ex.o
LOAD ./Drivers/STM32F4xx_HAL_Driver/Src/stm32f4xx_hal_exti.o
LOAD ./Drivers/STM32F4xx_HAL_Driver/Src/stm32f4xx_hal_flash.o
LOAD ./Drivers/STM32F4xx_HAL_Driver/Src/stm32f4xx_hal_flash_ex.o
LOAD ./Drivers/STM32F4xx_HAL_Driver/Src/stm32f4xx_hal_flash_ramfunc.o
LOAD ./Drivers/STM32F4xx_HAL_Driver/Src/stm32f4xx_hal_gpio.o
LOAD ./Drivers/STM32F4xx_HAL_Driver/Src/stm32f4xx_hal_pwr.o
LOAD ./Drivers/STM32F4xx_HAL_Driver/Src/stm32f4xx_hal_pwr_ex.o
LOAD ./Drivers/STM32F4xx_HAL_Driver/Src/stm32f4xx_hal_rcc.o
LOAD ./Drivers/STM32F4xx_HAL_Driver/Src/stm32f4xx_hal_rcc_ex.o
LOAD ./Drivers/STM32F4xx_HAL_Driver/Src/stm32f4xx_hal_tim.o
LOAD ./Drivers/STM32F4xx_HAL_Driver/Src/stm32f4xx_hal_tim_ex.o
LOAD ./ThirdParty/FreeRTOS/MemMang/heap_4.o
LOAD ./ThirdParty/FreeRTOS/croutine.o
LOAD ./ThirdParty/FreeRTOS/event_groups.o
LOAD ./ThirdParty/FreeRTOS/list.o
LOAD ./ThirdParty/FreeRTOS/queue.o
LOAD ./ThirdParty/FreeRTOS/stream_buffer.o
LOAD ./ThirdParty/FreeRTOS/tasks.o
LOAD ./ThirdParty/FreeRTOS/timers.o
LOAD ./ThirdParty/FreeRTOS/portable/GCC/ARM_CM4F/port.o
LOAD ./ThirdParty/SEGGER/Config/SEGGER_SYSVIEW_Config_FreeRTOS.o
LOAD ./ThirdParty/SEGGER/OS/SEGGER_SYSVIEW_FreeRTOS.o
LOAD ./ThirdParty/SEGGER/SEGGER/SEGGER_RTT.o
LOAD ./ThirdParty/SEGGER/SEGGER/SEGGER_RTT_ASM_ARMv7M.o
LOAD ./ThirdParty/SEGGER/SEGGER/SEGGER_RTT_printf.o
LOAD ./ThirdParty/SEGGER/SEGGER/SEGGER_SYSVIEW.o
LOAD ./ThirdParty/SEGGER/SEGGER/Syscalls/SEGGER_RTT_Syscalls_GCC.o
START GROUP
LOAD C:/ST/STM32CubeIDE_1.16.1/STM32CubeIDE/plugins/com.st.stm32cube.ide.mcu.externaltools.gnu-tools-for-stm32.12.3.rel1.win32_1.0.200.202406191623/tools/bin/../lib/gcc/arm-none-eabi/12.3.1/../../../../arm-none-eabi/lib/thumb/v7e-m+fp/hard\libc_nano.a
LOAD C:/ST/STM32CubeIDE_1.16.1/STM32CubeIDE/plugins/com.st.stm32cube.ide.mcu.externaltools.gnu-tools-for-stm32.12.3.rel1.win32_1.0.200.202406191623/tools/bin/../lib/gcc/arm-none-eabi/12.3.1/../../../../arm-none-eabi/lib/thumb/v7e-m+fp/hard\libm.a
END GROUP
START GROUP
LOAD C:/ST/STM32CubeIDE_1.16.1/STM32CubeIDE/plugins/com.st.stm32cube.ide.mcu.externaltools.gnu-tools-for-stm32.12.3.rel1.win32_1.0.200.202406191623/tools/bin/../lib/gcc/arm-none-eabi/12.3.1/thumb/v7e-m+fp/hard\libgcc.a
LOAD C:/ST/STM32CubeIDE_1.16.1/STM32CubeIDE/plugins/com.st.stm32cube.ide.mcu.externaltools.gnu-tools-for-stm32.12.3.rel1.win32_1.0.200.202406191623/tools/bin/../lib/gcc/arm-none-eabi/12.3.1/../../../../arm-none-eabi/lib/thumb/v7e-m+fp/hard\libc_nano.a
END GROUP
START GROUP
LOAD C:/ST/STM32CubeIDE_1.16.1/STM32CubeIDE/plugins/com.st.stm32cube.ide.mcu.externaltools.gnu-tools-for-stm32.12.3.rel1.win32_1.0.200.202406191623/tools/bin/../lib/gcc/arm-none-eabi/12.3.1/thumb/v7e-m+fp/hard\libgcc.a
LOAD C:/ST/STM32CubeIDE_1.16.1/STM32CubeIDE/plugins/com.st.stm32cube.ide.mcu.externaltools.gnu-tools-for-stm32.12.3.rel1.win32_1.0.200.202406191623/tools/bin/../lib/gcc/arm-none-eabi/12.3.1/../../../../arm-none-eabi/lib/thumb/v7e-m+fp/hard\libc_nano.a
LOAD C:/ST/STM32CubeIDE_1.16.1/STM32CubeIDE/plugins/com.st.stm32cube.ide.mcu.externaltools.gnu-tools-for-stm32.12.3.rel1.win32_1.0.200.202406191623/tools/bin/../lib/gcc/arm-none-eabi/12.3.1/../../../../arm-none-eabi/lib/thumb/v7e-m+fp/hard\libnosys.a
END GROUP
START GROUP
LOAD C:/ST/STM32CubeIDE_1.16.1/STM32CubeIDE/plugins/com.st.stm32cube.ide.mcu.externaltools.gnu-tools-for-stm32.12.3.rel1.win32_1.0.200.202406191623/tools/bin/../lib/gcc/arm-none-eabi/12.3.1/thumb/v7e-m+fp/hard\libgcc.a
LOAD C:/ST/STM32CubeIDE_1.16.1/STM32CubeIDE/plugins/com.st.stm32cube.ide.mcu.externaltools.gnu-tools-for-stm32.12.3.rel1.win32_1.0.200.202406191623/tools/bin/../lib/gcc/arm-none-eabi/12.3.1/../../../../arm-none-eabi/lib/thumb/v7e-m+fp/hard\libc_nano.a
LOAD C:/ST/STM32CubeIDE_1.16.1/STM32CubeIDE/plugins/com.st.stm32cube.ide.mcu.externaltools.gnu-tools-for-stm32.12.3.rel1.win32_1.0.200.202406191623/tools/bin/../lib/gcc/arm-none-eabi/12.3.1/../../../../arm-none-eabi/lib/thumb/v7e-m+fp/hard\libnosys.a
END GROUP
LOAD C:/ST/STM32CubeIDE_1.16.1/STM32CubeIDE/plugins/com.st.stm32cube.ide.mcu.externaltools.gnu-tools-for-stm32.12.3.rel1.win32_1.0.200.202406191623/tools/bin/../lib/gcc/arm-none-eabi/12.3.1/thumb/v7e-m+fp/hard/crtend.o
LOAD C:/ST/STM32CubeIDE_1.16.1/STM32CubeIDE/plugins/com.st.stm32cube.ide.mcu.externaltools.gnu-tools-for-stm32.12.3.rel1.win32_1.0.200.202406191623/tools/bin/../lib/gcc/arm-none-eabi/12.3.1/thumb/v7e-m+fp/hard/crtn.o
                0x20010000                        _estack = (ORIGIN (RAM) + LENGTH (RAM))
                0x00000200                        _Min_Heap_Size = 0x200
                0x00000400                        _Min_Stack_Size = 0x400

.isr_vector     0x08000000      0x194
                0x08000000                        . = ALIGN (0x4)
 *(.isr_vector)
 .isr_vector    0x08000000      0x194 ./Core/Startup/startup_stm32f401ccux.o
                0x08000000                g_pfnVectors
                0x08000194                        . = ALIGN (0x4)

.text           0x080001a0     0x6c60
                0x080001a0                        . = ALIGN (0x4)
 *(.text)
 .text          0x080001a0       0x40 C:/ST/STM32CubeIDE_1.16.1/STM32CubeIDE/plugins/com.st.stm32cube.ide.mcu.externaltools.gnu-tools-for-stm32.12.3.rel1.win32_1.0.200.202406191623/tools/bin/../lib/gcc/arm-none-eabi/12.3.1/thumb/v7e-m+fp/hard/crtbegin.o
 .text          0x080001e0       0x94 ./ThirdParty/SEGGER/SEGGER/SEGGER_RTT_ASM_ARMv7M.o
                0x080001e0                SEGGER_RTT_ASM_WriteSkipNoLock
 *fill*         0x08000274        0xc 
 .text          0x08000280       0xa0 C:/ST/STM32CubeIDE_1.16.1/STM32CubeIDE/plugins/com.st.stm32cube.ide.mcu.externaltools.gnu-tools-for-stm32.12.3.rel1.win32_1.0.200.202406191623/tools/bin/../lib/gcc/arm-none-eabi/12.3.1/../../../../arm-none-eabi/lib/thumb/v7e-m+fp/hard\libc_nano.a(libc_a-memchr.o)
                0x08000280                memchr
 .text          0x08000320       0x30 C:/ST/STM32CubeIDE_1.16.1/STM32CubeIDE/plugins/com.st.stm32cube.ide.mcu.externaltools.gnu-tools-for-stm32.12.3.rel1.win32_1.0.200.202406191623/tools/bin/../lib/gcc/arm-none-eabi/12.3.1/thumb/v7e-m+fp/hard\libgcc.a(_aeabi_uldivmod.o)
                0x08000320                __aeabi_uldivmod
 .text          0x08000350      0x2bc C:/ST/STM32CubeIDE_1.16.1/STM32CubeIDE/plugins/com.st.stm32cube.ide.mcu.externaltools.gnu-tools-for-stm32.12.3.rel1.win32_1.0.200.202406191623/tools/bin/../lib/gcc/arm-none-eabi/12.3.1/thumb/v7e-m+fp/hard\libgcc.a(_udivmoddi4.o)
                0x08000350                __udivmoddi4
 .text          0x0800060c        0x4 C:/ST/STM32CubeIDE_1.16.1/STM32CubeIDE/plugins/com.st.stm32cube.ide.mcu.externaltools.gnu-tools-for-stm32.12.3.rel1.win32_1.0.200.202406191623/tools/bin/../lib/gcc/arm-none-eabi/12.3.1/thumb/v7e-m+fp/hard\libgcc.a(_dvmd_tls.o)
                0x0800060c                __aeabi_idiv0
                0x0800060c                __aeabi_ldiv0
 *(.text*)
 .text.main     0x08000610       0xdc ./Core/Src/main.o
                0x08000610                main
 .text.SystemClock_Config
                0x080006ec       0xc0 ./Core/Src/main.o
                0x080006ec                SystemClock_Config
 .text.MX_GPIO_Init
                0x080007ac       0xa0 ./Core/Src/main.o
 .text.Task1_Handler
                0x0800084c       0x78 ./Core/Src/main.o
 .text.Task2_Handler
                0x080008c4       0x78 ./Core/Src/main.o
 .text.Task3_Handler
                0x0800093c       0x80 ./Core/Src/main.o
 .text.Task_btn_Handler
                0x080009bc       0x50 ./Core/Src/main.o
 .text.HAL_TIM_PeriodElapsedCallback
                0x08000a0c       0x24 ./Core/Src/main.o
                0x08000a0c                HAL_TIM_PeriodElapsedCallback
 .text.Error_Handler
                0x08000a30        0xc ./Core/Src/main.o
                0x08000a30                Error_Handler
 .text.HAL_MspInit
                0x08000a3c       0x50 ./Core/Src/stm32f4xx_hal_msp.o
                0x08000a3c                HAL_MspInit
 .text.HAL_InitTick
                0x08000a8c       0xf8 ./Core/Src/stm32f4xx_hal_timebase_tim.o
                0x08000a8c                HAL_InitTick
 .text.NMI_Handler
                0x08000b84        0x8 ./Core/Src/stm32f4xx_it.o
                0x08000b84                NMI_Handler
 .text.HardFault_Handler
                0x08000b8c        0x8 ./Core/Src/stm32f4xx_it.o
                0x08000b8c                HardFault_Handler
 .text.MemManage_Handler
                0x08000b94        0x8 ./Core/Src/stm32f4xx_it.o
                0x08000b94                MemManage_Handler
 .text.BusFault_Handler
                0x08000b9c        0x8 ./Core/Src/stm32f4xx_it.o
                0x08000b9c                BusFault_Handler
 .text.UsageFault_Handler
                0x08000ba4        0x8 ./Core/Src/stm32f4xx_it.o
                0x08000ba4                UsageFault_Handler
 .text.DebugMon_Handler
                0x08000bac        0xe ./Core/Src/stm32f4xx_it.o
                0x08000bac                DebugMon_Handler
 *fill*         0x08000bba        0x2 
 .text.TIM5_IRQHandler
                0x08000bbc       0x14 ./Core/Src/stm32f4xx_it.o
                0x08000bbc                TIM5_IRQHandler
 .text._sbrk    0x08000bd0       0x6c ./Core/Src/sysmem.o
                0x08000bd0                _sbrk
 .text.SystemInit
                0x08000c3c       0x24 ./Core/Src/system_stm32f4xx.o
                0x08000c3c                SystemInit
 .text.Reset_Handler
                0x08000c60       0x50 ./Core/Startup/startup_stm32f401ccux.o
                0x08000c60                Reset_Handler
 .text.Default_Handler
                0x08000cb0        0x2 ./Core/Startup/startup_stm32f401ccux.o
                0x08000cb0                RTC_Alarm_IRQHandler
                0x08000cb0                EXTI2_IRQHandler
                0x08000cb0                SPI4_IRQHandler
                0x08000cb0                TIM1_CC_IRQHandler
                0x08000cb0                DMA2_Stream5_IRQHandler
                0x08000cb0                DMA1_Stream5_IRQHandler
                0x08000cb0                PVD_IRQHandler
                0x08000cb0                SDIO_IRQHandler
                0x08000cb0                TAMP_STAMP_IRQHandler
                0x08000cb0                EXTI3_IRQHandler
                0x08000cb0                TIM1_UP_TIM10_IRQHandler
                0x08000cb0                I2C3_ER_IRQHandler
                0x08000cb0                EXTI0_IRQHandler
                0x08000cb0                I2C2_EV_IRQHandler
                0x08000cb0                DMA1_Stream2_IRQHandler
                0x08000cb0                FPU_IRQHandler
                0x08000cb0                DMA2_Stream2_IRQHandler
                0x08000cb0                SPI1_IRQHandler
                0x08000cb0                TIM1_BRK_TIM9_IRQHandler
                0x08000cb0                DMA2_Stream3_IRQHandler
                0x08000cb0                USART6_IRQHandler
                0x08000cb0                DMA2_Stream0_IRQHandler
                0x08000cb0                TIM4_IRQHandler
                0x08000cb0                I2C1_EV_IRQHandler
                0x08000cb0                DMA1_Stream6_IRQHandler
                0x08000cb0                DMA1_Stream1_IRQHandler
                0x08000cb0                TIM3_IRQHandler
                0x08000cb0                RCC_IRQHandler
                0x08000cb0                Default_Handler
                0x08000cb0                EXTI15_10_IRQHandler
                0x08000cb0                ADC_IRQHandler
                0x08000cb0                DMA1_Stream7_IRQHandler
                0x08000cb0                DMA2_Stream7_IRQHandler
                0x08000cb0                I2C3_EV_IRQHandler
                0x08000cb0                EXTI9_5_IRQHandler
                0x08000cb0                RTC_WKUP_IRQHandler
                0x08000cb0                SPI2_IRQHandler
                0x08000cb0                DMA1_Stream0_IRQHandler
                0x08000cb0                EXTI4_IRQHandler
                0x08000cb0                WWDG_IRQHandler
                0x08000cb0                TIM2_IRQHandler
                0x08000cb0                OTG_FS_WKUP_IRQHandler
                0x08000cb0                TIM1_TRG_COM_TIM11_IRQHandler
                0x08000cb0                EXTI1_IRQHandler
                0x08000cb0                USART2_IRQHandler
                0x08000cb0                I2C2_ER_IRQHandler
                0x08000cb0                DMA2_Stream1_IRQHandler
                0x08000cb0                FLASH_IRQHandler
                0x08000cb0                DMA2_Stream4_IRQHandler
                0x08000cb0                USART1_IRQHandler
                0x08000cb0                OTG_FS_IRQHandler
                0x08000cb0                SPI3_IRQHandler
                0x08000cb0                DMA1_Stream4_IRQHandler
                0x08000cb0                I2C1_ER_IRQHandler
                0x08000cb0                DMA2_Stream6_IRQHandler
                0x08000cb0                DMA1_Stream3_IRQHandler
 *fill*         0x08000cb2        0x2 
 .text.HAL_Init
                0x08000cb4       0x44 ./Drivers/STM32F4xx_HAL_Driver/Src/stm32f4xx_hal.o
                0x08000cb4                HAL_Init
 .text.HAL_IncTick
                0x08000cf8       0x28 ./Drivers/STM32F4xx_HAL_Driver/Src/stm32f4xx_hal.o
                0x08000cf8                HAL_IncTick
 .text.HAL_GetTick
                0x08000d20       0x18 ./Drivers/STM32F4xx_HAL_Driver/Src/stm32f4xx_hal.o
                0x08000d20                HAL_GetTick
 .text.__NVIC_SetPriorityGrouping
                0x08000d38       0x48 ./Drivers/STM32F4xx_HAL_Driver/Src/stm32f4xx_hal_cortex.o
 .text.__NVIC_GetPriorityGrouping
                0x08000d80       0x1c ./Drivers/STM32F4xx_HAL_Driver/Src/stm32f4xx_hal_cortex.o
 .text.__NVIC_EnableIRQ
                0x08000d9c       0x3c ./Drivers/STM32F4xx_HAL_Driver/Src/stm32f4xx_hal_cortex.o
 .text.__NVIC_SetPriority
                0x08000dd8       0x54 ./Drivers/STM32F4xx_HAL_Driver/Src/stm32f4xx_hal_cortex.o
 .text.NVIC_EncodePriority
                0x08000e2c       0x66 ./Drivers/STM32F4xx_HAL_Driver/Src/stm32f4xx_hal_cortex.o
 .text.HAL_NVIC_SetPriorityGrouping
                0x08000e92       0x16 ./Drivers/STM32F4xx_HAL_Driver/Src/stm32f4xx_hal_cortex.o
                0x08000e92                HAL_NVIC_SetPriorityGrouping
 .text.HAL_NVIC_SetPriority
                0x08000ea8       0x38 ./Drivers/STM32F4xx_HAL_Driver/Src/stm32f4xx_hal_cortex.o
                0x08000ea8                HAL_NVIC_SetPriority
 .text.HAL_NVIC_EnableIRQ
                0x08000ee0       0x1c ./Drivers/STM32F4xx_HAL_Driver/Src/stm32f4xx_hal_cortex.o
                0x08000ee0                HAL_NVIC_EnableIRQ
 .text.HAL_GPIO_Init
                0x08000efc      0x308 ./Drivers/STM32F4xx_HAL_Driver/Src/stm32f4xx_hal_gpio.o
                0x08000efc                HAL_GPIO_Init
 .text.HAL_GPIO_ReadPin
                0x08001204       0x30 ./Drivers/STM32F4xx_HAL_Driver/Src/stm32f4xx_hal_gpio.o
                0x08001204                HAL_GPIO_ReadPin
 .text.HAL_GPIO_WritePin
                0x08001234       0x32 ./Drivers/STM32F4xx_HAL_Driver/Src/stm32f4xx_hal_gpio.o
                0x08001234                HAL_GPIO_WritePin
 .text.HAL_GPIO_TogglePin
                0x08001266       0x34 ./Drivers/STM32F4xx_HAL_Driver/Src/stm32f4xx_hal_gpio.o
                0x08001266                HAL_GPIO_TogglePin
 *fill*         0x0800129a        0x2 
 .text.HAL_RCC_OscConfig
                0x0800129c      0x4f0 ./Drivers/STM32F4xx_HAL_Driver/Src/stm32f4xx_hal_rcc.o
                0x0800129c                HAL_RCC_OscConfig
 .text.HAL_RCC_ClockConfig
                0x0800178c      0x1cc ./Drivers/STM32F4xx_HAL_Driver/Src/stm32f4xx_hal_rcc.o
                0x0800178c                HAL_RCC_ClockConfig
 .text.HAL_RCC_GetSysClockFreq
                0x08001958      0x18c ./Drivers/STM32F4xx_HAL_Driver/Src/stm32f4xx_hal_rcc.o
                0x08001958                HAL_RCC_GetSysClockFreq
 .text.HAL_RCC_GetHCLKFreq
                0x08001ae4       0x18 ./Drivers/STM32F4xx_HAL_Driver/Src/stm32f4xx_hal_rcc.o
                0x08001ae4                HAL_RCC_GetHCLKFreq
 .text.HAL_RCC_GetPCLK1Freq
                0x08001afc       0x28 ./Drivers/STM32F4xx_HAL_Driver/Src/stm32f4xx_hal_rcc.o
                0x08001afc                HAL_RCC_GetPCLK1Freq
 .text.HAL_RCC_GetClockConfig
                0x08001b24       0x64 ./Drivers/STM32F4xx_HAL_Driver/Src/stm32f4xx_hal_rcc.o
                0x08001b24                HAL_RCC_GetClockConfig
 .text.HAL_TIM_Base_Init
                0x08001b88       0x9e ./Drivers/STM32F4xx_HAL_Driver/Src/stm32f4xx_hal_tim.o
                0x08001b88                HAL_TIM_Base_Init
 .text.HAL_TIM_Base_MspInit
                0x08001c26       0x14 ./Drivers/STM32F4xx_HAL_Driver/Src/stm32f4xx_hal_tim.o
                0x08001c26                HAL_TIM_Base_MspInit
 *fill*         0x08001c3a        0x2 
 .text.HAL_TIM_Base_Start_IT
                0x08001c3c       0xc4 ./Drivers/STM32F4xx_HAL_Driver/Src/stm32f4xx_hal_tim.o
                0x08001c3c                HAL_TIM_Base_Start_IT
 .text.HAL_TIM_IRQHandler
                0x08001d00      0x1e0 ./Drivers/STM32F4xx_HAL_Driver/Src/stm32f4xx_hal_tim.o
                0x08001d00                HAL_TIM_IRQHandler
 .text.HAL_TIM_OC_DelayElapsedCallback
                0x08001ee0       0x14 ./Drivers/STM32F4xx_HAL_Driver/Src/stm32f4xx_hal_tim.o
                0x08001ee0                HAL_TIM_OC_DelayElapsedCallback
 .text.HAL_TIM_IC_CaptureCallback
                0x08001ef4       0x14 ./Drivers/STM32F4xx_HAL_Driver/Src/stm32f4xx_hal_tim.o
                0x08001ef4                HAL_TIM_IC_CaptureCallback
 .text.HAL_TIM_PWM_PulseFinishedCallback
                0x08001f08       0x14 ./Drivers/STM32F4xx_HAL_Driver/Src/stm32f4xx_hal_tim.o
                0x08001f08                HAL_TIM_PWM_PulseFinishedCallback
 .text.HAL_TIM_TriggerCallback
                0x08001f1c       0x14 ./Drivers/STM32F4xx_HAL_Driver/Src/stm32f4xx_hal_tim.o
                0x08001f1c                HAL_TIM_TriggerCallback
 .text.TIM_Base_SetConfig
                0x08001f30      0x118 ./Drivers/STM32F4xx_HAL_Driver/Src/stm32f4xx_hal_tim.o
                0x08001f30                TIM_Base_SetConfig
 .text.HAL_TIMEx_CommutCallback
                0x08002048       0x14 ./Drivers/STM32F4xx_HAL_Driver/Src/stm32f4xx_hal_tim_ex.o
                0x08002048                HAL_TIMEx_CommutCallback
 .text.HAL_TIMEx_BreakCallback
                0x0800205c       0x14 ./Drivers/STM32F4xx_HAL_Driver/Src/stm32f4xx_hal_tim_ex.o
                0x0800205c                HAL_TIMEx_BreakCallback
 .text.pvPortMalloc
                0x08002070      0x134 ./ThirdParty/FreeRTOS/MemMang/heap_4.o
                0x08002070                pvPortMalloc
 .text.vPortFree
                0x080021a4       0x7c ./ThirdParty/FreeRTOS/MemMang/heap_4.o
                0x080021a4                vPortFree
 .text.prvHeapInit
                0x08002220       0xb8 ./ThirdParty/FreeRTOS/MemMang/heap_4.o
 .text.prvInsertBlockIntoFreeList
                0x080022d8       0xb4 ./ThirdParty/FreeRTOS/MemMang/heap_4.o
 .text.vListInitialise
                0x0800238c       0x40 ./ThirdParty/FreeRTOS/list.o
                0x0800238c                vListInitialise
 .text.vListInitialiseItem
                0x080023cc       0x1a ./ThirdParty/FreeRTOS/list.o
                0x080023cc                vListInitialiseItem
 .text.vListInsertEnd
                0x080023e6       0x48 ./ThirdParty/FreeRTOS/list.o
                0x080023e6                vListInsertEnd
 .text.vListInsert
                0x0800242e       0x72 ./ThirdParty/FreeRTOS/list.o
                0x0800242e                vListInsert
 .text.uxListRemove
                0x080024a0       0x54 ./ThirdParty/FreeRTOS/list.o
                0x080024a0                uxListRemove
 .text.xQueueGenericReset
                0x080024f4       0xe8 ./ThirdParty/FreeRTOS/queue.o
                0x080024f4                xQueueGenericReset
 .text.xQueueGenericCreate
                0x080025dc       0x7e ./ThirdParty/FreeRTOS/queue.o
                0x080025dc                xQueueGenericCreate
 .text.prvInitialiseNewQueue
                0x0800265a       0x3e ./ThirdParty/FreeRTOS/queue.o
 .text.xQueueReceive
                0x08002698      0x144 ./ThirdParty/FreeRTOS/queue.o
                0x08002698                xQueueReceive
 .text.prvCopyDataFromQueue
                0x080027dc       0x4c ./ThirdParty/FreeRTOS/queue.o
 .text.prvUnlockQueue
                0x08002828       0xa4 ./ThirdParty/FreeRTOS/queue.o
 .text.prvIsQueueEmpty
                0x080028cc       0x2c ./ThirdParty/FreeRTOS/queue.o
 .text.vQueueWaitForMessageRestricted
                0x080028f8       0x68 ./ThirdParty/FreeRTOS/queue.o
                0x080028f8                vQueueWaitForMessageRestricted
 .text.xTaskCreate
                0x08002960       0x8c ./ThirdParty/FreeRTOS/tasks.o
                0x08002960                xTaskCreate
 .text.prvInitialiseNewTask
                0x080029ec       0xca ./ThirdParty/FreeRTOS/tasks.o
 *fill*         0x08002ab6        0x2 
 .text.prvAddNewTaskToReadyList
                0x08002ab8      0x160 ./ThirdParty/FreeRTOS/tasks.o
 .text.vTaskDelete
                0x08002c18      0x13c ./ThirdParty/FreeRTOS/tasks.o
                0x08002c18                vTaskDelete
 .text.vTaskDelay
                0x08002d54       0x48 ./ThirdParty/FreeRTOS/tasks.o
                0x08002d54                vTaskDelay
 .text.vTaskStartScheduler
                0x08002d9c       0xac ./ThirdParty/FreeRTOS/tasks.o
                0x08002d9c                vTaskStartScheduler
 .text.vTaskSuspendAll
                0x08002e48       0x1c ./ThirdParty/FreeRTOS/tasks.o
                0x08002e48                vTaskSuspendAll
 .text.xTaskResumeAll
                0x08002e64      0x1e0 ./ThirdParty/FreeRTOS/tasks.o
                0x08002e64                xTaskResumeAll
 .text.xTaskGetTickCount
                0x08003044       0x20 ./ThirdParty/FreeRTOS/tasks.o
                0x08003044                xTaskGetTickCount
 .text.xTaskGetTickCountFromISR
                0x08003064       0x24 ./ThirdParty/FreeRTOS/tasks.o
                0x08003064                xTaskGetTickCountFromISR
 .text.xTaskIncrementTick
                0x08003088      0x214 ./ThirdParty/FreeRTOS/tasks.o
                0x08003088                xTaskIncrementTick
 .text.vTaskSwitchContext
                0x0800329c       0xb4 ./ThirdParty/FreeRTOS/tasks.o
                0x0800329c                vTaskSwitchContext
 .text.vTaskPlaceOnEventList
                0x08003350       0x2c ./ThirdParty/FreeRTOS/tasks.o
                0x08003350                vTaskPlaceOnEventList
 .text.vTaskPlaceOnEventListRestricted
                0x0800337c       0x70 ./ThirdParty/FreeRTOS/tasks.o
                0x0800337c                vTaskPlaceOnEventListRestricted
 .text.xTaskRemoveFromEventList
                0x080033ec      0x194 ./ThirdParty/FreeRTOS/tasks.o
                0x080033ec                xTaskRemoveFromEventList
 .text.vTaskInternalSetTimeOutState
                0x08003580       0x2c ./ThirdParty/FreeRTOS/tasks.o
                0x08003580                vTaskInternalSetTimeOutState
 .text.xTaskCheckForTimeOut
                0x080035ac       0x94 ./ThirdParty/FreeRTOS/tasks.o
                0x080035ac                xTaskCheckForTimeOut
 .text.vTaskMissedYield
                0x08003640       0x18 ./ThirdParty/FreeRTOS/tasks.o
                0x08003640                vTaskMissedYield
 .text.prvIdleTask
                0x08003658       0x30 ./ThirdParty/FreeRTOS/tasks.o
 .text.prvInitialiseTaskLists
                0x08003688       0x80 ./ThirdParty/FreeRTOS/tasks.o
 .text.prvCheckTasksWaitingTermination
                0x08003708       0x5c ./ThirdParty/FreeRTOS/tasks.o
 .text.prvDeleteTCB
                0x08003764       0x20 ./ThirdParty/FreeRTOS/tasks.o
 .text.prvResetNextTaskUnblockTime
                0x08003784       0x38 ./ThirdParty/FreeRTOS/tasks.o
 .text.xTaskGenericNotifyWait
                0x080037bc       0xec ./ThirdParty/FreeRTOS/tasks.o
                0x080037bc                xTaskGenericNotifyWait
 .text.xTaskGenericNotify
                0x080038a8      0x1d8 ./ThirdParty/FreeRTOS/tasks.o
                0x080038a8                xTaskGenericNotify
 .text.prvAddCurrentTaskToDelayedList
                0x08003a80      0x100 ./ThirdParty/FreeRTOS/tasks.o
 .text.xTimerCreateTimerTask
                0x08003b80       0x48 ./ThirdParty/FreeRTOS/timers.o
                0x08003b80                xTimerCreateTimerTask
 .text.prvReloadTimer
                0x08003bc8       0x42 ./ThirdParty/FreeRTOS/timers.o
 *fill*         0x08003c0a        0x2 
 .text.prvProcessExpiredTimer
                0x08003c0c       0x60 ./ThirdParty/FreeRTOS/timers.o
 .text.prvTimerTask
                0x08003c6c       0x26 ./ThirdParty/FreeRTOS/timers.o
 *fill*         0x08003c92        0x2 
 .text.prvProcessTimerOrBlockTask
                0x08003c94       0x9c ./ThirdParty/FreeRTOS/timers.o
 .text.prvGetNextExpireTime
                0x08003d30       0x48 ./ThirdParty/FreeRTOS/timers.o
 .text.prvSampleTimeNow
                0x08003d78       0x40 ./ThirdParty/FreeRTOS/timers.o
 .text.prvInsertTimerInActiveList
                0x08003db8       0x84 ./ThirdParty/FreeRTOS/timers.o
 .text.prvProcessReceivedCommands
                0x08003e3c      0x160 ./ThirdParty/FreeRTOS/timers.o
 .text.prvSwitchTimerLists
                0x08003f9c       0x4c ./ThirdParty/FreeRTOS/timers.o
 .text.prvCheckForValidListAndQueue
                0x08003fe8       0x54 ./ThirdParty/FreeRTOS/timers.o
 .text.pxPortInitialiseStack
                0x0800403c       0x68 ./ThirdParty/FreeRTOS/portable/GCC/ARM_CM4F/port.o
                0x0800403c                pxPortInitialiseStack
 .text.prvTaskExitError
                0x080040a4       0x34 ./ThirdParty/FreeRTOS/portable/GCC/ARM_CM4F/port.o
 *fill*         0x080040d8        0x8 
 .text.SVC_Handler
                0x080040e0       0x28 ./ThirdParty/FreeRTOS/portable/GCC/ARM_CM4F/port.o
                0x080040e0                SVC_Handler
 .text.prvPortStartFirstTask
                0x08004108       0x2c ./ThirdParty/FreeRTOS/portable/GCC/ARM_CM4F/port.o
 .text.xPortStartScheduler
                0x08004134       0x54 ./ThirdParty/FreeRTOS/portable/GCC/ARM_CM4F/port.o
                0x08004134                xPortStartScheduler
 .text.vPortEnterCritical
                0x08004188       0x34 ./ThirdParty/FreeRTOS/portable/GCC/ARM_CM4F/port.o
                0x08004188                vPortEnterCritical
 .text.vPortExitCritical
                0x080041bc       0x34 ./ThirdParty/FreeRTOS/portable/GCC/ARM_CM4F/port.o
                0x080041bc                vPortExitCritical
 .text.PendSV_Handler
                0x080041f0       0x68 ./ThirdParty/FreeRTOS/portable/GCC/ARM_CM4F/port.o
                0x080041f0                PendSV_Handler
 .text.SysTick_Handler
                0x08004258       0x8c ./ThirdParty/FreeRTOS/portable/GCC/ARM_CM4F/port.o
                0x08004258                SysTick_Handler
 .text.vPortSetupTimerInterrupt
                0x080042e4       0x48 ./ThirdParty/FreeRTOS/portable/GCC/ARM_CM4F/port.o
                0x080042e4                vPortSetupTimerInterrupt
 .text.vPortEnableVFP
                0x0800432c       0x18 ./ThirdParty/FreeRTOS/portable/GCC/ARM_CM4F/port.o
 .text._cbSendSystemDesc
                0x08004344       0x1c ./ThirdParty/SEGGER/Config/SEGGER_SYSVIEW_Config_FreeRTOS.o
 .text.SEGGER_SYSVIEW_Conf
                0x08004360       0x2c ./ThirdParty/SEGGER/Config/SEGGER_SYSVIEW_Config_FreeRTOS.o
                0x08004360                SEGGER_SYSVIEW_Conf
 .text._cbSendTaskList
                0x0800438c       0x90 ./ThirdParty/SEGGER/OS/SEGGER_SYSVIEW_FreeRTOS.o
 .text._cbGetTime
                0x0800441c       0x86 ./ThirdParty/SEGGER/OS/SEGGER_SYSVIEW_FreeRTOS.o
 *fill*         0x080044a2        0x2 
 .text.SYSVIEW_AddTask
                0x080044a4       0xd0 ./ThirdParty/SEGGER/OS/SEGGER_SYSVIEW_FreeRTOS.o
                0x080044a4                SYSVIEW_AddTask
 .text.SYSVIEW_DeleteTask
                0x08004574      0x178 ./ThirdParty/SEGGER/OS/SEGGER_SYSVIEW_FreeRTOS.o
                0x08004574                SYSVIEW_DeleteTask
 .text.SYSVIEW_SendTaskInfo
                0x080046ec       0x42 ./ThirdParty/SEGGER/OS/SEGGER_SYSVIEW_FreeRTOS.o
                0x080046ec                SYSVIEW_SendTaskInfo
 *fill*         0x0800472e        0x2 
 .text._DoInit  0x08004730       0xb4 ./ThirdParty/SEGGER/SEGGER/SEGGER_RTT.o
 .text.SEGGER_RTT_ReadNoLock
                0x080047e4      0x10c ./ThirdParty/SEGGER/SEGGER/SEGGER_RTT.o
                0x080047e4                SEGGER_RTT_ReadNoLock
 .text.SEGGER_RTT_AllocUpBuffer
                0x080048f0      0x108 ./ThirdParty/SEGGER/SEGGER/SEGGER_RTT.o
                0x080048f0                SEGGER_RTT_AllocUpBuffer
 .text.SEGGER_RTT_ConfigDownBuffer
                0x080049f8       0x98 ./ThirdParty/SEGGER/SEGGER/SEGGER_RTT.o
                0x080049f8                SEGGER_RTT_ConfigDownBuffer
 .text._EncodeStr
                0x08004a90       0x72 ./ThirdParty/SEGGER/SEGGER/SEGGER_SYSVIEW.o
 .text._PreparePacket
                0x08004b02       0x18 ./ThirdParty/SEGGER/SEGGER/SEGGER_SYSVIEW.o
 *fill*         0x08004b1a        0x2 
 .text._HandleIncomingPacket
                0x08004b1c       0xdc ./ThirdParty/SEGGER/SEGGER/SEGGER_SYSVIEW.o
 .text._TrySendOverflowPacket
                0x08004bf8       0xe4 ./ThirdParty/SEGGER/SEGGER/SEGGER_SYSVIEW.o
 .text._SendPacket
                0x08004cdc      0x2dc ./ThirdParty/SEGGER/SEGGER/SEGGER_SYSVIEW.o
 .text._StoreChar
                0x08004fb8       0xf6 ./ThirdParty/SEGGER/SEGGER/SEGGER_SYSVIEW.o
 *fill*         0x080050ae        0x2 
 .text._PrintUnsigned
                0x080050b0      0x12c ./ThirdParty/SEGGER/SEGGER/SEGGER_SYSVIEW.o
 .text._PrintInt
                0x080051dc      0x11e ./ThirdParty/SEGGER/SEGGER/SEGGER_SYSVIEW.o
 *fill*         0x080052fa        0x2 
 .text._VPrintTarget
                0x080052fc      0x440 ./ThirdParty/SEGGER/SEGGER/SEGGER_SYSVIEW.o
 .text.SEGGER_SYSVIEW_Init
                0x0800573c       0x88 ./ThirdParty/SEGGER/SEGGER/SEGGER_SYSVIEW.o
                0x0800573c                SEGGER_SYSVIEW_Init
 .text.SEGGER_SYSVIEW_SetRAMBase
                0x080057c4       0x20 ./ThirdParty/SEGGER/SEGGER/SEGGER_SYSVIEW.o
                0x080057c4                SEGGER_SYSVIEW_SetRAMBase
 .text.SEGGER_SYSVIEW_RecordVoid
                0x080057e4       0x3c ./ThirdParty/SEGGER/SEGGER/SEGGER_SYSVIEW.o
                0x080057e4                SEGGER_SYSVIEW_RecordVoid
 .text.SEGGER_SYSVIEW_RecordU32
                0x08005820       0x78 ./ThirdParty/SEGGER/SEGGER/SEGGER_SYSVIEW.o
                0x08005820                SEGGER_SYSVIEW_RecordU32
 .text.SEGGER_SYSVIEW_RecordU32x2
                0x08005898       0xb4 ./ThirdParty/SEGGER/SEGGER/SEGGER_SYSVIEW.o
                0x08005898                SEGGER_SYSVIEW_RecordU32x2
 .text.SEGGER_SYSVIEW_Start
                0x0800594c      0x174 ./ThirdParty/SEGGER/SEGGER/SEGGER_SYSVIEW.o
                0x0800594c                SEGGER_SYSVIEW_Start
 .text.SEGGER_SYSVIEW_Stop
                0x08005ac0       0x4c ./ThirdParty/SEGGER/SEGGER/SEGGER_SYSVIEW.o
                0x08005ac0                SEGGER_SYSVIEW_Stop
 .text.SEGGER_SYSVIEW_GetSysDesc
                0x08005b0c      0x134 ./ThirdParty/SEGGER/SEGGER/SEGGER_SYSVIEW.o
                0x08005b0c                SEGGER_SYSVIEW_GetSysDesc
 .text.SEGGER_SYSVIEW_SendTaskInfo
                0x08005c40      0x1c8 ./ThirdParty/SEGGER/SEGGER/SEGGER_SYSVIEW.o
                0x08005c40                SEGGER_SYSVIEW_SendTaskInfo
 .text.SEGGER_SYSVIEW_SendTaskList
                0x08005e08       0x28 ./ThirdParty/SEGGER/SEGGER/SEGGER_SYSVIEW.o
                0x08005e08                SEGGER_SYSVIEW_SendTaskList
 .text.SEGGER_SYSVIEW_SendSysDesc
                0x08005e30       0x48 ./ThirdParty/SEGGER/SEGGER/SEGGER_SYSVIEW.o
                0x08005e30                SEGGER_SYSVIEW_SendSysDesc
 .text.SEGGER_SYSVIEW_RecordSystime
                0x08005e78       0x64 ./ThirdParty/SEGGER/SEGGER/SEGGER_SYSVIEW.o
                0x08005e78                SEGGER_SYSVIEW_RecordSystime
 .text.SEGGER_SYSVIEW_RecordEnterISR
                0x08005edc       0x84 ./ThirdParty/SEGGER/SEGGER/SEGGER_SYSVIEW.o
                0x08005edc                SEGGER_SYSVIEW_RecordEnterISR
 .text.SEGGER_SYSVIEW_RecordExitISR
                0x08005f60       0x38 ./ThirdParty/SEGGER/SEGGER/SEGGER_SYSVIEW.o
                0x08005f60                SEGGER_SYSVIEW_RecordExitISR
 .text.SEGGER_SYSVIEW_RecordExitISRToScheduler
                0x08005f98       0x38 ./ThirdParty/SEGGER/SEGGER/SEGGER_SYSVIEW.o
                0x08005f98                SEGGER_SYSVIEW_RecordExitISRToScheduler
 .text.SEGGER_SYSVIEW_OnIdle
                0x08005fd0       0x38 ./ThirdParty/SEGGER/SEGGER/SEGGER_SYSVIEW.o
                0x08005fd0                SEGGER_SYSVIEW_OnIdle
 .text.SEGGER_SYSVIEW_OnTaskCreate
                0x08006008       0x84 ./ThirdParty/SEGGER/SEGGER/SEGGER_SYSVIEW.o
                0x08006008                SEGGER_SYSVIEW_OnTaskCreate
 .text.SEGGER_SYSVIEW_OnTaskStartExec
                0x0800608c       0x84 ./ThirdParty/SEGGER/SEGGER/SEGGER_SYSVIEW.o
                0x0800608c                SEGGER_SYSVIEW_OnTaskStartExec
 .text.SEGGER_SYSVIEW_OnTaskStartReady
                0x08006110       0x84 ./ThirdParty/SEGGER/SEGGER/SEGGER_SYSVIEW.o
                0x08006110                SEGGER_SYSVIEW_OnTaskStartReady
 .text.SEGGER_SYSVIEW_ShrinkId
                0x08006194       0x20 ./ThirdParty/SEGGER/SEGGER/SEGGER_SYSVIEW.o
                0x08006194                SEGGER_SYSVIEW_ShrinkId
 .text.SEGGER_SYSVIEW_SendModule
                0x080061b4      0x114 ./ThirdParty/SEGGER/SEGGER/SEGGER_SYSVIEW.o
                0x080061b4                SEGGER_SYSVIEW_SendModule
 .text.SEGGER_SYSVIEW_SendModuleDescription
                0x080062c8       0x3c ./ThirdParty/SEGGER/SEGGER/SEGGER_SYSVIEW.o
                0x080062c8                SEGGER_SYSVIEW_SendModuleDescription
 .text.SEGGER_SYSVIEW_SendNumModules
                0x08006304       0x7c ./ThirdParty/SEGGER/SEGGER/SEGGER_SYSVIEW.o
                0x08006304                SEGGER_SYSVIEW_SendNumModules
 .text.SEGGER_SYSVIEW_PrintfTarget
                0x08006380       0x28 ./ThirdParty/SEGGER/SEGGER/SEGGER_SYSVIEW.o
                0x08006380                SEGGER_SYSVIEW_PrintfTarget
 .text.SEGGER_SYSVIEW_Warn
                0x080063a8       0xb8 ./ThirdParty/SEGGER/SEGGER/SEGGER_SYSVIEW.o
                0x080063a8                SEGGER_SYSVIEW_Warn
 .text.snprintf
                0x08006460       0x68 C:/ST/STM32CubeIDE_1.16.1/STM32CubeIDE/plugins/com.st.stm32cube.ide.mcu.externaltools.gnu-tools-for-stm32.12.3.rel1.win32_1.0.200.202406191623/tools/bin/../lib/gcc/arm-none-eabi/12.3.1/../../../../arm-none-eabi/lib/thumb/v7e-m+fp/hard\libc_nano.a(libc_a-snprintf.o)
                0x08006460                sniprintf
                0x08006460                snprintf
 .text.memcmp   0x080064c8       0x20 C:/ST/STM32CubeIDE_1.16.1/STM32CubeIDE/plugins/com.st.stm32cube.ide.mcu.externaltools.gnu-tools-for-stm32.12.3.rel1.win32_1.0.200.202406191623/tools/bin/../lib/gcc/arm-none-eabi/12.3.1/../../../../arm-none-eabi/lib/thumb/v7e-m+fp/hard\libc_nano.a(libc_a-memcmp.o)
                0x080064c8                memcmp
 .text.memset   0x080064e8       0x10 C:/ST/STM32CubeIDE_1.16.1/STM32CubeIDE/plugins/com.st.stm32cube.ide.mcu.externaltools.gnu-tools-for-stm32.12.3.rel1.win32_1.0.200.202406191623/tools/bin/../lib/gcc/arm-none-eabi/12.3.1/../../../../arm-none-eabi/lib/thumb/v7e-m+fp/hard\libc_nano.a(libc_a-memset.o)
                0x080064e8                memset
 .text.__errno  0x080064f8        0xc C:/ST/STM32CubeIDE_1.16.1/STM32CubeIDE/plugins/com.st.stm32cube.ide.mcu.externaltools.gnu-tools-for-stm32.12.3.rel1.win32_1.0.200.202406191623/tools/bin/../lib/gcc/arm-none-eabi/12.3.1/../../../../arm-none-eabi/lib/thumb/v7e-m+fp/hard\libc_nano.a(libc_a-errno.o)
                0x080064f8                __errno
 .text.__libc_init_array
                0x08006504       0x48 C:/ST/STM32CubeIDE_1.16.1/STM32CubeIDE/plugins/com.st.stm32cube.ide.mcu.externaltools.gnu-tools-for-stm32.12.3.rel1.win32_1.0.200.202406191623/tools/bin/../lib/gcc/arm-none-eabi/12.3.1/../../../../arm-none-eabi/lib/thumb/v7e-m+fp/hard\libc_nano.a(libc_a-init.o)
                0x08006504                __libc_init_array
 .text.__retarget_lock_acquire_recursive
                0x0800654c        0x2 C:/ST/STM32CubeIDE_1.16.1/STM32CubeIDE/plugins/com.st.stm32cube.ide.mcu.externaltools.gnu-tools-for-stm32.12.3.rel1.win32_1.0.200.202406191623/tools/bin/../lib/gcc/arm-none-eabi/12.3.1/../../../../arm-none-eabi/lib/thumb/v7e-m+fp/hard\libc_nano.a(libc_a-lock.o)
                0x0800654c                __retarget_lock_acquire_recursive
 .text.__retarget_lock_release_recursive
                0x0800654e        0x2 C:/ST/STM32CubeIDE_1.16.1/STM32CubeIDE/plugins/com.st.stm32cube.ide.mcu.externaltools.gnu-tools-for-stm32.12.3.rel1.win32_1.0.200.202406191623/tools/bin/../lib/gcc/arm-none-eabi/12.3.1/../../../../arm-none-eabi/lib/thumb/v7e-m+fp/hard\libc_nano.a(libc_a-lock.o)
                0x0800654e                __retarget_lock_release_recursive
 .text.memcpy   0x08006550       0x1c C:/ST/STM32CubeIDE_1.16.1/STM32CubeIDE/plugins/com.st.stm32cube.ide.mcu.externaltools.gnu-tools-for-stm32.12.3.rel1.win32_1.0.200.202406191623/tools/bin/../lib/gcc/arm-none-eabi/12.3.1/../../../../arm-none-eabi/lib/thumb/v7e-m+fp/hard\libc_nano.a(libc_a-memcpy-stub.o)
                0x08006550                memcpy
 .text._free_r  0x0800656c       0x94 C:/ST/STM32CubeIDE_1.16.1/STM32CubeIDE/plugins/com.st.stm32cube.ide.mcu.externaltools.gnu-tools-for-stm32.12.3.rel1.win32_1.0.200.202406191623/tools/bin/../lib/gcc/arm-none-eabi/12.3.1/../../../../arm-none-eabi/lib/thumb/v7e-m+fp/hard\libc_nano.a(libc_a-freer.o)
                0x0800656c                _free_r
 .text.sbrk_aligned
                0x08006600       0x44 C:/ST/STM32CubeIDE_1.16.1/STM32CubeIDE/plugins/com.st.stm32cube.ide.mcu.externaltools.gnu-tools-for-stm32.12.3.rel1.win32_1.0.200.202406191623/tools/bin/../lib/gcc/arm-none-eabi/12.3.1/../../../../arm-none-eabi/lib/thumb/v7e-m+fp/hard\libc_nano.a(libc_a-mallocr.o)
 .text._malloc_r
                0x08006644      0x100 C:/ST/STM32CubeIDE_1.16.1/STM32CubeIDE/plugins/com.st.stm32cube.ide.mcu.externaltools.gnu-tools-for-stm32.12.3.rel1.win32_1.0.200.202406191623/tools/bin/../lib/gcc/arm-none-eabi/12.3.1/../../../../arm-none-eabi/lib/thumb/v7e-m+fp/hard\libc_nano.a(libc_a-mallocr.o)
                0x08006644                _malloc_r
 .text.__malloc_lock
                0x08006744        0xc C:/ST/STM32CubeIDE_1.16.1/STM32CubeIDE/plugins/com.st.stm32cube.ide.mcu.externaltools.gnu-tools-for-stm32.12.3.rel1.win32_1.0.200.202406191623/tools/bin/../lib/gcc/arm-none-eabi/12.3.1/../../../../arm-none-eabi/lib/thumb/v7e-m+fp/hard\libc_nano.a(libc_a-mlock.o)
                0x08006744                __malloc_lock
 .text.__malloc_unlock
                0x08006750        0xc C:/ST/STM32CubeIDE_1.16.1/STM32CubeIDE/plugins/com.st.stm32cube.ide.mcu.externaltools.gnu-tools-for-stm32.12.3.rel1.win32_1.0.200.202406191623/tools/bin/../lib/gcc/arm-none-eabi/12.3.1/../../../../arm-none-eabi/lib/thumb/v7e-m+fp/hard\libc_nano.a(libc_a-mlock.o)
                0x08006750                __malloc_unlock
 .text.__ssputs_r
                0x0800675c       0xb6 C:/ST/STM32CubeIDE_1.16.1/STM32CubeIDE/plugins/com.st.stm32cube.ide.mcu.externaltools.gnu-tools-for-stm32.12.3.rel1.win32_1.0.200.202406191623/tools/bin/../lib/gcc/arm-none-eabi/12.3.1/../../../../arm-none-eabi/lib/thumb/v7e-m+fp/hard\libc_nano.a(libc_a-nano-svfprintf.o)
                0x0800675c                __ssputs_r
 *fill*         0x08006812        0x2 
 .text._svfprintf_r
                0x08006814      0x1f8 C:/ST/STM32CubeIDE_1.16.1/STM32CubeIDE/plugins/com.st.stm32cube.ide.mcu.externaltools.gnu-tools-for-stm32.12.3.rel1.win32_1.0.200.202406191623/tools/bin/../lib/gcc/arm-none-eabi/12.3.1/../../../../arm-none-eabi/lib/thumb/v7e-m+fp/hard\libc_nano.a(libc_a-nano-svfprintf.o)
                0x08006814                _svfiprintf_r
                0x08006814                _svfprintf_r
 .text._printf_common
                0x08006a0c       0xda C:/ST/STM32CubeIDE_1.16.1/STM32CubeIDE/plugins/com.st.stm32cube.ide.mcu.externaltools.gnu-tools-for-stm32.12.3.rel1.win32_1.0.200.202406191623/tools/bin/../lib/gcc/arm-none-eabi/12.3.1/../../../../arm-none-eabi/lib/thumb/v7e-m+fp/hard\libc_nano.a(libc_a-nano-vfprintf_i.o)
                0x08006a0c                _printf_common
 *fill*         0x08006ae6        0x2 
 .text._printf_i
                0x08006ae8      0x240 C:/ST/STM32CubeIDE_1.16.1/STM32CubeIDE/plugins/com.st.stm32cube.ide.mcu.externaltools.gnu-tools-for-stm32.12.3.rel1.win32_1.0.200.202406191623/tools/bin/../lib/gcc/arm-none-eabi/12.3.1/../../../../arm-none-eabi/lib/thumb/v7e-m+fp/hard\libc_nano.a(libc_a-nano-vfprintf_i.o)
                0x08006ae8                _printf_i
 .text.memmove  0x08006d28       0x34 C:/ST/STM32CubeIDE_1.16.1/STM32CubeIDE/plugins/com.st.stm32cube.ide.mcu.externaltools.gnu-tools-for-stm32.12.3.rel1.win32_1.0.200.202406191623/tools/bin/../lib/gcc/arm-none-eabi/12.3.1/../../../../arm-none-eabi/lib/thumb/v7e-m+fp/hard\libc_nano.a(libc_a-memmove.o)
                0x08006d28                memmove
 .text._sbrk_r  0x08006d5c       0x20 C:/ST/STM32CubeIDE_1.16.1/STM32CubeIDE/plugins/com.st.stm32cube.ide.mcu.externaltools.gnu-tools-for-stm32.12.3.rel1.win32_1.0.200.202406191623/tools/bin/../lib/gcc/arm-none-eabi/12.3.1/../../../../arm-none-eabi/lib/thumb/v7e-m+fp/hard\libc_nano.a(libc_a-sbrkr.o)
                0x08006d5c                _sbrk_r
 .text._realloc_r
                0x08006d7c       0x5c C:/ST/STM32CubeIDE_1.16.1/STM32CubeIDE/plugins/com.st.stm32cube.ide.mcu.externaltools.gnu-tools-for-stm32.12.3.rel1.win32_1.0.200.202406191623/tools/bin/../lib/gcc/arm-none-eabi/12.3.1/../../../../arm-none-eabi/lib/thumb/v7e-m+fp/hard\libc_nano.a(libc_a-reallocr.o)
                0x08006d7c                _realloc_r
 .text._malloc_usable_size_r
                0x08006dd8       0x10 C:/ST/STM32CubeIDE_1.16.1/STM32CubeIDE/plugins/com.st.stm32cube.ide.mcu.externaltools.gnu-tools-for-stm32.12.3.rel1.win32_1.0.200.202406191623/tools/bin/../lib/gcc/arm-none-eabi/12.3.1/../../../../arm-none-eabi/lib/thumb/v7e-m+fp/hard\libc_nano.a(libc_a-msizer.o)
                0x08006dd8                _malloc_usable_size_r
 *(.glue_7)
 .glue_7        0x08006de8        0x0 linker stubs
 *(.glue_7t)
 .glue_7t       0x08006de8        0x0 linker stubs
 *(.eh_frame)
 .eh_frame      0x08006de8        0x0 C:/ST/STM32CubeIDE_1.16.1/STM32CubeIDE/plugins/com.st.stm32cube.ide.mcu.externaltools.gnu-tools-for-stm32.12.3.rel1.win32_1.0.200.202406191623/tools/bin/../lib/gcc/arm-none-eabi/12.3.1/thumb/v7e-m+fp/hard/crtbegin.o
 *(.init)
 .init          0x08006de8        0x4 C:/ST/STM32CubeIDE_1.16.1/STM32CubeIDE/plugins/com.st.stm32cube.ide.mcu.externaltools.gnu-tools-for-stm32.12.3.rel1.win32_1.0.200.202406191623/tools/bin/../lib/gcc/arm-none-eabi/12.3.1/thumb/v7e-m+fp/hard/crti.o
                0x08006de8                _init
 .init          0x08006dec        0x8 C:/ST/STM32CubeIDE_1.16.1/STM32CubeIDE/plugins/com.st.stm32cube.ide.mcu.externaltools.gnu-tools-for-stm32.12.3.rel1.win32_1.0.200.202406191623/tools/bin/../lib/gcc/arm-none-eabi/12.3.1/thumb/v7e-m+fp/hard/crtn.o
 *(.fini)
 .fini          0x08006df4        0x4 C:/ST/STM32CubeIDE_1.16.1/STM32CubeIDE/plugins/com.st.stm32cube.ide.mcu.externaltools.gnu-tools-for-stm32.12.3.rel1.win32_1.0.200.202406191623/tools/bin/../lib/gcc/arm-none-eabi/12.3.1/thumb/v7e-m+fp/hard/crti.o
                0x08006df4                _fini
 .fini          0x08006df8        0x8 C:/ST/STM32CubeIDE_1.16.1/STM32CubeIDE/plugins/com.st.stm32cube.ide.mcu.externaltools.gnu-tools-for-stm32.12.3.rel1.win32_1.0.200.202406191623/tools/bin/../lib/gcc/arm-none-eabi/12.3.1/thumb/v7e-m+fp/hard/crtn.o
                0x08006e00                        . = ALIGN (0x4)
                0x08006e00                        _etext = .

.vfp11_veneer   0x08006e00        0x0
 .vfp11_veneer  0x08006e00        0x0 linker stubs

.v4_bx          0x08006e00        0x0
 .v4_bx         0x08006e00        0x0 linker stubs

.iplt           0x08006e00        0x0
 .iplt          0x08006e00        0x0 C:/ST/STM32CubeIDE_1.16.1/STM32CubeIDE/plugins/com.st.stm32cube.ide.mcu.externaltools.gnu-tools-for-stm32.12.3.rel1.win32_1.0.200.202406191623/tools/bin/../lib/gcc/arm-none-eabi/12.3.1/thumb/v7e-m+fp/hard/crtbegin.o

.rodata         0x08006e00      0x198
                0x08006e00                        . = ALIGN (0x4)
 *(.rodata)
 .rodata        0x08006e00       0x4c ./Core/Src/main.o
 .rodata        0x08006e4c        0x5 ./ThirdParty/FreeRTOS/tasks.o
 *fill*         0x08006e51        0x3 
 .rodata        0x08006e54        0x8 ./ThirdParty/FreeRTOS/timers.o
 .rodata        0x08006e5c       0x41 ./ThirdParty/SEGGER/Config/SEGGER_SYSVIEW_Config_FreeRTOS.o
 *fill*         0x08006e9d        0x3 
 .rodata        0x08006ea0       0x58 ./ThirdParty/SEGGER/OS/SEGGER_SYSVIEW_FreeRTOS.o
 .rodata        0x08006ef8        0x9 ./ThirdParty/SEGGER/SEGGER/SEGGER_RTT.o
 *fill*         0x08006f01        0x3 
 .rodata        0x08006f04       0x10 ./ThirdParty/SEGGER/SEGGER/SEGGER_SYSVIEW.o
 *(.rodata*)
 .rodata.AHBPrescTable
                0x08006f14       0x10 ./Core/Src/system_stm32f4xx.o
                0x08006f14                AHBPrescTable
 .rodata.APBPrescTable
                0x08006f24        0x8 ./Core/Src/system_stm32f4xx.o
                0x08006f24                APBPrescTable
 .rodata.SYSVIEW_X_OS_TraceAPI
                0x08006f2c        0x8 ./ThirdParty/SEGGER/OS/SEGGER_SYSVIEW_FreeRTOS.o
                0x08006f2c                SYSVIEW_X_OS_TraceAPI
 .rodata._aInitStr.0
                0x08006f34       0x11 ./ThirdParty/SEGGER/SEGGER/SEGGER_RTT.o
 *fill*         0x08006f45        0x3 
 .rodata._abSync
                0x08006f48        0xa ./ThirdParty/SEGGER/SEGGER/SEGGER_SYSVIEW.o
 *fill*         0x08006f52        0x2 
 .rodata._aV2C.0
                0x08006f54       0x10 ./ThirdParty/SEGGER/SEGGER/SEGGER_SYSVIEW.o
 .rodata._svfprintf_r.str1.1
                0x08006f64       0x11 C:/ST/STM32CubeIDE_1.16.1/STM32CubeIDE/plugins/com.st.stm32cube.ide.mcu.externaltools.gnu-tools-for-stm32.12.3.rel1.win32_1.0.200.202406191623/tools/bin/../lib/gcc/arm-none-eabi/12.3.1/../../../../arm-none-eabi/lib/thumb/v7e-m+fp/hard\libc_nano.a(libc_a-nano-svfprintf.o)
 .rodata._printf_i.str1.1
                0x08006f75       0x22 C:/ST/STM32CubeIDE_1.16.1/STM32CubeIDE/plugins/com.st.stm32cube.ide.mcu.externaltools.gnu-tools-for-stm32.12.3.rel1.win32_1.0.200.202406191623/tools/bin/../lib/gcc/arm-none-eabi/12.3.1/../../../../arm-none-eabi/lib/thumb/v7e-m+fp/hard\libc_nano.a(libc_a-nano-vfprintf_i.o)
                0x08006f98                        . = ALIGN (0x4)
 *fill*         0x08006f97        0x1 

.ARM.extab      0x08006f98        0x0
                0x08006f98                        . = ALIGN (0x4)
 *(.ARM.extab* .gnu.linkonce.armextab.*)
                0x08006f98                        . = ALIGN (0x4)

.ARM            0x08006f98        0x8
                0x08006f98                        . = ALIGN (0x4)
                0x08006f98                        __exidx_start = .
 *(.ARM.exidx*)
 .ARM.exidx     0x08006f98        0x8 C:/ST/STM32CubeIDE_1.16.1/STM32CubeIDE/plugins/com.st.stm32cube.ide.mcu.externaltools.gnu-tools-for-stm32.12.3.rel1.win32_1.0.200.202406191623/tools/bin/../lib/gcc/arm-none-eabi/12.3.1/../../../../arm-none-eabi/lib/thumb/v7e-m+fp/hard\libc_nano.a(libc_a-memchr.o)
 .ARM.exidx     0x08006fa0        0x0 C:/ST/STM32CubeIDE_1.16.1/STM32CubeIDE/plugins/com.st.stm32cube.ide.mcu.externaltools.gnu-tools-for-stm32.12.3.rel1.win32_1.0.200.202406191623/tools/bin/../lib/gcc/arm-none-eabi/12.3.1/thumb/v7e-m+fp/hard\libgcc.a(_udivmoddi4.o)
                                  0x8 (size before relaxing)
                0x08006fa0                        __exidx_end = .
                0x08006fa0                        . = ALIGN (0x4)

.preinit_array  0x08006fa0        0x0
                0x08006fa0                        . = ALIGN (0x4)
                0x08006fa0                        PROVIDE (__preinit_array_start = .)
 *(.preinit_array*)
                0x08006fa0                        PROVIDE (__preinit_array_end = .)
                0x08006fa0                        . = ALIGN (0x4)

.init_array     0x08006fa0        0x4
                0x08006fa0                        . = ALIGN (0x4)
                0x08006fa0                        PROVIDE (__init_array_start = .)
 *(SORT_BY_NAME(.init_array.*))
 *(.init_array*)
 .init_array    0x08006fa0        0x4 C:/ST/STM32CubeIDE_1.16.1/STM32CubeIDE/plugins/com.st.stm32cube.ide.mcu.externaltools.gnu-tools-for-stm32.12.3.rel1.win32_1.0.200.202406191623/tools/bin/../lib/gcc/arm-none-eabi/12.3.1/thumb/v7e-m+fp/hard/crtbegin.o
                0x08006fa4                        PROVIDE (__init_array_end = .)
                0x08006fa4                        . = ALIGN (0x4)

.fini_array     0x08006fa4        0x4
                0x08006fa4                        . = ALIGN (0x4)
                [!provide]                        PROVIDE (__fini_array_start = .)
 *(SORT_BY_NAME(.fini_array.*))
 *(.fini_array*)
 .fini_array    0x08006fa4        0x4 C:/ST/STM32CubeIDE_1.16.1/STM32CubeIDE/plugins/com.st.stm32cube.ide.mcu.externaltools.gnu-tools-for-stm32.12.3.rel1.win32_1.0.200.202406191623/tools/bin/../lib/gcc/arm-none-eabi/12.3.1/thumb/v7e-m+fp/hard/crtbegin.o
                [!provide]                        PROVIDE (__fini_array_end = .)
                0x08006fa8                        . = ALIGN (0x4)
                0x08006fa8                        _sidata = LOADADDR (.data)

.rel.dyn        0x08006fa8        0x0
 .rel.iplt      0x08006fa8        0x0 C:/ST/STM32CubeIDE_1.16.1/STM32CubeIDE/plugins/com.st.stm32cube.ide.mcu.externaltools.gnu-tools-for-stm32.12.3.rel1.win32_1.0.200.202406191623/tools/bin/../lib/gcc/arm-none-eabi/12.3.1/thumb/v7e-m+fp/hard/crtbegin.o

.data           0x20000000       0x64 load address 0x08006fa8
                0x20000000                        . = ALIGN (0x4)
                0x20000000                        _sdata = .
 *(.data)
 *(.data*)
 .data.SystemCoreClock
                0x20000000        0x4 ./Core/Src/system_stm32f4xx.o
                0x20000000                SystemCoreClock
 .data.uwTickPrio
                0x20000004        0x4 ./Drivers/STM32F4xx_HAL_Driver/Src/stm32f4xx_hal.o
                0x20000004                uwTickPrio
 .data.uwTickFreq
                0x20000008        0x1 ./Drivers/STM32F4xx_HAL_Driver/Src/stm32f4xx_hal.o
                0x20000008                uwTickFreq
 *fill*         0x20000009        0x3 
 .data.uxTopUsedPriority
                0x2000000c        0x4 ./ThirdParty/FreeRTOS/tasks.o
                0x2000000c                uxTopUsedPriority
 .data.uxCriticalNesting
                0x20000010        0x4 ./ThirdParty/FreeRTOS/portable/GCC/ARM_CM4F/port.o
 .data._impure_ptr
                0x20000014        0x4 C:/ST/STM32CubeIDE_1.16.1/STM32CubeIDE/plugins/com.st.stm32cube.ide.mcu.externaltools.gnu-tools-for-stm32.12.3.rel1.win32_1.0.200.202406191623/tools/bin/../lib/gcc/arm-none-eabi/12.3.1/../../../../arm-none-eabi/lib/thumb/v7e-m+fp/hard\libc_nano.a(libc_a-impure.o)
                0x20000014                _impure_ptr
 .data._impure_data
                0x20000018       0x4c C:/ST/STM32CubeIDE_1.16.1/STM32CubeIDE/plugins/com.st.stm32cube.ide.mcu.externaltools.gnu-tools-for-stm32.12.3.rel1.win32_1.0.200.202406191623/tools/bin/../lib/gcc/arm-none-eabi/12.3.1/../../../../arm-none-eabi/lib/thumb/v7e-m+fp/hard\libc_nano.a(libc_a-impure.o)
                0x20000018                _impure_data
 *(.RamFunc)
 *(.RamFunc*)
                0x20000064                        . = ALIGN (0x4)
                0x20000064                        _edata = .

.igot.plt       0x20000064        0x0 load address 0x0800700c
 .igot.plt      0x20000064        0x0 C:/ST/STM32CubeIDE_1.16.1/STM32CubeIDE/plugins/com.st.stm32cube.ide.mcu.externaltools.gnu-tools-for-stm32.12.3.rel1.win32_1.0.200.202406191623/tools/bin/../lib/gcc/arm-none-eabi/12.3.1/thumb/v7e-m+fp/hard/crtbegin.o
                0x20000064                        . = ALIGN (0x4)

.bss            0x20000064     0x55a0 load address 0x0800700c
                0x20000064                        _sbss = .
                0x20000064                        __bss_start__ = _sbss
 *(.bss)
 .bss           0x20000064       0x1c C:/ST/STM32CubeIDE_1.16.1/STM32CubeIDE/plugins/com.st.stm32cube.ide.mcu.externaltools.gnu-tools-for-stm32.12.3.rel1.win32_1.0.200.202406191623/tools/bin/../lib/gcc/arm-none-eabi/12.3.1/thumb/v7e-m+fp/hard/crtbegin.o
 *(.bss*)
 .bss.task1_handle
                0x20000080        0x4 ./Core/Src/main.o
                0x20000080                task1_handle
 .bss.task2_handle
                0x20000084        0x4 ./Core/Src/main.o
                0x20000084                task2_handle
 .bss.task3_handle
                0x20000088        0x4 ./Core/Src/main.o
                0x20000088                task3_handle
 .bss.task_btn_handle
                0x2000008c        0x4 ./Core/Src/main.o
                0x2000008c                task_btn_handle
 .bss.status    0x20000090        0x4 ./Core/Src/main.o
                0x20000090                status
 .bss.next_task_handle
                0x20000094        0x4 ./Core/Src/main.o
                0x20000094                next_task_handle
 .bss.htim5     0x20000098       0x48 ./Core/Src/stm32f4xx_hal_timebase_tim.o
                0x20000098                htim5
 .bss.__sbrk_heap_end
                0x200000e0        0x4 ./Core/Src/sysmem.o
 .bss.uwTick    0x200000e4        0x4 ./Drivers/STM32F4xx_HAL_Driver/Src/stm32f4xx_hal.o
                0x200000e4                uwTick
 .bss.ucHeap    0x200000e8     0x3c00 ./ThirdParty/FreeRTOS/MemMang/heap_4.o
 .bss.xStart    0x20003ce8        0x8 ./ThirdParty/FreeRTOS/MemMang/heap_4.o
 .bss.pxEnd     0x20003cf0        0x4 ./ThirdParty/FreeRTOS/MemMang/heap_4.o
 .bss.xFreeBytesRemaining
                0x20003cf4        0x4 ./ThirdParty/FreeRTOS/MemMang/heap_4.o
 .bss.xMinimumEverFreeBytesRemaining
                0x20003cf8        0x4 ./ThirdParty/FreeRTOS/MemMang/heap_4.o
 .bss.xNumberOfSuccessfulAllocations
                0x20003cfc        0x4 ./ThirdParty/FreeRTOS/MemMang/heap_4.o
 .bss.xNumberOfSuccessfulFrees
                0x20003d00        0x4 ./ThirdParty/FreeRTOS/MemMang/heap_4.o
 .bss.pxCurrentTCB
                0x20003d04        0x4 ./ThirdParty/FreeRTOS/tasks.o
                0x20003d04                pxCurrentTCB
 .bss.pxReadyTasksLists
                0x20003d08       0x64 ./ThirdParty/FreeRTOS/tasks.o
 .bss.xDelayedTaskList1
                0x20003d6c       0x14 ./ThirdParty/FreeRTOS/tasks.o
 .bss.xDelayedTaskList2
                0x20003d80       0x14 ./ThirdParty/FreeRTOS/tasks.o
 .bss.pxDelayedTaskList
                0x20003d94        0x4 ./ThirdParty/FreeRTOS/tasks.o
 .bss.pxOverflowDelayedTaskList
                0x20003d98        0x4 ./ThirdParty/FreeRTOS/tasks.o
 .bss.xPendingReadyList
                0x20003d9c       0x14 ./ThirdParty/FreeRTOS/tasks.o
 .bss.xTasksWaitingTermination
                0x20003db0       0x14 ./ThirdParty/FreeRTOS/tasks.o
 .bss.uxDeletedTasksWaitingCleanUp
                0x20003dc4        0x4 ./ThirdParty/FreeRTOS/tasks.o
 .bss.xSuspendedTaskList
                0x20003dc8       0x14 ./ThirdParty/FreeRTOS/tasks.o
 .bss.uxCurrentNumberOfTasks
                0x20003ddc        0x4 ./ThirdParty/FreeRTOS/tasks.o
 .bss.xTickCount
                0x20003de0        0x4 ./ThirdParty/FreeRTOS/tasks.o
 .bss.uxTopReadyPriority
                0x20003de4        0x4 ./ThirdParty/FreeRTOS/tasks.o
 .bss.xSchedulerRunning
                0x20003de8        0x4 ./ThirdParty/FreeRTOS/tasks.o
 .bss.xPendedTicks
                0x20003dec        0x4 ./ThirdParty/FreeRTOS/tasks.o
 .bss.xYieldPending
                0x20003df0        0x4 ./ThirdParty/FreeRTOS/tasks.o
 .bss.xNumOfOverflows
                0x20003df4        0x4 ./ThirdParty/FreeRTOS/tasks.o
 .bss.uxTaskNumber
                0x20003df8        0x4 ./ThirdParty/FreeRTOS/tasks.o
 .bss.xNextTaskUnblockTime
                0x20003dfc        0x4 ./ThirdParty/FreeRTOS/tasks.o
 .bss.xIdleTaskHandle
                0x20003e00        0x4 ./ThirdParty/FreeRTOS/tasks.o
 .bss.uxSchedulerSuspended
                0x20003e04        0x4 ./ThirdParty/FreeRTOS/tasks.o
 .bss.xActiveTimerList1
                0x20003e08       0x14 ./ThirdParty/FreeRTOS/timers.o
 .bss.xActiveTimerList2
                0x20003e1c       0x14 ./ThirdParty/FreeRTOS/timers.o
 .bss.pxCurrentTimerList
                0x20003e30        0x4 ./ThirdParty/FreeRTOS/timers.o
 .bss.pxOverflowTimerList
                0x20003e34        0x4 ./ThirdParty/FreeRTOS/timers.o
 .bss.xTimerQueue
                0x20003e38        0x4 ./ThirdParty/FreeRTOS/timers.o
 .bss.xTimerTaskHandle
                0x20003e3c        0x4 ./ThirdParty/FreeRTOS/timers.o
 .bss.xLastTime.0
                0x20003e40        0x4 ./ThirdParty/FreeRTOS/timers.o
 .bss._aTasks   0x20003e44       0xa0 ./ThirdParty/SEGGER/OS/SEGGER_SYSVIEW_FreeRTOS.o
 .bss._NumTasks
                0x20003ee4        0x4 ./ThirdParty/SEGGER/OS/SEGGER_SYSVIEW_FreeRTOS.o
 .bss._SEGGER_RTT
                0x20003ee8       0xa8 ./ThirdParty/SEGGER/SEGGER/SEGGER_RTT.o
                0x20003ee8                _SEGGER_RTT
 .bss._acUpBuffer
                0x20003f90      0x400 ./ThirdParty/SEGGER/SEGGER/SEGGER_RTT.o
 .bss._acDownBuffer
                0x20004390       0x10 ./ThirdParty/SEGGER/SEGGER/SEGGER_RTT.o
 .bss._UpBuffer
                0x200043a0     0x1000 ./ThirdParty/SEGGER/SEGGER/SEGGER_SYSVIEW.o
 .bss._DownBuffer
                0x200053a0        0x8 ./ThirdParty/SEGGER/SEGGER/SEGGER_SYSVIEW.o
 .bss._SYSVIEW_Globals
                0x200053a8       0x28 ./ThirdParty/SEGGER/SEGGER/SEGGER_SYSVIEW.o
 .bss._pFirstModule
                0x200053d0        0x4 ./ThirdParty/SEGGER/SEGGER/SEGGER_SYSVIEW.o
 .bss._NumModules
                0x200053d4        0x1 ./ThirdParty/SEGGER/SEGGER/SEGGER_SYSVIEW.o
 *fill*         0x200053d5        0x3 
 .bss._aPacket  0x200053d8       0xe3 ./ThirdParty/SEGGER/SEGGER/SEGGER_SYSVIEW.o
 *fill*         0x200054bb        0x1 
 .bss.__sf      0x200054bc      0x138 C:/ST/STM32CubeIDE_1.16.1/STM32CubeIDE/plugins/com.st.stm32cube.ide.mcu.externaltools.gnu-tools-for-stm32.12.3.rel1.win32_1.0.200.202406191623/tools/bin/../lib/gcc/arm-none-eabi/12.3.1/../../../../arm-none-eabi/lib/thumb/v7e-m+fp/hard\libc_nano.a(libc_a-findfp.o)
                0x200054bc                __sf
 .bss.errno     0x200055f4        0x4 C:/ST/STM32CubeIDE_1.16.1/STM32CubeIDE/plugins/com.st.stm32cube.ide.mcu.externaltools.gnu-tools-for-stm32.12.3.rel1.win32_1.0.200.202406191623/tools/bin/../lib/gcc/arm-none-eabi/12.3.1/../../../../arm-none-eabi/lib/thumb/v7e-m+fp/hard\libc_nano.a(libc_a-reent.o)
                0x200055f4                errno
 .bss.__lock___malloc_recursive_mutex
                0x200055f8        0x1 C:/ST/STM32CubeIDE_1.16.1/STM32CubeIDE/plugins/com.st.stm32cube.ide.mcu.externaltools.gnu-tools-for-stm32.12.3.rel1.win32_1.0.200.202406191623/tools/bin/../lib/gcc/arm-none-eabi/12.3.1/../../../../arm-none-eabi/lib/thumb/v7e-m+fp/hard\libc_nano.a(libc_a-lock.o)
                0x200055f8                __lock___malloc_recursive_mutex
 *fill*         0x200055f9        0x3 
 .bss.__malloc_sbrk_start
                0x200055fc        0x4 C:/ST/STM32CubeIDE_1.16.1/STM32CubeIDE/plugins/com.st.stm32cube.ide.mcu.externaltools.gnu-tools-for-stm32.12.3.rel1.win32_1.0.200.202406191623/tools/bin/../lib/gcc/arm-none-eabi/12.3.1/../../../../arm-none-eabi/lib/thumb/v7e-m+fp/hard\libc_nano.a(libc_a-mallocr.o)
                0x200055fc                __malloc_sbrk_start
 .bss.__malloc_free_list
                0x20005600        0x4 C:/ST/STM32CubeIDE_1.16.1/STM32CubeIDE/plugins/com.st.stm32cube.ide.mcu.externaltools.gnu-tools-for-stm32.12.3.rel1.win32_1.0.200.202406191623/tools/bin/../lib/gcc/arm-none-eabi/12.3.1/../../../../arm-none-eabi/lib/thumb/v7e-m+fp/hard\libc_nano.a(libc_a-mallocr.o)
                0x20005600                __malloc_free_list
 *(COMMON)
                0x20005604                        . = ALIGN (0x4)
                0x20005604                        _ebss = .
                0x20005604                        __bss_end__ = _ebss

._user_heap_stack
                0x20005604      0x604 load address 0x0800700c
                0x20005608                        . = ALIGN (0x8)
 *fill*         0x20005604        0x4 
                [!provide]                        PROVIDE (end = .)
                0x20005608                        PROVIDE (_end = .)
                0x20005808                        . = (. + _Min_Heap_Size)
 *fill*         0x20005608      0x200 
                0x20005c08                        . = (. + _Min_Stack_Size)
 *fill*         0x20005808      0x400 
                0x20005c08                        . = ALIGN (0x8)

/DISCARD/
 libc.a(*)
 libm.a(*)
 libgcc.a(*)

.ARM.attributes
                0x00000000       0x30
 *(.ARM.attributes)
 .ARM.attributes
                0x00000000       0x22 C:/ST/STM32CubeIDE_1.16.1/STM32CubeIDE/plugins/com.st.stm32cube.ide.mcu.externaltools.gnu-tools-for-stm32.12.3.rel1.win32_1.0.200.202406191623/tools/bin/../lib/gcc/arm-none-eabi/12.3.1/thumb/v7e-m+fp/hard/crti.o
 .ARM.attributes
                0x00000022       0x34 C:/ST/STM32CubeIDE_1.16.1/STM32CubeIDE/plugins/com.st.stm32cube.ide.mcu.externaltools.gnu-tools-for-stm32.12.3.rel1.win32_1.0.200.202406191623/tools/bin/../lib/gcc/arm-none-eabi/12.3.1/thumb/v7e-m+fp/hard/crtbegin.o
 .ARM.attributes
                0x00000056       0x34 ./Core/Src/main.o
 .ARM.attributes
                0x0000008a       0x34 ./Core/Src/stm32f4xx_hal_msp.o
 .ARM.attributes
                0x000000be       0x34 ./Core/Src/stm32f4xx_hal_timebase_tim.o
 .ARM.attributes
                0x000000f2       0x34 ./Core/Src/stm32f4xx_it.o
 .ARM.attributes
                0x00000126       0x34 ./Core/Src/sysmem.o
 .ARM.attributes
                0x0000015a       0x34 ./Core/Src/system_stm32f4xx.o
 .ARM.attributes
                0x0000018e       0x21 ./Core/Startup/startup_stm32f401ccux.o
 .ARM.attributes
                0x000001af       0x34 ./Drivers/STM32F4xx_HAL_Driver/Src/stm32f4xx_hal.o
 .ARM.attributes
                0x000001e3       0x34 ./Drivers/STM32F4xx_HAL_Driver/Src/stm32f4xx_hal_cortex.o
 .ARM.attributes
                0x00000217       0x34 ./Drivers/STM32F4xx_HAL_Driver/Src/stm32f4xx_hal_gpio.o
 .ARM.attributes
                0x0000024b       0x34 ./Drivers/STM32F4xx_HAL_Driver/Src/stm32f4xx_hal_rcc.o
 .ARM.attributes
                0x0000027f       0x34 ./Drivers/STM32F4xx_HAL_Driver/Src/stm32f4xx_hal_tim.o
 .ARM.attributes
                0x000002b3       0x34 ./Drivers/STM32F4xx_HAL_Driver/Src/stm32f4xx_hal_tim_ex.o
 .ARM.attributes
                0x000002e7       0x34 ./ThirdParty/FreeRTOS/MemMang/heap_4.o
 .ARM.attributes
                0x0000031b       0x34 ./ThirdParty/FreeRTOS/list.o
 .ARM.attributes
                0x0000034f       0x34 ./ThirdParty/FreeRTOS/queue.o
 .ARM.attributes
                0x00000383       0x34 ./ThirdParty/FreeRTOS/tasks.o
 .ARM.attributes
                0x000003b7       0x34 ./ThirdParty/FreeRTOS/timers.o
 .ARM.attributes
                0x000003eb       0x34 ./ThirdParty/FreeRTOS/portable/GCC/ARM_CM4F/port.o
 .ARM.attributes
                0x0000041f       0x34 ./ThirdParty/SEGGER/Config/SEGGER_SYSVIEW_Config_FreeRTOS.o
 .ARM.attributes
                0x00000453       0x34 ./ThirdParty/SEGGER/OS/SEGGER_SYSVIEW_FreeRTOS.o
 .ARM.attributes
                0x00000487       0x34 ./ThirdParty/SEGGER/SEGGER/SEGGER_RTT.o
 .ARM.attributes
                0x000004bb       0x20 ./ThirdParty/SEGGER/SEGGER/SEGGER_RTT_ASM_ARMv7M.o
 .ARM.attributes
                0x000004db       0x34 ./ThirdParty/SEGGER/SEGGER/SEGGER_SYSVIEW.o
 .ARM.attributes
                0x0000050f       0x34 C:/ST/STM32CubeIDE_1.16.1/STM32CubeIDE/plugins/com.st.stm32cube.ide.mcu.externaltools.gnu-tools-for-stm32.12.3.rel1.win32_1.0.200.202406191623/tools/bin/../lib/gcc/arm-none-eabi/12.3.1/../../../../arm-none-eabi/lib/thumb/v7e-m+fp/hard\libc_nano.a(libc_a-findfp.o)
 .ARM.attributes
                0x00000543       0x34 C:/ST/STM32CubeIDE_1.16.1/STM32CubeIDE/plugins/com.st.stm32cube.ide.mcu.externaltools.gnu-tools-for-stm32.12.3.rel1.win32_1.0.200.202406191623/tools/bin/../lib/gcc/arm-none-eabi/12.3.1/../../../../arm-none-eabi/lib/thumb/v7e-m+fp/hard\libc_nano.a(libc_a-snprintf.o)
 .ARM.attributes
                0x00000577       0x34 C:/ST/STM32CubeIDE_1.16.1/STM32CubeIDE/plugins/com.st.stm32cube.ide.mcu.externaltools.gnu-tools-for-stm32.12.3.rel1.win32_1.0.200.202406191623/tools/bin/../lib/gcc/arm-none-eabi/12.3.1/../../../../arm-none-eabi/lib/thumb/v7e-m+fp/hard\libc_nano.a(libc_a-memcmp.o)
 .ARM.attributes
                0x000005ab       0x34 C:/ST/STM32CubeIDE_1.16.1/STM32CubeIDE/plugins/com.st.stm32cube.ide.mcu.externaltools.gnu-tools-for-stm32.12.3.rel1.win32_1.0.200.202406191623/tools/bin/../lib/gcc/arm-none-eabi/12.3.1/../../../../arm-none-eabi/lib/thumb/v7e-m+fp/hard\libc_nano.a(libc_a-memset.o)
 .ARM.attributes
                0x000005df       0x34 C:/ST/STM32CubeIDE_1.16.1/STM32CubeIDE/plugins/com.st.stm32cube.ide.mcu.externaltools.gnu-tools-for-stm32.12.3.rel1.win32_1.0.200.202406191623/tools/bin/../lib/gcc/arm-none-eabi/12.3.1/../../../../arm-none-eabi/lib/thumb/v7e-m+fp/hard\libc_nano.a(libc_a-reent.o)
 .ARM.attributes
                0x00000613       0x34 C:/ST/STM32CubeIDE_1.16.1/STM32CubeIDE/plugins/com.st.stm32cube.ide.mcu.externaltools.gnu-tools-for-stm32.12.3.rel1.win32_1.0.200.202406191623/tools/bin/../lib/gcc/arm-none-eabi/12.3.1/../../../../arm-none-eabi/lib/thumb/v7e-m+fp/hard\libc_nano.a(libc_a-impure.o)
 .ARM.attributes
                0x00000647       0x34 C:/ST/STM32CubeIDE_1.16.1/STM32CubeIDE/plugins/com.st.stm32cube.ide.mcu.externaltools.gnu-tools-for-stm32.12.3.rel1.win32_1.0.200.202406191623/tools/bin/../lib/gcc/arm-none-eabi/12.3.1/../../../../arm-none-eabi/lib/thumb/v7e-m+fp/hard\libc_nano.a(libc_a-errno.o)
 .ARM.attributes
                0x0000067b       0x34 C:/ST/STM32CubeIDE_1.16.1/STM32CubeIDE/plugins/com.st.stm32cube.ide.mcu.externaltools.gnu-tools-for-stm32.12.3.rel1.win32_1.0.200.202406191623/tools/bin/../lib/gcc/arm-none-eabi/12.3.1/../../../../arm-none-eabi/lib/thumb/v7e-m+fp/hard\libc_nano.a(libc_a-init.o)
 .ARM.attributes
                0x000006af       0x34 C:/ST/STM32CubeIDE_1.16.1/STM32CubeIDE/plugins/com.st.stm32cube.ide.mcu.externaltools.gnu-tools-for-stm32.12.3.rel1.win32_1.0.200.202406191623/tools/bin/../lib/gcc/arm-none-eabi/12.3.1/../../../../arm-none-eabi/lib/thumb/v7e-m+fp/hard\libc_nano.a(libc_a-lock.o)
 .ARM.attributes
                0x000006e3       0x34 C:/ST/STM32CubeIDE_1.16.1/STM32CubeIDE/plugins/com.st.stm32cube.ide.mcu.externaltools.gnu-tools-for-stm32.12.3.rel1.win32_1.0.200.202406191623/tools/bin/../lib/gcc/arm-none-eabi/12.3.1/../../../../arm-none-eabi/lib/thumb/v7e-m+fp/hard\libc_nano.a(libc_a-memcpy-stub.o)
 .ARM.attributes
                0x00000717       0x34 C:/ST/STM32CubeIDE_1.16.1/STM32CubeIDE/plugins/com.st.stm32cube.ide.mcu.externaltools.gnu-tools-for-stm32.12.3.rel1.win32_1.0.200.202406191623/tools/bin/../lib/gcc/arm-none-eabi/12.3.1/../../../../arm-none-eabi/lib/thumb/v7e-m+fp/hard\libc_nano.a(libc_a-freer.o)
 .ARM.attributes
                0x0000074b       0x34 C:/ST/STM32CubeIDE_1.16.1/STM32CubeIDE/plugins/com.st.stm32cube.ide.mcu.externaltools.gnu-tools-for-stm32.12.3.rel1.win32_1.0.200.202406191623/tools/bin/../lib/gcc/arm-none-eabi/12.3.1/../../../../arm-none-eabi/lib/thumb/v7e-m+fp/hard\libc_nano.a(libc_a-mallocr.o)
 .ARM.attributes
                0x0000077f       0x34 C:/ST/STM32CubeIDE_1.16.1/STM32CubeIDE/plugins/com.st.stm32cube.ide.mcu.externaltools.gnu-tools-for-stm32.12.3.rel1.win32_1.0.200.202406191623/tools/bin/../lib/gcc/arm-none-eabi/12.3.1/../../../../arm-none-eabi/lib/thumb/v7e-m+fp/hard\libc_nano.a(libc_a-mlock.o)
 .ARM.attributes
                0x000007b3       0x34 C:/ST/STM32CubeIDE_1.16.1/STM32CubeIDE/plugins/com.st.stm32cube.ide.mcu.externaltools.gnu-tools-for-stm32.12.3.rel1.win32_1.0.200.202406191623/tools/bin/../lib/gcc/arm-none-eabi/12.3.1/../../../../arm-none-eabi/lib/thumb/v7e-m+fp/hard\libc_nano.a(libc_a-nano-svfprintf.o)
 .ARM.attributes
                0x000007e7       0x34 C:/ST/STM32CubeIDE_1.16.1/STM32CubeIDE/plugins/com.st.stm32cube.ide.mcu.externaltools.gnu-tools-for-stm32.12.3.rel1.win32_1.0.200.202406191623/tools/bin/../lib/gcc/arm-none-eabi/12.3.1/../../../../arm-none-eabi/lib/thumb/v7e-m+fp/hard\libc_nano.a(libc_a-nano-vfprintf_i.o)
 .ARM.attributes
                0x0000081b       0x34 C:/ST/STM32CubeIDE_1.16.1/STM32CubeIDE/plugins/com.st.stm32cube.ide.mcu.externaltools.gnu-tools-for-stm32.12.3.rel1.win32_1.0.200.202406191623/tools/bin/../lib/gcc/arm-none-eabi/12.3.1/../../../../arm-none-eabi/lib/thumb/v7e-m+fp/hard\libc_nano.a(libc_a-memmove.o)
 .ARM.attributes
                0x0000084f       0x34 C:/ST/STM32CubeIDE_1.16.1/STM32CubeIDE/plugins/com.st.stm32cube.ide.mcu.externaltools.gnu-tools-for-stm32.12.3.rel1.win32_1.0.200.202406191623/tools/bin/../lib/gcc/arm-none-eabi/12.3.1/../../../../arm-none-eabi/lib/thumb/v7e-m+fp/hard\libc_nano.a(libc_a-sbrkr.o)
 .ARM.attributes
                0x00000883       0x1c C:/ST/STM32CubeIDE_1.16.1/STM32CubeIDE/plugins/com.st.stm32cube.ide.mcu.externaltools.gnu-tools-for-stm32.12.3.rel1.win32_1.0.200.202406191623/tools/bin/../lib/gcc/arm-none-eabi/12.3.1/../../../../arm-none-eabi/lib/thumb/v7e-m+fp/hard\libc_nano.a(libc_a-memchr.o)
 .ARM.attributes
                0x0000089f       0x34 C:/ST/STM32CubeIDE_1.16.1/STM32CubeIDE/plugins/com.st.stm32cube.ide.mcu.externaltools.gnu-tools-for-stm32.12.3.rel1.win32_1.0.200.202406191623/tools/bin/../lib/gcc/arm-none-eabi/12.3.1/../../../../arm-none-eabi/lib/thumb/v7e-m+fp/hard\libc_nano.a(libc_a-reallocr.o)
 .ARM.attributes
                0x000008d3       0x34 C:/ST/STM32CubeIDE_1.16.1/STM32CubeIDE/plugins/com.st.stm32cube.ide.mcu.externaltools.gnu-tools-for-stm32.12.3.rel1.win32_1.0.200.202406191623/tools/bin/../lib/gcc/arm-none-eabi/12.3.1/../../../../arm-none-eabi/lib/thumb/v7e-m+fp/hard\libc_nano.a(libc_a-msizer.o)
 .ARM.attributes
                0x00000907       0x22 C:/ST/STM32CubeIDE_1.16.1/STM32CubeIDE/plugins/com.st.stm32cube.ide.mcu.externaltools.gnu-tools-for-stm32.12.3.rel1.win32_1.0.200.202406191623/tools/bin/../lib/gcc/arm-none-eabi/12.3.1/thumb/v7e-m+fp/hard\libgcc.a(_aeabi_uldivmod.o)
 .ARM.attributes
                0x00000929       0x34 C:/ST/STM32CubeIDE_1.16.1/STM32CubeIDE/plugins/com.st.stm32cube.ide.mcu.externaltools.gnu-tools-for-stm32.12.3.rel1.win32_1.0.200.202406191623/tools/bin/../lib/gcc/arm-none-eabi/12.3.1/thumb/v7e-m+fp/hard\libgcc.a(_udivmoddi4.o)
 .ARM.attributes
                0x0000095d       0x22 C:/ST/STM32CubeIDE_1.16.1/STM32CubeIDE/plugins/com.st.stm32cube.ide.mcu.externaltools.gnu-tools-for-stm32.12.3.rel1.win32_1.0.200.202406191623/tools/bin/../lib/gcc/arm-none-eabi/12.3.1/thumb/v7e-m+fp/hard\libgcc.a(_dvmd_tls.o)
 .ARM.attributes
                0x0000097f       0x22 C:/ST/STM32CubeIDE_1.16.1/STM32CubeIDE/plugins/com.st.stm32cube.ide.mcu.externaltools.gnu-tools-for-stm32.12.3.rel1.win32_1.0.200.202406191623/tools/bin/../lib/gcc/arm-none-eabi/12.3.1/thumb/v7e-m+fp/hard/crtn.o
OUTPUT(STM32F401_TASK005_FreeRTOS.elf elf32-littlearm)
LOAD linker stubs
LOAD C:/ST/STM32CubeIDE_1.16.1/STM32CubeIDE/plugins/com.st.stm32cube.ide.mcu.externaltools.gnu-tools-for-stm32.12.3.rel1.win32_1.0.200.202406191623/tools/bin/../lib/gcc/arm-none-eabi/12.3.1/../../../../arm-none-eabi/lib/thumb/v7e-m+fp/hard\libc.a
LOAD C:/ST/STM32CubeIDE_1.16.1/STM32CubeIDE/plugins/com.st.stm32cube.ide.mcu.externaltools.gnu-tools-for-stm32.12.3.rel1.win32_1.0.200.202406191623/tools/bin/../lib/gcc/arm-none-eabi/12.3.1/../../../../arm-none-eabi/lib/thumb/v7e-m+fp/hard\libm.a
LOAD C:/ST/STM32CubeIDE_1.16.1/STM32CubeIDE/plugins/com.st.stm32cube.ide.mcu.externaltools.gnu-tools-for-stm32.12.3.rel1.win32_1.0.200.202406191623/tools/bin/../lib/gcc/arm-none-eabi/12.3.1/thumb/v7e-m+fp/hard\libgcc.a

.debug_info     0x00000000    0x12f11
 .debug_info    0x00000000     0x1029 ./Core/Src/main.o
 .debug_info    0x00001029      0x291 ./Core/Src/stm32f4xx_hal_msp.o
 .debug_info    0x000012ba      0xb7d ./Core/Src/stm32f4xx_hal_timebase_tim.o
 .debug_info    0x00001e37      0x6a4 ./Core/Src/stm32f4xx_it.o
 .debug_info    0x000024db      0x168 ./Core/Src/sysmem.o
 .debug_info    0x00002643      0x53e ./Core/Src/system_stm32f4xx.o
 .debug_info    0x00002b81       0x30 ./Core/Startup/startup_stm32f401ccux.o
 .debug_info    0x00002bb1      0x8bb ./Drivers/STM32F4xx_HAL_Driver/Src/stm32f4xx_hal.o
 .debug_info    0x0000346c      0xcf6 ./Drivers/STM32F4xx_HAL_Driver/Src/stm32f4xx_hal_cortex.o
 .debug_info    0x00004162      0x6f9 ./Drivers/STM32F4xx_HAL_Driver/Src/stm32f4xx_hal_gpio.o
 .debug_info    0x0000485b      0x8f1 ./Drivers/STM32F4xx_HAL_Driver/Src/stm32f4xx_hal_rcc.o
 .debug_info    0x0000514c     0x2996 ./Drivers/STM32F4xx_HAL_Driver/Src/stm32f4xx_hal_tim.o
 .debug_info    0x00007ae2     0x14d4 ./Drivers/STM32F4xx_HAL_Driver/Src/stm32f4xx_hal_tim_ex.o
 .debug_info    0x00008fb6      0x4a1 ./ThirdParty/FreeRTOS/MemMang/heap_4.o
 .debug_info    0x00009457      0x2b6 ./ThirdParty/FreeRTOS/list.o
 .debug_info    0x0000970d      0xf94 ./ThirdParty/FreeRTOS/queue.o
 .debug_info    0x0000a6a1     0x1aad ./ThirdParty/FreeRTOS/tasks.o
 .debug_info    0x0000c14e      0xc3b ./ThirdParty/FreeRTOS/timers.o
 .debug_info    0x0000cd89      0x39d ./ThirdParty/FreeRTOS/portable/GCC/ARM_CM4F/port.o
 .debug_info    0x0000d126      0x181 ./ThirdParty/SEGGER/Config/SEGGER_SYSVIEW_Config_FreeRTOS.o
 .debug_info    0x0000d2a7      0x426 ./ThirdParty/SEGGER/OS/SEGGER_SYSVIEW_FreeRTOS.o
 .debug_info    0x0000d6cd     0x14d5 ./ThirdParty/SEGGER/SEGGER/SEGGER_RTT.o
 .debug_info    0x0000eba2       0x25 ./ThirdParty/SEGGER/SEGGER/SEGGER_RTT_ASM_ARMv7M.o
 .debug_info    0x0000ebc7     0x434a ./ThirdParty/SEGGER/SEGGER/SEGGER_SYSVIEW.o

.debug_abbrev   0x00000000     0x2ecf
 .debug_abbrev  0x00000000      0x34b ./Core/Src/main.o
 .debug_abbrev  0x0000034b       0xd8 ./Core/Src/stm32f4xx_hal_msp.o
 .debug_abbrev  0x00000423      0x207 ./Core/Src/stm32f4xx_hal_timebase_tim.o
 .debug_abbrev  0x0000062a      0x190 ./Core/Src/stm32f4xx_it.o
 .debug_abbrev  0x000007ba       0xbc ./Core/Src/sysmem.o
 .debug_abbrev  0x00000876      0x11a ./Core/Src/system_stm32f4xx.o
 .debug_abbrev  0x00000990       0x24 ./Core/Startup/startup_stm32f401ccux.o
 .debug_abbrev  0x000009b4      0x24b ./Drivers/STM32F4xx_HAL_Driver/Src/stm32f4xx_hal.o
 .debug_abbrev  0x00000bff      0x31d ./Drivers/STM32F4xx_HAL_Driver/Src/stm32f4xx_hal_cortex.o
 .debug_abbrev  0x00000f1c      0x1d3 ./Drivers/STM32F4xx_HAL_Driver/Src/stm32f4xx_hal_gpio.o
 .debug_abbrev  0x000010ef      0x2b6 ./Drivers/STM32F4xx_HAL_Driver/Src/stm32f4xx_hal_rcc.o
 .debug_abbrev  0x000013a5      0x28b ./Drivers/STM32F4xx_HAL_Driver/Src/stm32f4xx_hal_tim.o
 .debug_abbrev  0x00001630      0x296 ./Drivers/STM32F4xx_HAL_Driver/Src/stm32f4xx_hal_tim_ex.o
 .debug_abbrev  0x000018c6      0x1f3 ./ThirdParty/FreeRTOS/MemMang/heap_4.o
 .debug_abbrev  0x00001ab9       0xf5 ./ThirdParty/FreeRTOS/list.o
 .debug_abbrev  0x00001bae      0x2a4 ./ThirdParty/FreeRTOS/queue.o
 .debug_abbrev  0x00001e52      0x373 ./ThirdParty/FreeRTOS/tasks.o
 .debug_abbrev  0x000021c5      0x28f ./ThirdParty/FreeRTOS/timers.o
 .debug_abbrev  0x00002454      0x249 ./ThirdParty/FreeRTOS/portable/GCC/ARM_CM4F/port.o
 .debug_abbrev  0x0000269d       0xee ./ThirdParty/SEGGER/Config/SEGGER_SYSVIEW_Config_FreeRTOS.o
 .debug_abbrev  0x0000278b      0x1c0 ./ThirdParty/SEGGER/OS/SEGGER_SYSVIEW_FreeRTOS.o
 .debug_abbrev  0x0000294b      0x230 ./ThirdParty/SEGGER/SEGGER/SEGGER_RTT.o
 .debug_abbrev  0x00002b7b       0x14 ./ThirdParty/SEGGER/SEGGER/SEGGER_RTT_ASM_ARMv7M.o
 .debug_abbrev  0x00002b8f      0x340 ./ThirdParty/SEGGER/SEGGER/SEGGER_SYSVIEW.o

.debug_aranges  0x00000000     0x12d0
 .debug_aranges
                0x00000000       0x60 ./Core/Src/main.o
 .debug_aranges
                0x00000060       0x20 ./Core/Src/stm32f4xx_hal_msp.o
 .debug_aranges
                0x00000080       0x30 ./Core/Src/stm32f4xx_hal_timebase_tim.o
 .debug_aranges
                0x000000b0       0x50 ./Core/Src/stm32f4xx_it.o
 .debug_aranges
                0x00000100       0x20 ./Core/Src/sysmem.o
 .debug_aranges
                0x00000120       0x28 ./Core/Src/system_stm32f4xx.o
 .debug_aranges
                0x00000148       0x28 ./Core/Startup/startup_stm32f401ccux.o
 .debug_aranges
                0x00000170       0xf0 ./Drivers/STM32F4xx_HAL_Driver/Src/stm32f4xx_hal.o
 .debug_aranges
                0x00000260      0x130 ./Drivers/STM32F4xx_HAL_Driver/Src/stm32f4xx_hal_cortex.o
 .debug_aranges
                0x00000390       0x58 ./Drivers/STM32F4xx_HAL_Driver/Src/stm32f4xx_hal_gpio.o
 .debug_aranges
                0x000003e8       0x88 ./Drivers/STM32F4xx_HAL_Driver/Src/stm32f4xx_hal_rcc.o
 .debug_aranges
                0x00000470      0x3d0 ./Drivers/STM32F4xx_HAL_Driver/Src/stm32f4xx_hal_tim.o
 .debug_aranges
                0x00000840      0x168 ./Drivers/STM32F4xx_HAL_Driver/Src/stm32f4xx_hal_tim_ex.o
 .debug_aranges
                0x000009a8       0x60 ./ThirdParty/FreeRTOS/MemMang/heap_4.o
 .debug_aranges
                0x00000a08       0x40 ./ThirdParty/FreeRTOS/list.o
 .debug_aranges
                0x00000a48       0xd0 ./ThirdParty/FreeRTOS/queue.o
 .debug_aranges
                0x00000b18      0x1a0 ./ThirdParty/FreeRTOS/tasks.o
 .debug_aranges
                0x00000cb8       0xd8 ./ThirdParty/FreeRTOS/timers.o
 .debug_aranges
                0x00000d90       0x78 ./ThirdParty/FreeRTOS/portable/GCC/ARM_CM4F/port.o
 .debug_aranges
                0x00000e08       0x28 ./ThirdParty/SEGGER/Config/SEGGER_SYSVIEW_Config_FreeRTOS.o
 .debug_aranges
                0x00000e30       0x48 ./ThirdParty/SEGGER/OS/SEGGER_SYSVIEW_FreeRTOS.o
 .debug_aranges
                0x00000e78      0x138 ./ThirdParty/SEGGER/SEGGER/SEGGER_RTT.o
 .debug_aranges
                0x00000fb0       0x20 ./ThirdParty/SEGGER/SEGGER/SEGGER_RTT_ASM_ARMv7M.o
 .debug_aranges
                0x00000fd0      0x300 ./ThirdParty/SEGGER/SEGGER/SEGGER_SYSVIEW.o

.debug_rnglists
                0x00000000      0xe6a
 .debug_rnglists
                0x00000000       0x47 ./Core/Src/main.o
 .debug_rnglists
                0x00000047       0x13 ./Core/Src/stm32f4xx_hal_msp.o
 .debug_rnglists
                0x0000005a       0x20 ./Core/Src/stm32f4xx_hal_timebase_tim.o
 .debug_rnglists
                0x0000007a       0x37 ./Core/Src/stm32f4xx_it.o
 .debug_rnglists
                0x000000b1       0x13 ./Core/Src/sysmem.o
 .debug_rnglists
                0x000000c4       0x1a ./Core/Src/system_stm32f4xx.o
 .debug_rnglists
                0x000000de       0x19 ./Core/Startup/startup_stm32f401ccux.o
 .debug_rnglists
                0x000000f7       0xaf ./Drivers/STM32F4xx_HAL_Driver/Src/stm32f4xx_hal.o
 .debug_rnglists
                0x000001a6       0xe0 ./Drivers/STM32F4xx_HAL_Driver/Src/stm32f4xx_hal_cortex.o
 .debug_rnglists
                0x00000286       0x3f ./Drivers/STM32F4xx_HAL_Driver/Src/stm32f4xx_hal_gpio.o
 .debug_rnglists
                0x000002c5       0x66 ./Drivers/STM32F4xx_HAL_Driver/Src/stm32f4xx_hal_rcc.o
 .debug_rnglists
                0x0000032b      0x31a ./Drivers/STM32F4xx_HAL_Driver/Src/stm32f4xx_hal_tim.o
 .debug_rnglists
                0x00000645      0x125 ./Drivers/STM32F4xx_HAL_Driver/Src/stm32f4xx_hal_tim_ex.o
 .debug_rnglists
                0x0000076a       0x47 ./ThirdParty/FreeRTOS/MemMang/heap_4.o
 .debug_rnglists
                0x000007b1       0x2b ./ThirdParty/FreeRTOS/list.o
 .debug_rnglists
                0x000007dc       0xa1 ./ThirdParty/FreeRTOS/queue.o
 .debug_rnglists
                0x0000087d      0x14a ./ThirdParty/FreeRTOS/tasks.o
 .debug_rnglists
                0x000009c7       0xa1 ./ThirdParty/FreeRTOS/timers.o
 .debug_rnglists
                0x00000a68       0x56 ./ThirdParty/FreeRTOS/portable/GCC/ARM_CM4F/port.o
 .debug_rnglists
                0x00000abe       0x19 ./ThirdParty/SEGGER/Config/SEGGER_SYSVIEW_Config_FreeRTOS.o
 .debug_rnglists
                0x00000ad7       0x36 ./ThirdParty/SEGGER/OS/SEGGER_SYSVIEW_FreeRTOS.o
 .debug_rnglists
                0x00000b0d       0xf5 ./ThirdParty/SEGGER/SEGGER/SEGGER_RTT.o
 .debug_rnglists
                0x00000c02      0x268 ./ThirdParty/SEGGER/SEGGER/SEGGER_SYSVIEW.o

.debug_macro    0x00000000    0x19a53
 .debug_macro   0x00000000      0x370 ./Core/Src/main.o
 .debug_macro   0x00000370      0xab4 ./Core/Src/main.o
 .debug_macro   0x00000e24      0x295 ./Core/Src/main.o
 .debug_macro   0x000010b9       0x2e ./Core/Src/main.o
 .debug_macro   0x000010e7       0x28 ./Core/Src/main.o
 .debug_macro   0x0000110f       0x22 ./Core/Src/main.o
 .debug_macro   0x00001131       0x8e ./Core/Src/main.o
 .debug_macro   0x000011bf       0x51 ./Core/Src/main.o
 .debug_macro   0x00001210      0x103 ./Core/Src/main.o
 .debug_macro   0x00001313       0x6a ./Core/Src/main.o
 .debug_macro   0x0000137d      0x1df ./Core/Src/main.o
 .debug_macro   0x0000155c       0x1c ./Core/Src/main.o
 .debug_macro   0x00001578       0x22 ./Core/Src/main.o
 .debug_macro   0x0000159a       0xfb ./Core/Src/main.o
 .debug_macro   0x00001695     0x1011 ./Core/Src/main.o
 .debug_macro   0x000026a6      0x11f ./Core/Src/main.o
 .debug_macro   0x000027c5     0xb86c ./Core/Src/main.o
 .debug_macro   0x0000e031       0x6d ./Core/Src/main.o
 .debug_macro   0x0000e09e     0x369a ./Core/Src/main.o
 .debug_macro   0x00011738      0x189 ./Core/Src/main.o
 .debug_macro   0x000118c1       0x5c ./Core/Src/main.o
 .debug_macro   0x0001191d      0x416 ./Core/Src/main.o
 .debug_macro   0x00011d33      0x9e9 ./Core/Src/main.o
 .debug_macro   0x0001271c      0x115 ./Core/Src/main.o
 .debug_macro   0x00012831       0xf8 ./Core/Src/main.o
 .debug_macro   0x00012929       0xa5 ./Core/Src/main.o
 .debug_macro   0x000129ce      0x15f ./Core/Src/main.o
 .debug_macro   0x00012b2d      0x287 ./Core/Src/main.o
 .debug_macro   0x00012db4       0x5f ./Core/Src/main.o
 .debug_macro   0x00012e13      0x236 ./Core/Src/main.o
 .debug_macro   0x00013049      0x132 ./Core/Src/main.o
 .debug_macro   0x0001317b      0x23a ./Core/Src/main.o
 .debug_macro   0x000133b5       0x2e ./Core/Src/main.o
 .debug_macro   0x000133e3      0x127 ./Core/Src/main.o
 .debug_macro   0x0001350a       0x85 ./Core/Src/main.o
 .debug_macro   0x0001358f       0x89 ./Core/Src/main.o
 .debug_macro   0x00013618      0x8ed ./Core/Src/main.o
 .debug_macro   0x00013f05       0x47 ./Core/Src/main.o
 .debug_macro   0x00013f4c      0x126 ./Core/Src/main.o
 .debug_macro   0x00014072       0x28 ./Core/Src/main.o
 .debug_macro   0x0001409a       0xb8 ./Core/Src/main.o
 .debug_macro   0x00014152       0x58 ./Core/Src/main.o
 .debug_macro   0x000141aa       0x46 ./Core/Src/main.o
 .debug_macro   0x000141f0       0x64 ./Core/Src/main.o
 .debug_macro   0x00014254       0x49 ./Core/Src/main.o
 .debug_macro   0x0001429d       0xd1 ./Core/Src/main.o
 .debug_macro   0x0001436e      0x234 ./Core/Src/main.o
 .debug_macro   0x000145a2      0xf65 ./Core/Src/main.o
 .debug_macro   0x00015507      0x15a ./Core/Src/main.o
 .debug_macro   0x00015661       0xe3 ./Core/Src/main.o
 .debug_macro   0x00015744       0x28 ./Core/Src/main.o
 .debug_macro   0x0001576c       0x1f ./Core/Src/main.o
 .debug_macro   0x0001578b       0x12 ./Core/Src/main.o
 .debug_macro   0x0001579d      0x55e ./Core/Src/main.o
 .debug_macro   0x00015cfb       0xc3 ./Core/Src/main.o
 .debug_macro   0x00015dbe      0x120 ./Core/Src/main.o
 .debug_macro   0x00015ede       0x61 ./Core/Src/main.o
 .debug_macro   0x00015f3f       0x2a ./Core/Src/main.o
 .debug_macro   0x00015f69       0x43 ./Core/Src/main.o
 .debug_macro   0x00015fac       0x34 ./Core/Src/main.o
 .debug_macro   0x00015fe0       0x16 ./Core/Src/main.o
 .debug_macro   0x00015ff6       0x35 ./Core/Src/main.o
 .debug_macro   0x0001602b      0x369 ./Core/Src/main.o
 .debug_macro   0x00016394       0x16 ./Core/Src/main.o
 .debug_macro   0x000163aa       0x43 ./Core/Src/main.o
 .debug_macro   0x000163ed       0x34 ./Core/Src/main.o
 .debug_macro   0x00016421       0x10 ./Core/Src/main.o
 .debug_macro   0x00016431       0x58 ./Core/Src/main.o
 .debug_macro   0x00016489       0x8e ./Core/Src/main.o
 .debug_macro   0x00016517       0x1c ./Core/Src/main.o
 .debug_macro   0x00016533      0x177 ./Core/Src/main.o
 .debug_macro   0x000166aa       0x16 ./Core/Src/main.o
 .debug_macro   0x000166c0       0x16 ./Core/Src/main.o
 .debug_macro   0x000166d6      0x146 ./Core/Src/main.o
 .debug_macro   0x0001681c      0x1d3 ./Core/Src/stm32f4xx_hal_msp.o
 .debug_macro   0x000169ef      0x1c4 ./Core/Src/stm32f4xx_hal_timebase_tim.o
 .debug_macro   0x00016bb3      0x1dd ./Core/Src/stm32f4xx_it.o
 .debug_macro   0x00016d90       0xff ./Core/Src/sysmem.o
 .debug_macro   0x00016e8f      0x23c ./Core/Src/sysmem.o
 .debug_macro   0x000170cb      0x1c4 ./Core/Src/system_stm32f4xx.o
 .debug_macro   0x0001728f      0x224 ./Drivers/STM32F4xx_HAL_Driver/Src/stm32f4xx_hal.o
 .debug_macro   0x000174b3      0x1c4 ./Drivers/STM32F4xx_HAL_Driver/Src/stm32f4xx_hal_cortex.o
 .debug_macro   0x00017677      0x1ca ./Drivers/STM32F4xx_HAL_Driver/Src/stm32f4xx_hal_gpio.o
 .debug_macro   0x00017841      0x1e8 ./Drivers/STM32F4xx_HAL_Driver/Src/stm32f4xx_hal_rcc.o
 .debug_macro   0x00017a29      0x1c5 ./Drivers/STM32F4xx_HAL_Driver/Src/stm32f4xx_hal_tim.o
 .debug_macro   0x00017bee      0x1c4 ./Drivers/STM32F4xx_HAL_Driver/Src/stm32f4xx_hal_tim_ex.o
 .debug_macro   0x00017db2      0x27a ./ThirdParty/FreeRTOS/MemMang/heap_4.o
 .debug_macro   0x0001802c      0x11c ./ThirdParty/FreeRTOS/MemMang/heap_4.o
 .debug_macro   0x00018148       0x94 ./ThirdParty/FreeRTOS/MemMang/heap_4.o
 .debug_macro   0x000181dc       0x16 ./ThirdParty/FreeRTOS/MemMang/heap_4.o
 .debug_macro   0x000181f2       0x20 ./ThirdParty/FreeRTOS/MemMang/heap_4.o
 .debug_macro   0x00018212      0x1f9 ./ThirdParty/FreeRTOS/list.o
 .debug_macro   0x0001840b      0x290 ./ThirdParty/FreeRTOS/queue.o
 .debug_macro   0x0001869b       0x80 ./ThirdParty/FreeRTOS/queue.o
 .debug_macro   0x0001871b      0x2df ./ThirdParty/FreeRTOS/tasks.o
 .debug_macro   0x000189fa       0x17 ./ThirdParty/FreeRTOS/tasks.o
 .debug_macro   0x00018a11      0x248 ./ThirdParty/FreeRTOS/timers.o
 .debug_macro   0x00018c59       0x97 ./ThirdParty/FreeRTOS/timers.o
 .debug_macro   0x00018cf0      0x208 ./ThirdParty/FreeRTOS/portable/GCC/ARM_CM4F/port.o
 .debug_macro   0x00018ef8      0x13c ./ThirdParty/SEGGER/Config/SEGGER_SYSVIEW_Config_FreeRTOS.o
 .debug_macro   0x00019034      0x208 ./ThirdParty/SEGGER/OS/SEGGER_SYSVIEW_FreeRTOS.o
 .debug_macro   0x0001923c      0x1e9 ./ThirdParty/SEGGER/SEGGER/SEGGER_RTT.o
 .debug_macro   0x00019425       0x35 ./ThirdParty/SEGGER/SEGGER/SEGGER_RTT.o
 .debug_macro   0x0001945a      0x138 ./ThirdParty/SEGGER/SEGGER/SEGGER_RTT.o
 .debug_macro   0x00019592      0x252 ./ThirdParty/SEGGER/SEGGER/SEGGER_SYSVIEW.o
 .debug_macro   0x000197e4      0x234 ./ThirdParty/SEGGER/SEGGER/SEGGER_SYSVIEW.o
 .debug_macro   0x00019a18       0x3b ./ThirdParty/SEGGER/SEGGER/SEGGER_SYSVIEW.o

.debug_line     0x00000000    0x15354
 .debug_line    0x00000000      0xda2 ./Core/Src/main.o
 .debug_line    0x00000da2      0x737 ./Core/Src/stm32f4xx_hal_msp.o
 .debug_line    0x000014d9      0x7b2 ./Core/Src/stm32f4xx_hal_timebase_tim.o
 .debug_line    0x00001c8b      0x7d3 ./Core/Src/stm32f4xx_it.o
 .debug_line    0x0000245e      0x583 ./Core/Src/sysmem.o
 .debug_line    0x000029e1      0x7bb ./Core/Src/system_stm32f4xx.o
 .debug_line    0x0000319c       0x7a ./Core/Startup/startup_stm32f401ccux.o
 .debug_line    0x00003216      0xa24 ./Drivers/STM32F4xx_HAL_Driver/Src/stm32f4xx_hal.o
 .debug_line    0x00003c3a      0xd16 ./Drivers/STM32F4xx_HAL_Driver/Src/stm32f4xx_hal_cortex.o
 .debug_line    0x00004950      0xb74 ./Drivers/STM32F4xx_HAL_Driver/Src/stm32f4xx_hal_gpio.o
 .debug_line    0x000054c4      0xdad ./Drivers/STM32F4xx_HAL_Driver/Src/stm32f4xx_hal_rcc.o
 .debug_line    0x00006271     0x35a2 ./Drivers/STM32F4xx_HAL_Driver/Src/stm32f4xx_hal_tim.o
 .debug_line    0x00009813     0x19b5 ./Drivers/STM32F4xx_HAL_Driver/Src/stm32f4xx_hal_tim_ex.o
 .debug_line    0x0000b1c8      0xc11 ./ThirdParty/FreeRTOS/MemMang/heap_4.o
 .debug_line    0x0000bdd9      0x9f7 ./ThirdParty/FreeRTOS/list.o
 .debug_line    0x0000c7d0     0x1186 ./ThirdParty/FreeRTOS/queue.o
 .debug_line    0x0000d956     0x1858 ./ThirdParty/FreeRTOS/tasks.o
 .debug_line    0x0000f1ae      0xdd9 ./ThirdParty/FreeRTOS/timers.o
 .debug_line    0x0000ff87      0x9d2 ./ThirdParty/FreeRTOS/portable/GCC/ARM_CM4F/port.o
 .debug_line    0x00010959      0x7cc ./ThirdParty/SEGGER/Config/SEGGER_SYSVIEW_Config_FreeRTOS.o
 .debug_line    0x00011125      0xaca ./ThirdParty/SEGGER/OS/SEGGER_SYSVIEW_FreeRTOS.o
 .debug_line    0x00011bef      0xf88 ./ThirdParty/SEGGER/SEGGER/SEGGER_RTT.o
 .debug_line    0x00012b77       0x86 ./ThirdParty/SEGGER/SEGGER/SEGGER_RTT_ASM_ARMv7M.o
 .debug_line    0x00012bfd     0x2757 ./ThirdParty/SEGGER/SEGGER/SEGGER_SYSVIEW.o

.debug_str      0x00000000    0xa6aa4
 .debug_str     0x00000000    0x9dd54 ./Core/Src/main.o
                              0x9e122 (size before relaxing)
 .debug_str     0x0009dd54       0x2c ./Core/Src/stm32f4xx_hal_msp.o
                              0x84655 (size before relaxing)
 .debug_str     0x0009dd80      0x4bb ./Core/Src/stm32f4xx_hal_timebase_tim.o
                              0x8501f (size before relaxing)
 .debug_str     0x0009e23b       0xb5 ./Core/Src/stm32f4xx_it.o
                              0x84af0 (size before relaxing)
 .debug_str     0x0009e2f0      0x35c ./Core/Src/sysmem.o
                               0x60de (size before relaxing)
 .debug_str     0x0009e64c       0xdb ./Core/Src/system_stm32f4xx.o
                              0x8468a (size before relaxing)
 .debug_str     0x0009e727       0x44 ./Core/Startup/startup_stm32f401ccux.o
                                 0x91 (size before relaxing)
 .debug_str     0x0009e76b      0x5d3 ./Drivers/STM32F4xx_HAL_Driver/Src/stm32f4xx_hal.o
                              0x850ac (size before relaxing)
 .debug_str     0x0009ed3e      0x37a ./Drivers/STM32F4xx_HAL_Driver/Src/stm32f4xx_hal_cortex.o
                              0x84e16 (size before relaxing)
 .debug_str     0x0009f0b8      0x10d ./Drivers/STM32F4xx_HAL_Driver/Src/stm32f4xx_hal_gpio.o
                              0x84805 (size before relaxing)
 .debug_str     0x0009f1c5      0x1fd ./Drivers/STM32F4xx_HAL_Driver/Src/stm32f4xx_hal_rcc.o
                              0x84abe (size before relaxing)
 .debug_str     0x0009f3c2      0xe79 ./Drivers/STM32F4xx_HAL_Driver/Src/stm32f4xx_hal_tim.o
                              0x85a02 (size before relaxing)
 .debug_str     0x000a023b      0x503 ./Drivers/STM32F4xx_HAL_Driver/Src/stm32f4xx_hal_tim_ex.o
                              0x8520e (size before relaxing)
 .debug_str     0x000a073e      0x7b2 ./ThirdParty/FreeRTOS/MemMang/heap_4.o
                              0x1d352 (size before relaxing)
 .debug_str     0x000a0ef0      0x11d ./ThirdParty/FreeRTOS/list.o
                              0x1bb50 (size before relaxing)
 .debug_str     0x000a100d     0x10d9 ./ThirdParty/FreeRTOS/queue.o
                              0x1df57 (size before relaxing)
 .debug_str     0x000a20e6     0x1907 ./ThirdParty/FreeRTOS/tasks.o
                              0x1ea24 (size before relaxing)
 .debug_str     0x000a39ed      0x502 ./ThirdParty/FreeRTOS/timers.o
                              0x1e363 (size before relaxing)
 .debug_str     0x000a3eef      0x79b ./ThirdParty/FreeRTOS/portable/GCC/ARM_CM4F/port.o
                              0x1a350 (size before relaxing)
 .debug_str     0x000a468a      0x1ba ./ThirdParty/SEGGER/Config/SEGGER_SYSVIEW_Config_FreeRTOS.o
                              0x17ec0 (size before relaxing)
 .debug_str     0x000a4844      0x11e ./ThirdParty/SEGGER/OS/SEGGER_SYSVIEW_FreeRTOS.o
                              0x1cdb0 (size before relaxing)
 .debug_str     0x000a4962     0x1078 ./ThirdParty/SEGGER/SEGGER/SEGGER_RTT.o