../Core/Src/main.c:81:5:main	32	static,ignoring_inline_asm
../Core/Src/main.c:149:6:SystemClock_Config	88	static
../Core/Src/main.c:196:13:MX_USART2_UART_Init	8	static
../Core/Src/main.c:229:13:MX_GPIO_Init	40	static
../Core/Src/main.c:266:6:button_interrupt_handler	16	static
../Core/Src/main.c:277:13:Task1_Handler	64	static
../Core/Src/main.c:301:13:Task2_Handler	64	static
../Core/Src/main.c:323:13:Task3_Handler	64	static
../Core/Src/main.c:358:6:HAL_TIM_PeriodElapsedCallback	16	static
../Core/Src/main.c:375:6:Error_Handler	4	static,ignoring_inline_asm
