../ThirdParty/FreeRTOS/portable/GCC/ARM_CM3/port.c:179:15:pxPortInitialiseStack	24	static
../ThirdParty/FreeRTOS/portable/GCC/ARM_CM3/port.c:199:13:prvTaskExitError	16	static,ignoring_inline_asm
../ThirdParty/FreeRTOS/portable/GCC/ARM_CM3/port.c:225:6:SVC_Handler	0	static,ignoring_inline_asm
../ThirdParty/FreeRTOS/portable/GCC/ARM_CM3/port.c:245:13:prvPortStartFirstTask	0	static,ignoring_inline_asm
../ThirdParty/FreeRTOS/portable/GCC/ARM_CM3/port.c:266:12:xPortStartScheduler	8	static
../ThirdParty/FreeRTOS/portable/GCC/ARM_CM3/port.c:363:6:vPortEndScheduler	4	static
../ThirdParty/FreeRTOS/portable/GCC/ARM_CM3/port.c:371:6:vPortEnterCritical	16	static,ignoring_inline_asm
../ThirdParty/FreeRTOS/portable/GCC/ARM_CM3/port.c:388:6:vPortExitCritical	16	static,ignoring_inline_asm
../ThirdParty/FreeRTOS/portable/GCC/ARM_CM3/port.c:400:6:PendSV_Handler	0	static,ignoring_inline_asm
../ThirdParty/FreeRTOS/portable/GCC/ARM_CM3/port.c:441:6:SysTick_Handler	32	static,ignoring_inline_asm
../ThirdParty/FreeRTOS/portable/GCC/ARM_CM3/port.c:713:32:vPortSetupTimerInterrupt	4	static
