../ThirdParty/SEGGER/SEGGER/SEGGER_SYSVIEW.c:423:12:_EncodeData	32	static
../ThirdParty/SEGGER/SEGGER/SEGGER_SYSVIEW.c:462:12:_EncodeFloat	32	static
../ThirdParty/SEGGER/SEGGER/SEGGER_SYSVIEW.c:502:12:_EncodeStr	32	static
../ThirdParty/SEGGER/SEGGER/SEGGER_SYSVIEW.c:560:12:_PreparePacket	16	static
../ThirdParty/SEGGER/SEGGER/SEGGER_SYSVIEW.c:577:13:_HandleIncomingPacket	16	static
../ThirdParty/SEGGER/SEGGER/SEGGER_SYSVIEW.c:644:12:_TrySendOverflowPacket	56	static
../ThirdParty/SEGGER/SEGGER/SEGGER_SYSVIEW.c:748:13:_SendPacket	48	static
../ThirdParty/SEGGER/SEGGER/SEGGER_SYSVIEW.c:953:12:_VPrintHost	144	static,ignoring_inline_asm
../ThirdParty/SEGGER/SEGGER/SEGGER_SYSVIEW.c:1034:13:_StoreChar	48	static
../ThirdParty/SEGGER/SEGGER/SEGGER_SYSVIEW.c:1076:13:_PrintUnsigned	48	static
../ThirdParty/SEGGER/SEGGER/SEGGER_SYSVIEW.c:1167:13:_PrintInt	40	static
../ThirdParty/SEGGER/SEGGER/SEGGER_SYSVIEW.c:1240:13:_VPrintTarget	104	static,ignoring_inline_asm
../ThirdParty/SEGGER/SEGGER/SEGGER_SYSVIEW.c:1431:6:SEGGER_SYSVIEW_Init	32	static
../ThirdParty/SEGGER/SEGGER/SEGGER_SYSVIEW.c:1482:6:SEGGER_SYSVIEW_SetRAMBase	16	static
../ThirdParty/SEGGER/SEGGER/SEGGER_SYSVIEW.c:1496:6:SEGGER_SYSVIEW_RecordVoid	24	static,ignoring_inline_asm
../ThirdParty/SEGGER/SEGGER/SEGGER_SYSVIEW.c:1516:6:SEGGER_SYSVIEW_RecordU32	40	static,ignoring_inline_asm
../ThirdParty/SEGGER/SEGGER/SEGGER_SYSVIEW.c:1539:6:SEGGER_SYSVIEW_RecordU32x2	56	static,ignoring_inline_asm
../ThirdParty/SEGGER/SEGGER/SEGGER_SYSVIEW.c:1564:6:SEGGER_SYSVIEW_RecordU32x3	64	static,ignoring_inline_asm
../ThirdParty/SEGGER/SEGGER/SEGGER_SYSVIEW.c:1591:6:SEGGER_SYSVIEW_RecordU32x4	72	static,ignoring_inline_asm
../ThirdParty/SEGGER/SEGGER/SEGGER_SYSVIEW.c:1620:6:SEGGER_SYSVIEW_RecordU32x5	80	static,ignoring_inline_asm
../ThirdParty/SEGGER/SEGGER/SEGGER_SYSVIEW.c:1651:6:SEGGER_SYSVIEW_RecordU32x6	88	static,ignoring_inline_asm
../ThirdParty/SEGGER/SEGGER/SEGGER_SYSVIEW.c:1684:6:SEGGER_SYSVIEW_RecordU32x7	96	static,ignoring_inline_asm
../ThirdParty/SEGGER/SEGGER/SEGGER_SYSVIEW.c:1719:6:SEGGER_SYSVIEW_RecordU32x8	104	static,ignoring_inline_asm
../ThirdParty/SEGGER/SEGGER/SEGGER_SYSVIEW.c:1756:6:SEGGER_SYSVIEW_RecordU32x9	112	static,ignoring_inline_asm
../ThirdParty/SEGGER/SEGGER/SEGGER_SYSVIEW.c:1795:6:SEGGER_SYSVIEW_RecordU32x10	120	static,ignoring_inline_asm
../ThirdParty/SEGGER/SEGGER/SEGGER_SYSVIEW.c:1830:6:SEGGER_SYSVIEW_RecordString	32	static,ignoring_inline_asm
../ThirdParty/SEGGER/SEGGER/SEGGER_SYSVIEW.c:1866:6:SEGGER_SYSVIEW_Start	56	static,ignoring_inline_asm
../ThirdParty/SEGGER/SEGGER/SEGGER_SYSVIEW.c:1921:6:SEGGER_SYSVIEW_Stop	16	static,ignoring_inline_asm
../ThirdParty/SEGGER/SEGGER/SEGGER_SYSVIEW.c:1939:5:SEGGER_SYSVIEW_GetChannelID	4	static
../ThirdParty/SEGGER/SEGGER/SEGGER_SYSVIEW.c:1951:6:SEGGER_SYSVIEW_GetSysDesc	56	static,ignoring_inline_asm
../ThirdParty/SEGGER/SEGGER/SEGGER_SYSVIEW.c:1979:6:SEGGER_SYSVIEW_SendTaskInfo	80	static,ignoring_inline_asm
../ThirdParty/SEGGER/SEGGER/SEGGER_SYSVIEW.c:2011:6:SEGGER_SYSVIEW_SendStackInfo	64	static,ignoring_inline_asm
../ThirdParty/SEGGER/SEGGER/SEGGER_SYSVIEW.c:2036:6:SEGGER_SYSVIEW_SampleData	40	static,ignoring_inline_asm
../ThirdParty/SEGGER/SEGGER/SEGGER_SYSVIEW.c:2056:6:SEGGER_SYSVIEW_SendTaskList	8	static
../ThirdParty/SEGGER/SEGGER/SEGGER_SYSVIEW.c:2086:6:SEGGER_SYSVIEW_SendSysDesc	32	static,ignoring_inline_asm
../ThirdParty/SEGGER/SEGGER/SEGGER_SYSVIEW.c:2104:6:SEGGER_SYSVIEW_RecordSystime	24	static
../ThirdParty/SEGGER/SEGGER/SEGGER_SYSVIEW.c:2128:6:SEGGER_SYSVIEW_RecordEnterISR	32	static,ignoring_inline_asm
../ThirdParty/SEGGER/SEGGER/SEGGER_SYSVIEW.c:2155:6:SEGGER_SYSVIEW_RecordExitISR	16	static,ignoring_inline_asm
../ThirdParty/SEGGER/SEGGER/SEGGER_SYSVIEW.c:2177:6:SEGGER_SYSVIEW_RecordExitISRToScheduler	16	static,ignoring_inline_asm
../ThirdParty/SEGGER/SEGGER/SEGGER_SYSVIEW.c:2195:6:SEGGER_SYSVIEW_RecordEnterTimer	40	static,ignoring_inline_asm
../ThirdParty/SEGGER/SEGGER/SEGGER_SYSVIEW.c:2213:6:SEGGER_SYSVIEW_RecordExitTimer	16	static,ignoring_inline_asm
../ThirdParty/SEGGER/SEGGER/SEGGER_SYSVIEW.c:2231:6:SEGGER_SYSVIEW_RecordEndCall	40	static,ignoring_inline_asm
../ThirdParty/SEGGER/SEGGER/SEGGER_SYSVIEW.c:2253:6:SEGGER_SYSVIEW_RecordEndCallU32	48	static,ignoring_inline_asm
../ThirdParty/SEGGER/SEGGER/SEGGER_SYSVIEW.c:2272:6:SEGGER_SYSVIEW_OnIdle	16	static,ignoring_inline_asm
../ThirdParty/SEGGER/SEGGER/SEGGER_SYSVIEW.c:2294:6:SEGGER_SYSVIEW_OnTaskCreate	40	static,ignoring_inline_asm
../ThirdParty/SEGGER/SEGGER/SEGGER_SYSVIEW.c:2319:6:SEGGER_SYSVIEW_OnTaskTerminate	40	static,ignoring_inline_asm
../ThirdParty/SEGGER/SEGGER/SEGGER_SYSVIEW.c:2343:6:SEGGER_SYSVIEW_OnTaskStartExec	40	static,ignoring_inline_asm
../ThirdParty/SEGGER/SEGGER/SEGGER_SYSVIEW.c:2363:6:SEGGER_SYSVIEW_OnTaskStopExec	16	static,ignoring_inline_asm
../ThirdParty/SEGGER/SEGGER/SEGGER_SYSVIEW.c:2381:6:SEGGER_SYSVIEW_OnTaskStartReady	40	static,ignoring_inline_asm
../ThirdParty/SEGGER/SEGGER/SEGGER_SYSVIEW.c:2404:6:SEGGER_SYSVIEW_OnTaskStopReady	48	static,ignoring_inline_asm
../ThirdParty/SEGGER/SEGGER/SEGGER_SYSVIEW.c:2427:6:SEGGER_SYSVIEW_MarkStart	40	static,ignoring_inline_asm
../ThirdParty/SEGGER/SEGGER/SEGGER_SYSVIEW.c:2448:6:SEGGER_SYSVIEW_MarkStop	40	static,ignoring_inline_asm
../ThirdParty/SEGGER/SEGGER/SEGGER_SYSVIEW.c:2469:6:SEGGER_SYSVIEW_Mark	48	static,ignoring_inline_asm
../ThirdParty/SEGGER/SEGGER/SEGGER_SYSVIEW.c:2496:6:SEGGER_SYSVIEW_NameMarker	48	static,ignoring_inline_asm
../ThirdParty/SEGGER/SEGGER/SEGGER_SYSVIEW.c:2524:6:SEGGER_SYSVIEW_NameResource	40	static,ignoring_inline_asm
../ThirdParty/SEGGER/SEGGER/SEGGER_SYSVIEW.c:2550:6:SEGGER_SYSVIEW_RegisterData	192	static,ignoring_inline_asm
../ThirdParty/SEGGER/SEGGER/SEGGER_SYSVIEW.c:2622:6:SEGGER_SYSVIEW_HeapDefine	80	static,ignoring_inline_asm
../ThirdParty/SEGGER/SEGGER/SEGGER_SYSVIEW.c:2671:6:SEGGER_SYSVIEW_HeapAlloc	72	static,ignoring_inline_asm
../ThirdParty/SEGGER/SEGGER/SEGGER_SYSVIEW.c:2723:6:SEGGER_SYSVIEW_HeapAllocEx	80	static,ignoring_inline_asm
../ThirdParty/SEGGER/SEGGER/SEGGER_SYSVIEW.c:2753:6:SEGGER_SYSVIEW_HeapFree	56	static,ignoring_inline_asm
../ThirdParty/SEGGER/SEGGER/SEGGER_SYSVIEW.c:2783:5:SEGGER_SYSVIEW_SendPacket	32	static,ignoring_inline_asm
../ThirdParty/SEGGER/SEGGER/SEGGER_SYSVIEW.c:2810:5:SEGGER_SYSVIEW_EncodeU32	24	static
../ThirdParty/SEGGER/SEGGER/SEGGER_SYSVIEW.c:2837:5:SEGGER_SYSVIEW_EncodeString	24	static
../ThirdParty/SEGGER/SEGGER/SEGGER_SYSVIEW.c:2863:5:SEGGER_SYSVIEW_EncodeData	24	static
../ThirdParty/SEGGER/SEGGER/SEGGER_SYSVIEW.c:2891:5:SEGGER_SYSVIEW_EncodeId	24	static
../ThirdParty/SEGGER/SEGGER/SEGGER_SYSVIEW.c:2919:5:SEGGER_SYSVIEW_ShrinkId	16	static
../ThirdParty/SEGGER/SEGGER/SEGGER_SYSVIEW.c:2941:6:SEGGER_SYSVIEW_RegisterModule	24	static,ignoring_inline_asm
../ThirdParty/SEGGER/SEGGER/SEGGER_SYSVIEW.c:2979:6:SEGGER_SYSVIEW_RecordModuleDescription	56	static,ignoring_inline_asm
../ThirdParty/SEGGER/SEGGER/SEGGER_SYSVIEW.c:3020:6:SEGGER_SYSVIEW_SendModule	56	static,ignoring_inline_asm
../ThirdParty/SEGGER/SEGGER/SEGGER_SYSVIEW.c:3062:6:SEGGER_SYSVIEW_SendModuleDescription	16	static
../ThirdParty/SEGGER/SEGGER/SEGGER_SYSVIEW.c:3083:6:SEGGER_SYSVIEW_SendNumModules	32	static,ignoring_inline_asm
../ThirdParty/SEGGER/SEGGER/SEGGER_SYSVIEW.c:3110:6:SEGGER_SYSVIEW_PrintfHostEx	28	static
../ThirdParty/SEGGER/SEGGER/SEGGER_SYSVIEW.c:3147:6:SEGGER_SYSVIEW_VPrintfHostEx	24	static
../ThirdParty/SEGGER/SEGGER/SEGGER_SYSVIEW.c:3177:6:SEGGER_SYSVIEW_PrintfHost	16	static
../ThirdParty/SEGGER/SEGGER/SEGGER_SYSVIEW.c:3212:6:SEGGER_SYSVIEW_VPrintfHost	16	static
../ThirdParty/SEGGER/SEGGER/SEGGER_SYSVIEW.c:3243:6:SEGGER_SYSVIEW_WarnfHost	16	static
../ThirdParty/SEGGER/SEGGER/SEGGER_SYSVIEW.c:3279:6:SEGGER_SYSVIEW_VWarnfHost	16	static
../ThirdParty/SEGGER/SEGGER/SEGGER_SYSVIEW.c:3310:6:SEGGER_SYSVIEW_ErrorfHost	16	static
../ThirdParty/SEGGER/SEGGER/SEGGER_SYSVIEW.c:3346:6:SEGGER_SYSVIEW_VErrorfHost	16	static
../ThirdParty/SEGGER/SEGGER/SEGGER_SYSVIEW.c:3375:6:SEGGER_SYSVIEW_PrintfTargetEx	28	static
../ThirdParty/SEGGER/SEGGER/SEGGER_SYSVIEW.c:3396:6:SEGGER_SYSVIEW_VPrintfTargetEx	24	static
../ThirdParty/SEGGER/SEGGER/SEGGER_SYSVIEW.c:3411:6:SEGGER_SYSVIEW_PrintfTarget	16	static
../ThirdParty/SEGGER/SEGGER/SEGGER_SYSVIEW.c:3431:6:SEGGER_SYSVIEW_VPrintfTarget	16	static
../ThirdParty/SEGGER/SEGGER/SEGGER_SYSVIEW.c:3446:6:SEGGER_SYSVIEW_WarnfTarget	16	static
../ThirdParty/SEGGER/SEGGER/SEGGER_SYSVIEW.c:3466:6:SEGGER_SYSVIEW_VWarnfTarget	16	static
../ThirdParty/SEGGER/SEGGER/SEGGER_SYSVIEW.c:3481:6:SEGGER_SYSVIEW_ErrorfTarget	16	static
../ThirdParty/SEGGER/SEGGER/SEGGER_SYSVIEW.c:3501:6:SEGGER_SYSVIEW_VErrorfTarget	16	static
../ThirdParty/SEGGER/SEGGER/SEGGER_SYSVIEW.c:3516:6:SEGGER_SYSVIEW_Print	48	static,ignoring_inline_asm
../ThirdParty/SEGGER/SEGGER/SEGGER_SYSVIEW.c:3538:6:SEGGER_SYSVIEW_Warn	48	static,ignoring_inline_asm
../ThirdParty/SEGGER/SEGGER/SEGGER_SYSVIEW.c:3560:6:SEGGER_SYSVIEW_Error	48	static,ignoring_inline_asm
../ThirdParty/SEGGER/SEGGER/SEGGER_SYSVIEW.c:3582:6:SEGGER_SYSVIEW_EnableEvents	16	static
../ThirdParty/SEGGER/SEGGER/SEGGER_SYSVIEW.c:3596:6:SEGGER_SYSVIEW_DisableEvents	16	static
../ThirdParty/SEGGER/SEGGER/SEGGER_SYSVIEW.c:3611:5:SEGGER_SYSVIEW_IsStarted	8	static
