Archive member included to satisfy reference by file (symbol)

C:/ST/STM32CubeIDE_1.16.1/STM32CubeIDE/plugins/com.st.stm32cube.ide.mcu.externaltools.gnu-tools-for-stm32.12.3.rel1.win32_1.0.200.202406191623/tools/bin/../lib/gcc/arm-none-eabi/12.3.1/../../../../arm-none-eabi/lib/thumb/v7-m/nofp\libc_nano.a(libc_a-exit.o)
                              C:/ST/STM32CubeIDE_1.16.1/STM32CubeIDE/plugins/com.st.stm32cube.ide.mcu.externaltools.gnu-tools-for-stm32.12.3.rel1.win32_1.0.200.202406191623/tools/bin/../lib/gcc/arm-none-eabi/12.3.1/../../../../arm-none-eabi/lib/thumb/v7-m/nofp/crt0.o (exit)
C:/ST/STM32CubeIDE_1.16.1/STM32CubeIDE/plugins/com.st.stm32cube.ide.mcu.externaltools.gnu-tools-for-stm32.12.3.rel1.win32_1.0.200.202406191623/tools/bin/../lib/gcc/arm-none-eabi/12.3.1/../../../../arm-none-eabi/lib/thumb/v7-m/nofp\libc_nano.a(libc_a-findfp.o)
                              C:/ST/STM32CubeIDE_1.16.1/STM32CubeIDE/plugins/com.st.stm32cube.ide.mcu.externaltools.gnu-tools-for-stm32.12.3.rel1.win32_1.0.200.202406191623/tools/bin/../lib/gcc/arm-none-eabi/12.3.1/../../../../arm-none-eabi/lib/thumb/v7-m/nofp\libc_nano.a(libc_a-exit.o) (__stdio_exit_handler)
C:/ST/STM32CubeIDE_1.16.1/STM32CubeIDE/plugins/com.st.stm32cube.ide.mcu.externaltools.gnu-tools-for-stm32.12.3.rel1.win32_1.0.200.202406191623/tools/bin/../lib/gcc/arm-none-eabi/12.3.1/../../../../arm-none-eabi/lib/thumb/v7-m/nofp\libc_nano.a(libc_a-fwalk.o)
                              C:/ST/STM32CubeIDE_1.16.1/STM32CubeIDE/plugins/com.st.stm32cube.ide.mcu.externaltools.gnu-tools-for-stm32.12.3.rel1.win32_1.0.200.202406191623/tools/bin/../lib/gcc/arm-none-eabi/12.3.1/../../../../arm-none-eabi/lib/thumb/v7-m/nofp\libc_nano.a(libc_a-findfp.o) (_fwalk_sglue)
C:/ST/STM32CubeIDE_1.16.1/STM32CubeIDE/plugins/com.st.stm32cube.ide.mcu.externaltools.gnu-tools-for-stm32.12.3.rel1.win32_1.0.200.202406191623/tools/bin/../lib/gcc/arm-none-eabi/12.3.1/../../../../arm-none-eabi/lib/thumb/v7-m/nofp\libc_nano.a(libc_a-snprintf.o)
                              ./Core/Src/main.o (snprintf)
C:/ST/STM32CubeIDE_1.16.1/STM32CubeIDE/plugins/com.st.stm32cube.ide.mcu.externaltools.gnu-tools-for-stm32.12.3.rel1.win32_1.0.200.202406191623/tools/bin/../lib/gcc/arm-none-eabi/12.3.1/../../../../arm-none-eabi/lib/thumb/v7-m/nofp\libc_nano.a(libc_a-stdio.o)
                              C:/ST/STM32CubeIDE_1.16.1/STM32CubeIDE/plugins/com.st.stm32cube.ide.mcu.externaltools.gnu-tools-for-stm32.12.3.rel1.win32_1.0.200.202406191623/tools/bin/../lib/gcc/arm-none-eabi/12.3.1/../../../../arm-none-eabi/lib/thumb/v7-m/nofp\libc_nano.a(libc_a-findfp.o) (__sread)
C:/ST/STM32CubeIDE_1.16.1/STM32CubeIDE/plugins/com.st.stm32cube.ide.mcu.externaltools.gnu-tools-for-stm32.12.3.rel1.win32_1.0.200.202406191623/tools/bin/../lib/gcc/arm-none-eabi/12.3.1/../../../../arm-none-eabi/lib/thumb/v7-m/nofp\libc_nano.a(libc_a-memcmp.o)
                              ./ThirdParty/FreeRTOS/tasks.o (memcmp)
C:/ST/STM32CubeIDE_1.16.1/STM32CubeIDE/plugins/com.st.stm32cube.ide.mcu.externaltools.gnu-tools-for-stm32.12.3.rel1.win32_1.0.200.202406191623/tools/bin/../lib/gcc/arm-none-eabi/12.3.1/../../../../arm-none-eabi/lib/thumb/v7-m/nofp\libc_nano.a(libc_a-memset.o)
                              C:/ST/STM32CubeIDE_1.16.1/STM32CubeIDE/plugins/com.st.stm32cube.ide.mcu.externaltools.gnu-tools-for-stm32.12.3.rel1.win32_1.0.200.202406191623/tools/bin/../lib/gcc/arm-none-eabi/12.3.1/../../../../arm-none-eabi/lib/thumb/v7-m/nofp/crt0.o (memset)
C:/ST/STM32CubeIDE_1.16.1/STM32CubeIDE/plugins/com.st.stm32cube.ide.mcu.externaltools.gnu-tools-for-stm32.12.3.rel1.win32_1.0.200.202406191623/tools/bin/../lib/gcc/arm-none-eabi/12.3.1/../../../../arm-none-eabi/lib/thumb/v7-m/nofp\libc_nano.a(libc_a-closer.o)
                              C:/ST/STM32CubeIDE_1.16.1/STM32CubeIDE/plugins/com.st.stm32cube.ide.mcu.externaltools.gnu-tools-for-stm32.12.3.rel1.win32_1.0.200.202406191623/tools/bin/../lib/gcc/arm-none-eabi/12.3.1/../../../../arm-none-eabi/lib/thumb/v7-m/nofp\libc_nano.a(libc_a-stdio.o) (_close_r)
C:/ST/STM32CubeIDE_1.16.1/STM32CubeIDE/plugins/com.st.stm32cube.ide.mcu.externaltools.gnu-tools-for-stm32.12.3.rel1.win32_1.0.200.202406191623/tools/bin/../lib/gcc/arm-none-eabi/12.3.1/../../../../arm-none-eabi/lib/thumb/v7-m/nofp\libc_nano.a(libc_a-reent.o)
                              C:/ST/STM32CubeIDE_1.16.1/STM32CubeIDE/plugins/com.st.stm32cube.ide.mcu.externaltools.gnu-tools-for-stm32.12.3.rel1.win32_1.0.200.202406191623/tools/bin/../lib/gcc/arm-none-eabi/12.3.1/../../../../arm-none-eabi/lib/thumb/v7-m/nofp\libc_nano.a(libc_a-closer.o) (errno)
C:/ST/STM32CubeIDE_1.16.1/STM32CubeIDE/plugins/com.st.stm32cube.ide.mcu.externaltools.gnu-tools-for-stm32.12.3.rel1.win32_1.0.200.202406191623/tools/bin/../lib/gcc/arm-none-eabi/12.3.1/../../../../arm-none-eabi/lib/thumb/v7-m/nofp\libc_nano.a(libc_a-impure.o)
[...]
Memory Configuration

Name             Origin             Length             Attributes
RAM              0x20000000         0x00002800         xrw
FLASH            0x08000000         0x00008000         xr
*default*        0x00000000         0xffffffff

Linker script and memory map

LOAD C:/ST/STM32CubeIDE_1.16.1/STM32CubeIDE/plugins/com.st.stm32cube.ide.mcu.externaltools.gnu-tools-for-stm32.12.3.rel1.win32_1.0.200.202406191623/tools/bin/../lib/gcc/arm-none-eabi/12.3.1/thumb/v7-m/nofp/crti.o
LOAD C:/ST/STM32CubeIDE_1.16.1/STM32CubeIDE/plugins/com.st.stm32cube.ide.mcu.externaltools.gnu-tools-for-stm32.12.3.rel1.win32_1.0.200.202406191623/tools/bin/../lib/gcc/arm-none-eabi/12.3.1/thumb/v7-m/nofp/crtbegin.o
LOAD C:/ST/STM32CubeIDE_1.16.1/STM32CubeIDE/plugins/com.st.stm32cube.ide.mcu.externaltools.gnu-tools-for-stm32.12.3.rel1.win32_1.0.200.202406191623/tools/bin/../lib/gcc/arm-none-eabi/12.3.1/../../../../arm-none-eabi/lib/thumb/v7-m/nofp/crt0.o
LOAD ./Core/Src/main.o
LOAD ./Core/Src/stm32f1xx_hal_msp.o
LOAD ./Core/Src/stm32f1xx_hal_timebase_tim.o
LOAD ./Core/Src/stm32f1xx_it.o
LOAD ./Core/Src/syscalls.o
LOAD ./Core/Src/system_stm32f1xx.o
LOAD ./Core/Startup/startup_stm32f103c6tx.o
LOAD ./Drivers/STM32F1xx_HAL_Driver/Src/stm32f1xx_hal.o
LOAD ./Drivers/STM32F1xx_HAL_Driver/Src/stm32f1xx_hal_cortex.o
LOAD ./Drivers/STM32F1xx_HAL_Driver/Src/stm32f1xx_hal_dma.o
LOAD ./Drivers/STM32F1xx_HAL_Driver/Src/stm32f1xx_hal_exti.o
LOAD ./Drivers/STM32F1xx_HAL_Driver/Src/stm32f1xx_hal_flash.o
LOAD ./Drivers/STM32F1xx_HAL_Driver/Src/stm32f1xx_hal_flash_ex.o
LOAD ./Drivers/STM32F1xx_HAL_Driver/Src/stm32f1xx_hal_gpio.o
LOAD ./Drivers/STM32F1xx_HAL_Driver/Src/stm32f1xx_hal_gpio_ex.o
LOAD ./Drivers/STM32F1xx_HAL_Driver/Src/stm32f1xx_hal_pwr.o
LOAD ./Drivers/STM32F1xx_HAL_Driver/Src/stm32f1xx_hal_rcc.o
LOAD ./Drivers/STM32F1xx_HAL_Driver/Src/stm32f1xx_hal_rcc_ex.o
LOAD ./Drivers/STM32F1xx_HAL_Driver/Src/stm32f1xx_hal_tim.o
LOAD ./Drivers/STM32F1xx_HAL_Driver/Src/stm32f1xx_hal_tim_ex.o
LOAD ./ThirdParty/FreeRTOS/MemMang/heap_4.o
LOAD ./ThirdParty/FreeRTOS/croutine.o
LOAD ./ThirdParty/FreeRTOS/event_groups.o
LOAD ./ThirdParty/FreeRTOS/list.o
LOAD ./ThirdParty/FreeRTOS/queue.o
LOAD ./ThirdParty/FreeRTOS/stream_buffer.o
LOAD ./ThirdParty/FreeRTOS/tasks.o
LOAD ./ThirdParty/FreeRTOS/timers.o
LOAD ./ThirdParty/FreeRTOS/portable/GCC/ARM_CM3/port.o
LOAD ./ThirdParty/SEGGER/Config/SEGGER_SYSVIEW_Config_FreeRTOS.o
LOAD ./ThirdParty/SEGGER/OS/SEGGER_SYSVIEW_FreeRTOS.o
LOAD ./ThirdParty/SEGGER/SEGGER/SEGGER_RTT.o
LOAD ./ThirdParty/SEGGER/SEGGER/SEGGER_RTT_ASM_ARMv7M.o
LOAD ./ThirdParty/SEGGER/SEGGER/SEGGER_RTT_printf.o
LOAD ./ThirdParty/SEGGER/SEGGER/SEGGER_SYSVIEW.o
LOAD ./ThirdParty/SEGGER/SEGGER/Syscalls/SEGGER_RTT_Syscalls_GCC.o
START GROUP
LOAD C:/ST/STM32CubeIDE_1.16.1/STM32CubeIDE/plugins/com.st.stm32cube.ide.mcu.externaltools.gnu-tools-for-stm32.12.3.rel1.win32_1.0.200.202406191623/tools/bin/../lib/gcc/arm-none-eabi/12.3.1/../../../../arm-none-eabi/lib/thumb/v7-m/nofp\libc_nano.a
LOAD C:/ST/STM32CubeIDE_1.16.1/STM32CubeIDE/plugins/com.st.stm32cube.ide.mcu.externaltools.gnu-tools-for-stm32.12.3.rel1.win32_1.0.200.202406191623/tools/bin/../lib/gcc/arm-none-eabi/12.3.1/../../../../arm-none-eabi/lib/thumb/v7-m/nofp\libm.a
END GROUP
START GROUP
LOAD C:/ST/STM32CubeIDE_1.16.1/STM32CubeIDE/plugins/com.st.stm32cube.ide.mcu.externaltools.gnu-tools-for-stm32.12.3.rel1.win32_1.0.200.202406191623/tools/bin/../lib/gcc/arm-none-eabi/12.3.1/thumb/v7-m/nofp\libgcc.a
LOAD C:/ST/STM32CubeIDE_1.16.1/STM32CubeIDE/plugins/com.st.stm32cube.ide.mcu.externaltools.gnu-tools-for-stm32.12.3.rel1.win32_1.0.200.202406191623/tools/bin/../lib/gcc/arm-none-eabi/12.3.1/../../../../arm-none-eabi/lib/thumb/v7-m/nofp\libc_nano.a
END GROUP
START GROUP
LOAD C:/ST/STM32CubeIDE_1.16.1/STM32CubeIDE/plugins/com.st.stm32cube.ide.mcu.externaltools.gnu-tools-for-stm32.12.3.rel1.win32_1.0.200.202406191623/tools/bin/../lib/gcc/arm-none-eabi/12.3.1/thumb/v7-m/nofp\libgcc.a
LOAD C:/ST/STM32CubeIDE_1.16.1/STM32CubeIDE/plugins/com.st.stm32cube.ide.mcu.externaltools.gnu-tools-for-stm32.12.3.rel1.win32_1.0.200.202406191623/tools/bin/../lib/gcc/arm-none-eabi/12.3.1/../../../../arm-none-eabi/lib/thumb/v7-m/nofp\libc_nano.a
LOAD C:/ST/STM32CubeIDE_1.16.1/STM32CubeIDE/plugins/com.st.stm32cube.ide.mcu.externaltools.gnu-tools-for-stm32.12.3.rel1.win32_1.0.200.202406191623/tools/bin/../lib/gcc/arm-none-eabi/12.3.1/../../../../arm-none-eabi/lib/thumb/v7-m/nofp\libnosys.a
END GROUP
START GROUP
LOAD C:/ST/STM32CubeIDE_1.16.1/STM32CubeIDE/plugins/com.st.stm32cube.ide.mcu.externaltools.gnu-tools-for-stm32.12.3.rel1.win32_1.0.200.202406191623/tools/bin/../lib/gcc/arm-none-eabi/12.3.1/thumb/v7-m/nofp\libgcc.a
LOAD C:/ST/STM32CubeIDE_1.16.1/STM32CubeIDE/plugins/com.st.stm32cube.ide.mcu.externaltools.gnu-tools-for-stm32.12.3.rel1.win32_1.0.200.202406191623/tools/bin/../lib/gcc/arm-none-eabi/12.3.1/../../../../arm-none-eabi/lib/thumb/v7-m/nofp\libc_nano.a
LOAD C:/ST/STM32CubeIDE_1.16.1/STM32CubeIDE/plugins/com.st.stm32cube.ide.mcu.externaltools.gnu-tools-for-stm32.12.3.rel1.win32_1.0.200.202406191623/tools/bin/../lib/gcc/arm-none-eabi/12.3.1/../../../../arm-none-eabi/lib/thumb/v7-m/nofp\libnosys.a
END GROUP
LOAD C:/ST/STM32CubeIDE_1.16.1/STM32CubeIDE/plugins/com.st.stm32cube.ide.mcu.externaltools.gnu-tools-for-stm32.12.3.rel1.win32_1.0.200.202406191623/tools/bin/../lib/gcc/arm-none-eabi/12.3.1/thumb/v7-m/nofp/crtend.o
LOAD C:/ST/STM32CubeIDE_1.16.1/STM32CubeIDE/plugins/com.st.stm32cube.ide.mcu.externaltools.gnu-tools-for-stm32.12.3.rel1.win32_1.0.200.202406191623/tools/bin/../lib/gcc/arm-none-eabi/12.3.1/thumb/v7-m/nofp/crtn.o
                0x20002800                        _estack = (ORIGIN (RAM) + LENGTH (RAM))
                0x00000200                        _Min_Heap_Size = 0x200
                0x00000400                        _Min_Stack_Size = 0x400

.isr_vector     0x08000000      0x10c
                0x08000000                        . = ALIGN (0x4)
 *(.isr_vector)
 .isr_vector    0x08000000      0x10c ./Core/Startup/startup_stm32f103c6tx.o
                0x08000000                g_pfnVectors
                0x0800010c                        . = ALIGN (0x4)

.text           0x08000110     0x59d4
                0x08000110                        . = ALIGN (0x4)
 *(.text)
 .text          0x08000110       0x40 C:/ST/STM32CubeIDE_1.16.1/STM32CubeIDE/plugins/com.st.stm32cube.ide.mcu.externaltools.gnu-tools-for-stm32.12.3.rel1.win32_1.0.200.202406191623/tools/bin/../lib/gcc/arm-none-eabi/12.3.1/thumb/v7-m/nofp/crtbegin.o
 .text          0x08000150       0x8c ./ThirdParty/SEGGER/SEGGER/SEGGER_RTT_ASM_ARMv7M.o
                0x08000150                SEGGER_RTT_ASM_WriteSkipNoLock
 *(.text*)
 .text.main     0x080001dc       0x78 ./Core/Src/main.o
                0x080001dc                main
 .text.SystemClock_Config
                0x08000254       0x8a ./Core/Src/main.o
                0x08000254                SystemClock_Config
 *fill*         0x080002de        0x2 
 .text.MX_GPIO_Init
                0x080002e0       0x5c ./Core/Src/main.o
 .text.task1_handler
                0x0800033c       0x3c ./Core/Src/main.o
 .text.task2_handler
                0x08000378       0x3c ./Core/Src/main.o
 .text.HAL_TIM_PeriodElapsedCallback
                0x080003b4       0x24 ./Core/Src/main.o
                0x080003b4                HAL_TIM_PeriodElapsedCallback
 .text.Error_Handler
                0x080003d8        0xc ./Core/Src/main.o
                0x080003d8                Error_Handler
 .text.HAL_MspInit
                0x080003e4       0x64 ./Core/Src/stm32f1xx_hal_msp.o
                0x080003e4                HAL_MspInit
 .text.HAL_InitTick
                0x08000448       0xe4 ./Core/Src/stm32f1xx_hal_timebase_tim.o
                0x08000448                HAL_InitTick
 .text.NMI_Handler
                0x0800052c        0x8 ./Core/Src/stm32f1xx_it.o
                0x0800052c                NMI_Handler
 .text.HardFault_Handler
                0x08000534        0x8 ./Core/Src/stm32f1xx_it.o
                0x08000534                HardFault_Handler
 .text.MemManage_Handler
                0x0800053c        0x8 ./Core/Src/stm32f1xx_it.o
                0x0800053c                MemManage_Handler
 .text.BusFault_Handler
                0x08000544        0x8 ./Core/Src/stm32f1xx_it.o
                0x08000544                BusFault_Handler
 .text.UsageFault_Handler
                0x0800054c        0x8 ./Core/Src/stm32f1xx_it.o
                0x0800054c                UsageFault_Handler
 .text.DebugMon_Handler
                0x08000554        0xc ./Core/Src/stm32f1xx_it.o
                0x08000554                DebugMon_Handler
 .text.TIM1_UP_IRQHandler
                0x08000560       0x14 ./Core/Src/stm32f1xx_it.o
                0x08000560                TIM1_UP_IRQHandler
 .text.SystemInit
                0x08000574        0xc ./Core/Src/system_stm32f1xx.o
                0x08000574                SystemInit
 .text.Reset_Handler
                0x08000580       0x48 ./Core/Startup/startup_stm32f103c6tx.o
                0x08000580                Reset_Handler
 .text.Default_Handler
                0x080005c8        0x2 ./Core/Startup/startup_stm32f103c6tx.o
                0x080005c8                RTC_Alarm_IRQHandler
                0x080005c8                EXTI2_IRQHandler
                0x080005c8                TIM1_CC_IRQHandler
                0x080005c8                PVD_IRQHandler
                0x080005c8                EXTI3_IRQHandler
                0x080005c8                EXTI0_IRQHandler
                0x080005c8                ADC1_2_IRQHandler
                0x080005c8                SPI1_IRQHandler
                0x080005c8                TAMPER_IRQHandler
                0x080005c8                DMA1_Channel4_IRQHandler
                0x080005c8                RTC_IRQHandler
                0x080005c8                DMA1_Channel7_IRQHandler
                0x080005c8                CAN1_RX1_IRQHandler
                0x080005c8                I2C1_EV_IRQHandler
                0x080005c8                DMA1_Channel6_IRQHandler
                0x080005c8                TIM3_IRQHandler
                0x080005c8                RCC_IRQHandler
                0x080005c8                TIM1_TRG_COM_IRQHandler
                0x080005c8                DMA1_Channel1_IRQHandler
                0x080005c8                Default_Handler
                0x080005c8                EXTI15_10_IRQHandler
                0x080005c8                EXTI9_5_IRQHandler
                0x080005c8                DMA1_Channel5_IRQHandler
                0x080005c8                EXTI4_IRQHandler
                0x080005c8                USB_LP_CAN1_RX0_IRQHandler
                0x080005c8                USB_HP_CAN1_TX_IRQHandler
                0x080005c8                DMA1_Channel3_IRQHandler
                0x080005c8                WWDG_IRQHandler
                0x080005c8                TIM2_IRQHandler
                0x080005c8                TIM1_BRK_IRQHandler
                0x080005c8                EXTI1_IRQHandler
                0x080005c8                USART2_IRQHandler
                0x080005c8                DMA1_Channel2_IRQHandler
                0x080005c8                CAN1_SCE_IRQHandler
                0x080005c8                FLASH_IRQHandler
                0x080005c8                USART1_IRQHandler
                0x080005c8                I2C1_ER_IRQHandler
                0x080005c8                USBWakeUp_IRQHandler
 *fill*         0x080005ca        0x2 
 .text.HAL_Init
                0x080005cc       0x2c ./Drivers/STM32F1xx_HAL_Driver/Src/stm32f1xx_hal.o
                0x080005cc                HAL_Init
 .text.HAL_IncTick
                0x080005f8       0x24 ./Drivers/STM32F1xx_HAL_Driver/Src/stm32f1xx_hal.o
                0x080005f8                HAL_IncTick
 .text.HAL_GetTick
                0x0800061c       0x14 ./Drivers/STM32F1xx_HAL_Driver/Src/stm32f1xx_hal.o
                0x0800061c                HAL_GetTick
 .text.__NVIC_SetPriorityGrouping
                0x08000630       0x48 ./Drivers/STM32F1xx_HAL_Driver/Src/stm32f1xx_hal_cortex.o
 .text.__NVIC_GetPriorityGrouping
                0x08000678       0x1c ./Drivers/STM32F1xx_HAL_Driver/Src/stm32f1xx_hal_cortex.o
 .text.__NVIC_EnableIRQ
                0x08000694       0x38 ./Drivers/STM32F1xx_HAL_Driver/Src/stm32f1xx_hal_cortex.o
 .text.__NVIC_SetPriority
                0x080006cc       0x54 ./Drivers/STM32F1xx_HAL_Driver/Src/stm32f1xx_hal_cortex.o
 .text.NVIC_EncodePriority
                0x08000720       0x64 ./Drivers/STM32F1xx_HAL_Driver/Src/stm32f1xx_hal_cortex.o
 .text.HAL_NVIC_SetPriorityGrouping
                0x08000784       0x16 ./Drivers/STM32F1xx_HAL_Driver/Src/stm32f1xx_hal_cortex.o
                0x08000784                HAL_NVIC_SetPriorityGrouping
 .text.HAL_NVIC_SetPriority
                0x0800079a       0x38 ./Drivers/STM32F1xx_HAL_Driver/Src/stm32f1xx_hal_cortex.o
                0x0800079a                HAL_NVIC_SetPriority
 .text.HAL_NVIC_EnableIRQ
                0x080007d2       0x1c ./Drivers/STM32F1xx_HAL_Driver/Src/stm32f1xx_hal_cortex.o
                0x080007d2                HAL_NVIC_EnableIRQ
 *fill*         0x080007ee        0x2 
 .text.HAL_RCC_OscConfig
                0x080007f0      0x504 ./Drivers/STM32F1xx_HAL_Driver/Src/stm32f1xx_hal_rcc.o
                0x080007f0                HAL_RCC_OscConfig
 .text.HAL_RCC_ClockConfig
                0x08000cf4      0x1d4 ./Drivers/STM32F1xx_HAL_Driver/Src/stm32f1xx_hal_rcc.o
                0x08000cf4                HAL_RCC_ClockConfig
 .text.HAL_RCC_GetSysClockFreq
                0x08000ec8       0xa8 ./Drivers/STM32F1xx_HAL_Driver/Src/stm32f1xx_hal_rcc.o
                0x08000ec8                HAL_RCC_GetSysClockFreq
 .text.HAL_RCC_GetHCLKFreq
                0x08000f70       0x14 ./Drivers/STM32F1xx_HAL_Driver/Src/stm32f1xx_hal_rcc.o
                0x08000f70                HAL_RCC_GetHCLKFreq
 .text.HAL_RCC_GetPCLK2Freq
                0x08000f84       0x28 ./Drivers/STM32F1xx_HAL_Driver/Src/stm32f1xx_hal_rcc.o
                0x08000f84                HAL_RCC_GetPCLK2Freq
 .text.HAL_RCC_GetClockConfig
                0x08000fac       0x60 ./Drivers/STM32F1xx_HAL_Driver/Src/stm32f1xx_hal_rcc.o
                0x08000fac                HAL_RCC_GetClockConfig
 .text.RCC_Delay
                0x0800100c       0x3c ./Drivers/STM32F1xx_HAL_Driver/Src/stm32f1xx_hal_rcc.o
 .text.HAL_TIM_Base_Init
                0x08001048       0x9e ./Drivers/STM32F1xx_HAL_Driver/Src/stm32f1xx_hal_tim.o
                0x08001048                HAL_TIM_Base_Init
 .text.HAL_TIM_Base_MspInit
                0x080010e6       0x12 ./Drivers/STM32F1xx_HAL_Driver/Src/stm32f1xx_hal_tim.o
                0x080010e6                HAL_TIM_Base_MspInit
 .text.HAL_TIM_Base_Start_IT
                0x080010f8       0x98 ./Drivers/STM32F1xx_HAL_Driver/Src/stm32f1xx_hal_tim.o
                0x080010f8                HAL_TIM_Base_Start_IT
 .text.HAL_TIM_IRQHandler
                0x08001190      0x1e0 ./Drivers/STM32F1xx_HAL_Driver/Src/stm32f1xx_hal_tim.o
                0x08001190                HAL_TIM_IRQHandler
 .text.HAL_TIM_OC_DelayElapsedCallback
                0x08001370       0x12 ./Drivers/STM32F1xx_HAL_Driver/Src/stm32f1xx_hal_tim.o
                0x08001370                HAL_TIM_OC_DelayElapsedCallback
 .text.HAL_TIM_IC_CaptureCallback
                0x08001382       0x12 ./Drivers/STM32F1xx_HAL_Driver/Src/stm32f1xx_hal_tim.o
                0x08001382                HAL_TIM_IC_CaptureCallback
 .text.HAL_TIM_PWM_PulseFinishedCallback
                0x08001394       0x12 ./Drivers/STM32F1xx_HAL_Driver/Src/stm32f1xx_hal_tim.o
                0x08001394                HAL_TIM_PWM_PulseFinishedCallback
 .text.HAL_TIM_TriggerCallback
                0x080013a6       0x12 ./Drivers/STM32F1xx_HAL_Driver/Src/stm32f1xx_hal_tim.o
                0x080013a6                HAL_TIM_TriggerCallback
 .text.TIM_Base_SetConfig
                0x080013b8       0xc8 ./Drivers/STM32F1xx_HAL_Driver/Src/stm32f1xx_hal_tim.o
                0x080013b8                TIM_Base_SetConfig
 .text.HAL_TIMEx_CommutCallback
                0x08001480       0x12 ./Drivers/STM32F1xx_HAL_Driver/Src/stm32f1xx_hal_tim_ex.o
                0x08001480                HAL_TIMEx_CommutCallback
 .text.HAL_TIMEx_BreakCallback
                0x08001492       0x12 ./Drivers/STM32F1xx_HAL_Driver/Src/stm32f1xx_hal_tim_ex.o
                0x08001492                HAL_TIMEx_BreakCallback
 .text.pvPortMalloc
                0x080014a4      0x134 ./ThirdParty/FreeRTOS/MemMang/heap_4.o
                0x080014a4                pvPortMalloc
 .text.vPortFree
                0x080015d8       0x7c ./ThirdParty/FreeRTOS/MemMang/heap_4.o
                0x080015d8                vPortFree
 .text.prvHeapInit
                0x08001654       0xb8 ./ThirdParty/FreeRTOS/MemMang/heap_4.o
 .text.prvInsertBlockIntoFreeList
                0x0800170c       0xb0 ./ThirdParty/FreeRTOS/MemMang/heap_4.o
 .text.vListInitialise
                0x080017bc       0x3e ./ThirdParty/FreeRTOS/list.o
                0x080017bc                vListInitialise
 .text.vListInitialiseItem
                0x080017fa       0x18 ./ThirdParty/FreeRTOS/list.o
                0x080017fa                vListInitialiseItem
 .text.vListInsert
                0x08001812       0x70 ./ThirdParty/FreeRTOS/list.o
                0x08001812                vListInsert
 .text.uxListRemove
                0x08001882       0x52 ./ThirdParty/FreeRTOS/list.o
                0x08001882                uxListRemove
 .text.xQueueGenericReset
                0x080018d4       0xcc ./ThirdParty/FreeRTOS/queue.o
                0x080018d4                xQueueGenericReset
 .text.xQueueGenericCreate
                0x080019a0       0x7e ./ThirdParty/FreeRTOS/queue.o
                0x080019a0                xQueueGenericCreate
 .text.prvInitialiseNewQueue
                0x08001a1e       0x3e ./ThirdParty/FreeRTOS/queue.o
 .text.xQueueReceive
                0x08001a5c      0x130 ./ThirdParty/FreeRTOS/queue.o
                0x08001a5c                xQueueReceive
 .text.prvCopyDataFromQueue
                0x08001b8c       0x4c ./ThirdParty/FreeRTOS/queue.o
 .text.prvUnlockQueue
                0x08001bd8       0xa4 ./ThirdParty/FreeRTOS/queue.o
 .text.prvIsQueueEmpty
                0x08001c7c       0x2c ./ThirdParty/FreeRTOS/queue.o
 .text.vQueueWaitForMessageRestricted
                0x08001ca8       0x68 ./ThirdParty/FreeRTOS/queue.o
                0x08001ca8                vQueueWaitForMessageRestricted
 .text.xTaskCreate
                0x08001d10       0x8c ./ThirdParty/FreeRTOS/tasks.o
                0x08001d10                xTaskCreate
 .text.prvInitialiseNewTask
                0x08001d9c       0xca ./ThirdParty/FreeRTOS/tasks.o
 *fill*         0x08001e66        0x2 
 .text.prvAddNewTaskToReadyList
                0x08001e68      0x144 ./ThirdParty/FreeRTOS/tasks.o
 .text.vTaskStartScheduler
                0x08001fac       0xac ./ThirdParty/FreeRTOS/tasks.o
                0x08001fac                vTaskStartScheduler
 .text.vTaskSuspendAll
                0x08002058       0x1c ./ThirdParty/FreeRTOS/tasks.o
                0x08002058                vTaskSuspendAll
 .text.xTaskResumeAll
                0x08002074      0x1c4 ./ThirdParty/FreeRTOS/tasks.o
                0x08002074                xTaskResumeAll
 .text.xTaskGetTickCount
                0x08002238       0x1c ./ThirdParty/FreeRTOS/tasks.o
                0x08002238                xTaskGetTickCount
 .text.xTaskGetTickCountFromISR
                0x08002254       0x20 ./ThirdParty/FreeRTOS/tasks.o
                0x08002254                xTaskGetTickCountFromISR
 .text.xTaskIncrementTick
                0x08002274      0x1d0 ./ThirdParty/FreeRTOS/tasks.o
                0x08002274                xTaskIncrementTick
 .text.vTaskSwitchContext
                0x08002444       0xb4 ./ThirdParty/FreeRTOS/tasks.o
                0x08002444                vTaskSwitchContext
 .text.vTaskPlaceOnEventList
                0x080024f8       0x2c ./ThirdParty/FreeRTOS/tasks.o
                0x080024f8                vTaskPlaceOnEventList
 .text.vTaskPlaceOnEventListRestricted
                0x08002524       0x70 ./ThirdParty/FreeRTOS/tasks.o
                0x08002524                vTaskPlaceOnEventListRestricted
 .text.xTaskRemoveFromEventList
                0x08002594      0x194 ./ThirdParty/FreeRTOS/tasks.o
                0x08002594                xTaskRemoveFromEventList
 .text.vTaskInternalSetTimeOutState
                0x08002728       0x2c ./ThirdParty/FreeRTOS/tasks.o
                0x08002728                vTaskInternalSetTimeOutState
 .text.xTaskCheckForTimeOut
                0x08002754       0x94 ./ThirdParty/FreeRTOS/tasks.o
                0x08002754                xTaskCheckForTimeOut
 .text.vTaskMissedYield
                0x080027e8       0x18 ./ThirdParty/FreeRTOS/tasks.o
                0x080027e8                vTaskMissedYield
 .text.prvIdleTask
                0x08002800       0x24 ./ThirdParty/FreeRTOS/tasks.o
 .text.prvInitialiseTaskLists
                0x08002824       0x80 ./ThirdParty/FreeRTOS/tasks.o
 .text.prvCheckTasksWaitingTermination
                0x080028a4       0x5c ./ThirdParty/FreeRTOS/tasks.o
 .text.prvDeleteTCB
                0x08002900       0x20 ./ThirdParty/FreeRTOS/tasks.o
 .text.prvResetNextTaskUnblockTime
                0x08002920       0x34 ./ThirdParty/FreeRTOS/tasks.o
 .text.prvAddCurrentTaskToDelayedList
                0x08002954      0x100 ./ThirdParty/FreeRTOS/tasks.o
 .text.xTimerCreateTimerTask
                0x08002a54       0x48 ./ThirdParty/FreeRTOS/timers.o
                0x08002a54                xTimerCreateTimerTask
 .text.prvReloadTimer
                0x08002a9c       0x42 ./ThirdParty/FreeRTOS/timers.o
 *fill*         0x08002ade        0x2 
 .text.prvProcessExpiredTimer
                0x08002ae0       0x60 ./ThirdParty/FreeRTOS/timers.o
 .text.prvTimerTask
                0x08002b40       0x26 ./ThirdParty/FreeRTOS/timers.o
 *fill*         0x08002b66        0x2 
 .text.prvProcessTimerOrBlockTask
                0x08002b68       0x9c ./ThirdParty/FreeRTOS/timers.o
 .text.prvGetNextExpireTime
                0x08002c04       0x44 ./ThirdParty/FreeRTOS/timers.o
 .text.prvSampleTimeNow
                0x08002c48       0x40 ./ThirdParty/FreeRTOS/timers.o
 .text.prvInsertTimerInActiveList
                0x08002c88       0x84 ./ThirdParty/FreeRTOS/timers.o
 .text.prvProcessReceivedCommands
                0x08002d0c      0x160 ./ThirdParty/FreeRTOS/timers.o
 .text.prvSwitchTimerLists
                0x08002e6c       0x4c ./ThirdParty/FreeRTOS/timers.o
 .text.prvCheckForValidListAndQueue
                0x08002eb8       0x54 ./ThirdParty/FreeRTOS/timers.o
 .text.pxPortInitialiseStack
                0x08002f0c       0x58 ./ThirdParty/FreeRTOS/portable/GCC/ARM_CM3/port.o
                0x08002f0c                pxPortInitialiseStack
 .text.prvTaskExitError
                0x08002f64       0x32 ./ThirdParty/FreeRTOS/portable/GCC/ARM_CM3/port.o
 *fill*         0x08002f96        0xa 
 .text.SVC_Handler
                0x08002fa0       0x28 ./ThirdParty/FreeRTOS/portable/GCC/ARM_CM3/port.o
                0x08002fa0                SVC_Handler
 .text.prvPortStartFirstTask
                0x08002fc8       0x24 ./ThirdParty/FreeRTOS/portable/GCC/ARM_CM3/port.o
 .text.xPortStartScheduler
                0x08002fec       0x40 ./ThirdParty/FreeRTOS/portable/GCC/ARM_CM3/port.o
                0x08002fec                xPortStartScheduler
 .text.vPortEnterCritical
                0x0800302c       0x34 ./ThirdParty/FreeRTOS/portable/GCC/ARM_CM3/port.o
                0x0800302c                vPortEnterCritical
 .text.vPortExitCritical
                0x08003060       0x34 ./ThirdParty/FreeRTOS/portable/GCC/ARM_CM3/port.o
                0x08003060                vPortExitCritical
 *fill*         0x08003094        0xc 
 .text.PendSV_Handler
                0x080030a0       0x48 ./ThirdParty/FreeRTOS/portable/GCC/ARM_CM3/port.o
                0x080030a0                PendSV_Handler
 .text.SysTick_Handler
                0x080030e8       0x8c ./ThirdParty/FreeRTOS/portable/GCC/ARM_CM3/port.o
                0x080030e8                SysTick_Handler
 .text.vPortSetupTimerInterrupt
                0x08003174       0x34 ./ThirdParty/FreeRTOS/portable/GCC/ARM_CM3/port.o
                0x08003174                vPortSetupTimerInterrupt
 .text._cbSendSystemDesc
                0x080031a8       0x1c ./ThirdParty/SEGGER/Config/SEGGER_SYSVIEW_Config_FreeRTOS.o
 .text.SEGGER_SYSVIEW_Conf
                0x080031c4       0x28 ./ThirdParty/SEGGER/Config/SEGGER_SYSVIEW_Config_FreeRTOS.o
                0x080031c4                SEGGER_SYSVIEW_Conf
 .text._cbSendTaskList
                0x080031ec       0x90 ./ThirdParty/SEGGER/OS/SEGGER_SYSVIEW_FreeRTOS.o
 .text._cbGetTime
                0x0800327c       0x86 ./ThirdParty/SEGGER/OS/SEGGER_SYSVIEW_FreeRTOS.o
 *fill*         0x08003302        0x2 
 .text.SYSVIEW_AddTask
                0x08003304       0xd0 ./ThirdParty/SEGGER/OS/SEGGER_SYSVIEW_FreeRTOS.o
                0x08003304                SYSVIEW_AddTask
 .text.SYSVIEW_SendTaskInfo
                0x080033d4       0x42 ./ThirdParty/SEGGER/OS/SEGGER_SYSVIEW_FreeRTOS.o
                0x080033d4                SYSVIEW_SendTaskInfo
 *fill*         0x08003416        0x2 
 .text._DoInit  0x08003418       0xb0 ./ThirdParty/SEGGER/SEGGER/SEGGER_RTT.o
 .text.SEGGER_RTT_ReadNoLock
                0x080034c8      0x10c ./ThirdParty/SEGGER/SEGGER/SEGGER_RTT.o
                0x080034c8                SEGGER_RTT_ReadNoLock
 .text.SEGGER_RTT_AllocUpBuffer
                0x080035d4      0x104 ./ThirdParty/SEGGER/SEGGER/SEGGER_RTT.o
                0x080035d4                SEGGER_RTT_AllocUpBuffer
 .text.SEGGER_RTT_ConfigDownBuffer
                0x080036d8       0x94 ./ThirdParty/SEGGER/SEGGER/SEGGER_RTT.o
                0x080036d8                SEGGER_RTT_ConfigDownBuffer
 .text._EncodeStr
                0x0800376c       0x70 ./ThirdParty/SEGGER/SEGGER/SEGGER_SYSVIEW.o
 .text._PreparePacket
                0x080037dc       0x16 ./ThirdParty/SEGGER/SEGGER/SEGGER_SYSVIEW.o
 *fill*         0x080037f2        0x2 
 .text._HandleIncomingPacket
                0x080037f4       0xdc ./ThirdParty/SEGGER/SEGGER/SEGGER_SYSVIEW.o
 .text._TrySendOverflowPacket
                0x080038d0       0xe4 ./ThirdParty/SEGGER/SEGGER/SEGGER_SYSVIEW.o
 .text._SendPacket
                0x080039b4      0x2dc ./ThirdParty/SEGGER/SEGGER/SEGGER_SYSVIEW.o
 .text._StoreChar
                0x08003c90       0xf6 ./ThirdParty/SEGGER/SEGGER/SEGGER_SYSVIEW.o
 *fill*         0x08003d86        0x2 
 .text._PrintUnsigned
                0x08003d88      0x12c ./ThirdParty/SEGGER/SEGGER/SEGGER_SYSVIEW.o
 .text._PrintInt
                0x08003eb4      0x11e ./ThirdParty/SEGGER/SEGGER/SEGGER_SYSVIEW.o
 *fill*         0x08003fd2        0x2 
 .text._VPrintTarget
                0x08003fd4      0x440 ./ThirdParty/SEGGER/SEGGER/SEGGER_SYSVIEW.o
 .text.SEGGER_SYSVIEW_Init
                0x08004414       0x88 ./ThirdParty/SEGGER/SEGGER/SEGGER_SYSVIEW.o
                0x08004414                SEGGER_SYSVIEW_Init
 .text.SEGGER_SYSVIEW_SetRAMBase
                0x0800449c       0x1c ./ThirdParty/SEGGER/SEGGER/SEGGER_SYSVIEW.o
                0x0800449c                SEGGER_SYSVIEW_SetRAMBase
 .text.SEGGER_SYSVIEW_RecordVoid
                0x080044b8       0x3c ./ThirdParty/SEGGER/SEGGER/SEGGER_SYSVIEW.o
                0x080044b8                SEGGER_SYSVIEW_RecordVoid
 .text.SEGGER_SYSVIEW_RecordU32
                0x080044f4       0x78 ./ThirdParty/SEGGER/SEGGER/SEGGER_SYSVIEW.o
                0x080044f4                SEGGER_SYSVIEW_RecordU32
 .text.SEGGER_SYSVIEW_RecordU32x2
                0x0800456c       0xb4 ./ThirdParty/SEGGER/SEGGER/SEGGER_SYSVIEW.o
                0x0800456c                SEGGER_SYSVIEW_RecordU32x2
 .text.SEGGER_SYSVIEW_Start
                0x08004620      0x174 ./ThirdParty/SEGGER/SEGGER/SEGGER_SYSVIEW.o
                0x08004620                SEGGER_SYSVIEW_Start
 .text.SEGGER_SYSVIEW_Stop
                0x08004794       0x4c ./ThirdParty/SEGGER/SEGGER/SEGGER_SYSVIEW.o
                0x08004794                SEGGER_SYSVIEW_Stop
 .text.SEGGER_SYSVIEW_GetSysDesc
                0x080047e0      0x134 ./ThirdParty/SEGGER/SEGGER/SEGGER_SYSVIEW.o
                0x080047e0                SEGGER_SYSVIEW_GetSysDesc
 .text.SEGGER_SYSVIEW_SendTaskInfo
                0x08004914      0x1c8 ./ThirdParty/SEGGER/SEGGER/SEGGER_SYSVIEW.o
                0x08004914                SEGGER_SYSVIEW_SendTaskInfo
 .text.SEGGER_SYSVIEW_SendTaskList
                0x08004adc       0x28 ./ThirdParty/SEGGER/SEGGER/SEGGER_SYSVIEW.o
                0x08004adc                SEGGER_SYSVIEW_SendTaskList
 .text.SEGGER_SYSVIEW_SendSysDesc
                0x08004b04       0x48 ./ThirdParty/SEGGER/SEGGER/SEGGER_SYSVIEW.o
                0x08004b04                SEGGER_SYSVIEW_SendSysDesc
 .text.SEGGER_SYSVIEW_RecordSystime
                0x08004b4c       0x64 ./ThirdParty/SEGGER/SEGGER/SEGGER_SYSVIEW.o
                0x08004b4c                SEGGER_SYSVIEW_RecordSystime
 .text.SEGGER_SYSVIEW_RecordEnterISR
                0x08004bb0       0x84 ./ThirdParty/SEGGER/SEGGER/SEGGER_SYSVIEW.o
                0x08004bb0                SEGGER_SYSVIEW_RecordEnterISR
 .text.SEGGER_SYSVIEW_RecordExitISR
                0x08004c34       0x38 ./ThirdParty/SEGGER/SEGGER/SEGGER_SYSVIEW.o
                0x08004c34                SEGGER_SYSVIEW_RecordExitISR
 .text.SEGGER_SYSVIEW_RecordExitISRToScheduler
                0x08004c6c       0x38 ./ThirdParty/SEGGER/SEGGER/SEGGER_SYSVIEW.o
                0x08004c6c                SEGGER_SYSVIEW_RecordExitISRToScheduler
 .text.SEGGER_SYSVIEW_OnIdle
                0x08004ca4       0x38 ./ThirdParty/SEGGER/SEGGER/SEGGER_SYSVIEW.o
                0x08004ca4                SEGGER_SYSVIEW_OnIdle
 .text.SEGGER_SYSVIEW_OnTaskCreate
                0x08004cdc       0x84 ./ThirdParty/SEGGER/SEGGER/SEGGER_SYSVIEW.o
                0x08004cdc                SEGGER_SYSVIEW_OnTaskCreate
 .text.SEGGER_SYSVIEW_OnTaskStartExec
                0x08004d60       0x84 ./ThirdParty/SEGGER/SEGGER/SEGGER_SYSVIEW.o
                0x08004d60                SEGGER_SYSVIEW_OnTaskStartExec
 .text.SEGGER_SYSVIEW_OnTaskStartReady
                0x08004de4       0x84 ./ThirdParty/SEGGER/SEGGER/SEGGER_SYSVIEW.o
                0x08004de4                SEGGER_SYSVIEW_OnTaskStartReady
 .text.SEGGER_SYSVIEW_SendModule
                0x08004e68      0x114 ./ThirdParty/SEGGER/SEGGER/SEGGER_SYSVIEW.o
                0x08004e68                SEGGER_SYSVIEW_SendModule
 .text.SEGGER_SYSVIEW_SendModuleDescription
                0x08004f7c       0x3c ./ThirdParty/SEGGER/SEGGER/SEGGER_SYSVIEW.o
                0x08004f7c                SEGGER_SYSVIEW_SendModuleDescription
 .text.SEGGER_SYSVIEW_SendNumModules
                0x08004fb8       0x7c ./ThirdParty/SEGGER/SEGGER/SEGGER_SYSVIEW.o
                0x08004fb8                SEGGER_SYSVIEW_SendNumModules
 .text.SEGGER_SYSVIEW_PrintfTarget
                0x08005034       0x28 ./ThirdParty/SEGGER/SEGGER/SEGGER_SYSVIEW.o
                0x08005034                SEGGER_SYSVIEW_PrintfTarget
 .text.SEGGER_SYSVIEW_Warn
                0x0800505c       0xb8 ./ThirdParty/SEGGER/SEGGER/SEGGER_SYSVIEW.o
                0x0800505c                SEGGER_SYSVIEW_Warn
 .text.snprintf
                0x08005114       0x68 C:/ST/STM32CubeIDE_1.16.1/STM32CubeIDE/plugins/com.st.stm32cube.ide.mcu.externaltools.gnu-tools-for-stm32.12.3.rel1.win32_1.0.200.202406191623/tools/bin/../lib/gcc/arm-none-eabi/12.3.1/../../../../arm-none-eabi/lib/thumb/v7-m/nofp\libc_nano.a(libc_a-snprintf.o)
                0x08005114                sniprintf
                0x08005114                snprintf
 .text.memcmp   0x0800517c       0x20 C:/ST/STM32CubeIDE_1.16.1/STM32CubeIDE/plugins/com.st.stm32cube.ide.mcu.externaltools.gnu-tools-for-stm32.12.3.rel1.win32_1.0.200.202406191623/tools/bin/../lib/gcc/arm-none-eabi/12.3.1/../../../../arm-none-eabi/lib/thumb/v7-m/nofp\libc_nano.a(libc_a-memcmp.o)
                0x0800517c                memcmp
 .text.memset   0x0800519c       0x10 C:/ST/STM32CubeIDE_1.16.1/STM32CubeIDE/plugins/com.st.stm32cube.ide.mcu.externaltools.gnu-tools-for-stm32.12.3.rel1.win32_1.0.200.202406191623/tools/bin/../lib/gcc/arm-none-eabi/12.3.1/../../../../arm-none-eabi/lib/thumb/v7-m/nofp\libc_nano.a(libc_a-memset.o)
                0x0800519c                memset
 .text.__libc_init_array
                0x080051ac       0x48 C:/ST/STM32CubeIDE_1.16.1/STM32CubeIDE/plugins/com.st.stm32cube.ide.mcu.externaltools.gnu-tools-for-stm32.12.3.rel1.win32_1.0.200.202406191623/tools/bin/../lib/gcc/arm-none-eabi/12.3.1/../../../../arm-none-eabi/lib/thumb/v7-m/nofp\libc_nano.a(libc_a-init.o)
                0x080051ac                __libc_init_array
 .text.__retarget_lock_acquire_recursive
                0x080051f4        0x2 C:/ST/STM32CubeIDE_1.16.1/STM32CubeIDE/plugins/com.st.stm32cube.ide.mcu.externaltools.gnu-tools-for-stm32.12.3.rel1.win32_1.0.200.202406191623/tools/bin/../lib/gcc/arm-none-eabi/12.3.1/../../../../arm-none-eabi/lib/thumb/v7-m/nofp\libc_nano.a(libc_a-lock.o)
                0x080051f4                __retarget_lock_acquire_recursive
 .text.__retarget_lock_release_recursive
                0x080051f6        0x2 C:/ST/STM32CubeIDE_1.16.1/STM32CubeIDE/plugins/com.st.stm32cube.ide.mcu.externaltools.gnu-tools-for-stm32.12.3.rel1.win32_1.0.200.202406191623/tools/bin/../lib/gcc/arm-none-eabi/12.3.1/../../../../arm-none-eabi/lib/thumb/v7-m/nofp\libc_nano.a(libc_a-lock.o)
                0x080051f6                __retarget_lock_release_recursive
 .text.memcpy   0x080051f8       0x1c C:/ST/STM32CubeIDE_1.16.1/STM32CubeIDE/plugins/com.st.stm32cube.ide.mcu.externaltools.gnu-tools-for-stm32.12.3.rel1.win32_1.0.200.202406191623/tools/bin/../lib/gcc/arm-none-eabi/12.3.1/../../../../arm-none-eabi/lib/thumb/v7-m/nofp\libc_nano.a(libc_a-memcpy-stub.o)
                0x080051f8                memcpy
 .text._free_r  0x08005214       0x90 C:/ST/STM32CubeIDE_1.16.1/STM32CubeIDE/plugins/com.st.stm32cube.ide.mcu.externaltools.gnu-tools-for-stm32.12.3.rel1.win32_1.0.200.202406191623/tools/bin/../lib/gcc/arm-none-eabi/12.3.1/../../../../arm-none-eabi/lib/thumb/v7-m/nofp\libc_nano.a(libc_a-freer.o)
                0x08005214                _free_r
 .text.sbrk_aligned
                0x080052a4       0x44 C:/ST/STM32CubeIDE_1.16.1/STM32CubeIDE/plugins/com.st.stm32cube.ide.mcu.externaltools.gnu-tools-for-stm32.12.3.rel1.win32_1.0.200.202406191623/tools/bin/../lib/gcc/arm-none-eabi/12.3.1/../../../../arm-none-eabi/lib/thumb/v7-m/nofp\libc_nano.a(libc_a-mallocr.o)
 .text._malloc_r
                0x080052e8      0x100 C:/ST/STM32CubeIDE_1.16.1/STM32CubeIDE/plugins/com.st.stm32cube.ide.mcu.externaltools.gnu-tools-for-stm32.12.3.rel1.win32_1.0.200.202406191623/tools/bin/../lib/gcc/arm-none-eabi/12.3.1/../../../../arm-none-eabi/lib/thumb/v7-m/nofp\libc_nano.a(libc_a-mallocr.o)
                0x080052e8                _malloc_r
 .text.__malloc_lock
                0x080053e8        0xc C:/ST/STM32CubeIDE_1.16.1/STM32CubeIDE/plugins/com.st.stm32cube.ide.mcu.externaltools.gnu-tools-for-stm32.12.3.rel1.win32_1.0.200.202406191623/tools/bin/../lib/gcc/arm-none-eabi/12.3.1/../../../../arm-none-eabi/lib/thumb/v7-m/nofp\libc_nano.a(libc_a-mlock.o)
                0x080053e8                __malloc_lock
 .text.__malloc_unlock
                0x080053f4        0xc C:/ST/STM32CubeIDE_1.16.1/STM32CubeIDE/plugins/com.st.stm32cube.ide.mcu.externaltools.gnu-tools-for-stm32.12.3.rel1.win32_1.0.200.202406191623/tools/bin/../lib/gcc/arm-none-eabi/12.3.1/../../../../arm-none-eabi/lib/thumb/v7-m/nofp\libc_nano.a(libc_a-mlock.o)
                0x080053f4                __malloc_unlock
 .text.__ssputs_r
                0x08005400       0xb6 C:/ST/STM32CubeIDE_1.16.1/STM32CubeIDE/plugins/com.st.stm32cube.ide.mcu.externaltools.gnu-tools-for-stm32.12.3.rel1.win32_1.0.200.202406191623/tools/bin/../lib/gcc/arm-none-eabi/12.3.1/../../../../arm-none-eabi/lib/thumb/v7-m/nofp\libc_nano.a(libc_a-nano-svfprintf.o)
                0x08005400                __ssputs_r
 *fill*         0x080054b6        0x2 
 .text._svfprintf_r
                0x080054b8      0x1f8 C:/ST/STM32CubeIDE_1.16.1/STM32CubeIDE/plugins/com.st.stm32cube.ide.mcu.externaltools.gnu-tools-for-stm32.12.3.rel1.win32_1.0.200.202406191623/tools/bin/../lib/gcc/arm-none-eabi/12.3.1/../../../../arm-none-eabi/lib/thumb/v7-m/nofp\libc_nano.a(libc_a-nano-svfprintf.o)
                0x080054b8                _svfiprintf_r
                0x080054b8                _svfprintf_r
 .text._printf_common
                0x080056b0       0xe4 C:/ST/STM32CubeIDE_1.16.1/STM32CubeIDE/plugins/com.st.stm32cube.ide.mcu.externaltools.gnu-tools-for-stm32.12.3.rel1.win32_1.0.200.202406191623/tools/bin/../lib/gcc/arm-none-eabi/12.3.1/../../../../arm-none-eabi/lib/thumb/v7-m/nofp\libc_nano.a(libc_a-nano-vfprintf_i.o)
                0x080056b0                _printf_common
 .text._printf_i
                0x08005794      0x240 C:/ST/STM32CubeIDE_1.16.1/STM32CubeIDE/plugins/com.st.stm32cube.ide.mcu.externaltools.gnu-tools-for-stm32.12.3.rel1.win32_1.0.200.202406191623/tools/bin/../lib/gcc/arm-none-eabi/12.3.1/../../../../arm-none-eabi/lib/thumb/v7-m/nofp\libc_nano.a(libc_a-nano-vfprintf_i.o)
                0x08005794                _printf_i
 .text.memmove  0x080059d4       0x34 C:/ST/STM32CubeIDE_1.16.1/STM32CubeIDE/plugins/com.st.stm32cube.ide.mcu.externaltools.gnu-tools-for-stm32.12.3.rel1.win32_1.0.200.202406191623/tools/bin/../lib/gcc/arm-none-eabi/12.3.1/../../../../arm-none-eabi/lib/thumb/v7-m/nofp\libc_nano.a(libc_a-memmove.o)
                0x080059d4                memmove
 .text._sbrk_r  0x08005a08       0x20 C:/ST/STM32CubeIDE_1.16.1/STM32CubeIDE/plugins/com.st.stm32cube.ide.mcu.externaltools.gnu-tools-for-stm32.12.3.rel1.win32_1.0.200.202406191623/tools/bin/../lib/gcc/arm-none-eabi/12.3.1/../../../../arm-none-eabi/lib/thumb/v7-m/nofp\libc_nano.a(libc_a-sbrkr.o)
                0x08005a08                _sbrk_r
 .text.memchr   0x08005a28       0x1c C:/ST/STM32CubeIDE_1.16.1/STM32CubeIDE/plugins/com.st.stm32cube.ide.mcu.externaltools.gnu-tools-for-stm32.12.3.rel1.win32_1.0.200.202406191623/tools/bin/../lib/gcc/arm-none-eabi/12.3.1/../../../../arm-none-eabi/lib/thumb/v7-m/nofp\libc_nano.a(libc_a-memchr-stub.o)
                0x08005a28                memchr
 .text._realloc_r
                0x08005a44       0x5c C:/ST/STM32CubeIDE_1.16.1/STM32CubeIDE/plugins/com.st.stm32cube.ide.mcu.externaltools.gnu-tools-for-stm32.12.3.rel1.win32_1.0.200.202406191623/tools/bin/../lib/gcc/arm-none-eabi/12.3.1/../../../../arm-none-eabi/lib/thumb/v7-m/nofp\libc_nano.a(libc_a-reallocr.o)
                0x08005a44                _realloc_r
 .text._malloc_usable_size_r
                0x08005aa0       0x10 C:/ST/STM32CubeIDE_1.16.1/STM32CubeIDE/plugins/com.st.stm32cube.ide.mcu.externaltools.gnu-tools-for-stm32.12.3.rel1.win32_1.0.200.202406191623/tools/bin/../lib/gcc/arm-none-eabi/12.3.1/../../../../arm-none-eabi/lib/thumb/v7-m/nofp\libc_nano.a(libc_a-msizer.o)
                0x08005aa0                _malloc_usable_size_r
 .text._sbrk    0x08005ab0       0x1c C:/ST/STM32CubeIDE_1.16.1/STM32CubeIDE/plugins/com.st.stm32cube.ide.mcu.externaltools.gnu-tools-for-stm32.12.3.rel1.win32_1.0.200.202406191623/tools/bin/../lib/gcc/arm-none-eabi/12.3.1/../../../../arm-none-eabi/lib/thumb/v7-m/nofp\libnosys.a(sbrk.o)
                0x08005ab0                _sbrk
 *(.glue_7)
 .glue_7        0x08005acc        0x0 linker stubs
 *(.glue_7t)
 .glue_7t       0x08005acc        0x0 linker stubs
 *(.eh_frame)
 .eh_frame      0x08005acc        0x0 C:/ST/STM32CubeIDE_1.16.1/STM32CubeIDE/plugins/com.st.stm32cube.ide.mcu.externaltools.gnu-tools-for-stm32.12.3.rel1.win32_1.0.200.202406191623/tools/bin/../lib/gcc/arm-none-eabi/12.3.1/thumb/v7-m/nofp/crtbegin.o
 *(.init)
 .init          0x08005acc        0x4 C:/ST/STM32CubeIDE_1.16.1/STM32CubeIDE/plugins/com.st.stm32cube.ide.mcu.externaltools.gnu-tools-for-stm32.12.3.rel1.win32_1.0.200.202406191623/tools/bin/../lib/gcc/arm-none-eabi/12.3.1/thumb/v7-m/nofp/crti.o
                0x08005acc                _init
 .init          0x08005ad0        0x8 C:/ST/STM32CubeIDE_1.16.1/STM32CubeIDE/plugins/com.st.stm32cube.ide.mcu.externaltools.gnu-tools-for-stm32.12.3.rel1.win32_1.0.200.202406191623/tools/bin/../lib/gcc/arm-none-eabi/12.3.1/thumb/v7-m/nofp/crtn.o
 *(.fini)
 .fini          0x08005ad8        0x4 C:/ST/STM32CubeIDE_1.16.1/STM32CubeIDE/plugins/com.st.stm32cube.ide.mcu.externaltools.gnu-tools-for-stm32.12.3.rel1.win32_1.0.200.202406191623/tools/bin/../lib/gcc/arm-none-eabi/12.3.1/thumb/v7-m/nofp/crti.o
                0x08005ad8                _fini
 .fini          0x08005adc        0x8 C:/ST/STM32CubeIDE_1.16.1/STM32CubeIDE/plugins/com.st.stm32cube.ide.mcu.externaltools.gnu-tools-for-stm32.12.3.rel1.win32_1.0.200.202406191623/tools/bin/../lib/gcc/arm-none-eabi/12.3.1/thumb/v7-m/nofp/crtn.o
                0x08005ae4                        . = ALIGN (0x4)
                0x08005ae4                        _etext = .

.vfp11_veneer   0x08005ae4        0x0
 .vfp11_veneer  0x08005ae4        0x0 linker stubs

.v4_bx          0x08005ae4        0x0
 .v4_bx         0x08005ae4        0x0 linker stubs

.iplt           0x08005ae4        0x0
 .iplt          0x08005ae4        0x0 C:/ST/STM32CubeIDE_1.16.1/STM32CubeIDE/plugins/com.st.stm32cube.ide.mcu.externaltools.gnu-tools-for-stm32.12.3.rel1.win32_1.0.200.202406191623/tools/bin/../lib/gcc/arm-none-eabi/12.3.1/thumb/v7-m/nofp/crtbegin.o

.rodata         0x08005ae4      0x198
                0x08005ae4                        . = ALIGN (0x4)
 *(.rodata)
 .rodata        0x08005ae4       0x34 ./Core/Src/main.o
 .rodata        0x08005b18        0x5 ./ThirdParty/FreeRTOS/tasks.o
 *fill*         0x08005b1d        0x3 
 .rodata        0x08005b20        0x8 ./ThirdParty/FreeRTOS/timers.o
 .rodata        0x08005b28       0x45 ./ThirdParty/SEGGER/Config/SEGGER_SYSVIEW_Config_FreeRTOS.o
 *fill*         0x08005b6d        0x3 
 .rodata        0x08005b70       0x58 ./ThirdParty/SEGGER/OS/SEGGER_SYSVIEW_FreeRTOS.o
 .rodata        0x08005bc8        0x9 ./ThirdParty/SEGGER/SEGGER/SEGGER_RTT.o
 *fill*         0x08005bd1        0x3 
 .rodata        0x08005bd4       0x10 ./ThirdParty/SEGGER/SEGGER/SEGGER_SYSVIEW.o
 *(.rodata*)
 .rodata.AHBPrescTable
                0x08005be4       0x10 ./Core/Src/system_stm32f1xx.o
                0x08005be4                AHBPrescTable
 .rodata.APBPrescTable
                0x08005bf4        0x8 ./Core/Src/system_stm32f1xx.o
                0x08005bf4                APBPrescTable
 .rodata.aPLLMULFactorTable.1
                0x08005bfc       0x10 ./Drivers/STM32F1xx_HAL_Driver/Src/stm32f1xx_hal_rcc.o
 .rodata.aPredivFactorTable.0
                0x08005c0c        0x2 ./Drivers/STM32F1xx_HAL_Driver/Src/stm32f1xx_hal_rcc.o
 *fill*         0x08005c0e        0x2 
 .rodata.SYSVIEW_X_OS_TraceAPI
                0x08005c10        0x8 ./ThirdParty/SEGGER/OS/SEGGER_SYSVIEW_FreeRTOS.o
                0x08005c10                SYSVIEW_X_OS_TraceAPI
 .rodata._aInitStr.0
                0x08005c18       0x11 ./ThirdParty/SEGGER/SEGGER/SEGGER_RTT.o
 *fill*         0x08005c29        0x3 
 .rodata._abSync
                0x08005c2c        0xa ./ThirdParty/SEGGER/SEGGER/SEGGER_SYSVIEW.o
 *fill*         0x08005c36        0x2 
 .rodata._aV2C.0
                0x08005c38       0x10 ./ThirdParty/SEGGER/SEGGER/SEGGER_SYSVIEW.o
 .rodata._svfprintf_r.str1.1
                0x08005c48       0x11 C:/ST/STM32CubeIDE_1.16.1/STM32CubeIDE/plugins/com.st.stm32cube.ide.mcu.externaltools.gnu-tools-for-stm32.12.3.rel1.win32_1.0.200.202406191623/tools/bin/../lib/gcc/arm-none-eabi/12.3.1/../../../../arm-none-eabi/lib/thumb/v7-m/nofp\libc_nano.a(libc_a-nano-svfprintf.o)
 .rodata._printf_i.str1.1
                0x08005c59       0x22 C:/ST/STM32CubeIDE_1.16.1/STM32CubeIDE/plugins/com.st.stm32cube.ide.mcu.externaltools.gnu-tools-for-stm32.12.3.rel1.win32_1.0.200.202406191623/tools/bin/../lib/gcc/arm-none-eabi/12.3.1/../../../../arm-none-eabi/lib/thumb/v7-m/nofp\libc_nano.a(libc_a-nano-vfprintf_i.o)
                0x08005c7c                        . = ALIGN (0x4)
 *fill*         0x08005c7b        0x1 

.ARM.extab      0x08005c7c        0x0
                0x08005c7c                        . = ALIGN (0x4)
 *(.ARM.extab* .gnu.linkonce.armextab.*)
                0x08005c7c                        . = ALIGN (0x4)

.ARM            0x08005c7c        0x0
                0x08005c7c                        . = ALIGN (0x4)
                0x08005c7c                        __exidx_start = .
 *(.ARM.exidx*)
                0x08005c7c                        __exidx_end = .
                0x08005c7c                        . = ALIGN (0x4)

.preinit_array  0x08005c7c        0x0
                0x08005c7c                        . = ALIGN (0x4)
                0x08005c7c                        PROVIDE (__preinit_array_start = .)
 *(.preinit_array*)
                0x08005c7c                        PROVIDE (__preinit_array_end = .)
                0x08005c7c                        . = ALIGN (0x4)

.init_array     0x08005c7c        0x4
                0x08005c7c                        . = ALIGN (0x4)
                0x08005c7c                        PROVIDE (__init_array_start = .)
 *(SORT_BY_NAME(.init_array.*))
 *(.init_array*)
 .init_array    0x08005c7c        0x4 C:/ST/STM32CubeIDE_1.16.1/STM32CubeIDE/plugins/com.st.stm32cube.ide.mcu.externaltools.gnu-tools-for-stm32.12.3.rel1.win32_1.0.200.202406191623/tools/bin/../lib/gcc/arm-none-eabi/12.3.1/thumb/v7-m/nofp/crtbegin.o
                0x08005c80                        PROVIDE (__init_array_end = .)
                0x08005c80                        . = ALIGN (0x4)

.fini_array     0x08005c80        0x4
                0x08005c80                        . = ALIGN (0x4)
                [!provide]                        PROVIDE (__fini_array_start = .)
 *(SORT_BY_NAME(.fini_array.*))
 *(.fini_array*)
 .fini_array    0x08005c80        0x4 C:/ST/STM32CubeIDE_1.16.1/STM32CubeIDE/plugins/com.st.stm32cube.ide.mcu.externaltools.gnu-tools-for-stm32.12.3.rel1.win32_1.0.200.202406191623/tools/bin/../lib/gcc/arm-none-eabi/12.3.1/thumb/v7-m/nofp/crtbegin.o
                [!provide]                        PROVIDE (__fini_array_end = .)
                0x08005c84                        . = ALIGN (0x4)
                0x08005c84                        _sidata = LOADADDR (.data)

.rel.dyn        0x08005c84        0x0
 .rel.iplt      0x08005c84        0x0 C:/ST/STM32CubeIDE_1.16.1/STM32CubeIDE/plugins/com.st.stm32cube.ide.mcu.externaltools.gnu-tools-for-stm32.12.3.rel1.win32_1.0.200.202406191623/tools/bin/../lib/gcc/arm-none-eabi/12.3.1/thumb/v7-m/nofp/crtbegin.o

.data           0x20000000       0x64 load address 0x08005c84
                0x20000000                        . = ALIGN (0x4)
                0x20000000                        _sdata = .
 *(.data)
 *(.data*)
 .data.SystemCoreClock
                0x20000000        0x4 ./Core/Src/system_stm32f1xx.o
                0x20000000                SystemCoreClock
 .data.uwTickPrio
                0x20000004        0x4 ./Drivers/STM32F1xx_HAL_Driver/Src/stm32f1xx_hal.o
                0x20000004                uwTickPrio
 .data.uwTickFreq
                0x20000008        0x1 ./Drivers/STM32F1xx_HAL_Driver/Src/stm32f1xx_hal.o
                0x20000008                uwTickFreq
 *fill*         0x20000009        0x3 
 .data.uxTopUsedPriority
                0x2000000c        0x4 ./ThirdParty/FreeRTOS/tasks.o
                0x2000000c                uxTopUsedPriority
 .data.uxCriticalNesting
                0x20000010        0x4 ./ThirdParty/FreeRTOS/portable/GCC/ARM_CM3/port.o
 .data._impure_ptr
                0x20000014        0x4 C:/ST/STM32CubeIDE_1.16.1/STM32CubeIDE/plugins/com.st.stm32cube.ide.mcu.externaltools.gnu-tools-for-stm32.12.3.rel1.win32_1.0.200.202406191623/tools/bin/../lib/gcc/arm-none-eabi/12.3.1/../../../../arm-none-eabi/lib/thumb/v7-m/nofp\libc_nano.a(libc_a-impure.o)
                0x20000014                _impure_ptr
 .data._impure_data
                0x20000018       0x4c C:/ST/STM32CubeIDE_1.16.1/STM32CubeIDE/plugins/com.st.stm32cube.ide.mcu.externaltools.gnu-tools-for-stm32.12.3.rel1.win32_1.0.200.202406191623/tools/bin/../lib/gcc/arm-none-eabi/12.3.1/../../../../arm-none-eabi/lib/thumb/v7-m/nofp\libc_nano.a(libc_a-impure.o)
                0x20000018                _impure_data
 *(.RamFunc)
 *(.RamFunc*)
                0x20000064                        . = ALIGN (0x4)
                0x20000064                        _edata = .

.igot.plt       0x20000064        0x0 load address 0x08005ce8
 .igot.plt      0x20000064        0x0 C:/ST/STM32CubeIDE_1.16.1/STM32CubeIDE/plugins/com.st.stm32cube.ide.mcu.externaltools.gnu-tools-for-stm32.12.3.rel1.win32_1.0.200.202406191623/tools/bin/../lib/gcc/arm-none-eabi/12.3.1/thumb/v7-m/nofp/crtbegin.o
                0x20000064                        . = ALIGN (0x4)

.bss            0x20000064     0x1d88 load address 0x08005ce8
                0x20000064                        _sbss = .
                0x20000064                        __bss_start__ = _sbss
 *(.bss)
 .bss           0x20000064       0x1c C:/ST/STM32CubeIDE_1.16.1/STM32CubeIDE/plugins/com.st.stm32cube.ide.mcu.externaltools.gnu-tools-for-stm32.12.3.rel1.win32_1.0.200.202406191623/tools/bin/../lib/gcc/arm-none-eabi/12.3.1/thumb/v7-m/nofp/crtbegin.o
 *(.bss*)
 .bss.htim1     0x20000080       0x48 ./Core/Src/stm32f1xx_hal_timebase_tim.o
                0x20000080                htim1
 .bss.uwTick    0x200000c8        0x4 ./Drivers/STM32F1xx_HAL_Driver/Src/stm32f1xx_hal.o
                0x200000c8                uwTick
 .bss.ucHeap    0x200000cc     0x1000 ./ThirdParty/FreeRTOS/MemMang/heap_4.o
 .bss.xStart    0x200010cc        0x8 ./ThirdParty/FreeRTOS/MemMang/heap_4.o
 .bss.pxEnd     0x200010d4        0x4 ./ThirdParty/FreeRTOS/MemMang/heap_4.o
 .bss.xFreeBytesRemaining
                0x200010d8        0x4 ./ThirdParty/FreeRTOS/MemMang/heap_4.o
 .bss.xMinimumEverFreeBytesRemaining
                0x200010dc        0x4 ./ThirdParty/FreeRTOS/MemMang/heap_4.o
 .bss.xNumberOfSuccessfulAllocations
                0x200010e0        0x4 ./ThirdParty/FreeRTOS/MemMang/heap_4.o
 .bss.xNumberOfSuccessfulFrees
                0x200010e4        0x4 ./ThirdParty/FreeRTOS/MemMang/heap_4.o
 .bss.pxCurrentTCB
                0x200010e8        0x4 ./ThirdParty/FreeRTOS/tasks.o
                0x200010e8                pxCurrentTCB
 .bss.pxReadyTasksLists
                0x200010ec       0x64 ./ThirdParty/FreeRTOS/tasks.o
 .bss.xDelayedTaskList1
                0x20001150       0x14 ./ThirdParty/FreeRTOS/tasks.o
 .bss.xDelayedTaskList2
                0x20001164       0x14 ./ThirdParty/FreeRTOS/tasks.o
 .bss.pxDelayedTaskList
                0x20001178        0x4 ./ThirdParty/FreeRTOS/tasks.o
 .bss.pxOverflowDelayedTaskList
                0x2000117c        0x4 ./ThirdParty/FreeRTOS/tasks.o
 .bss.xPendingReadyList
                0x20001180       0x14 ./ThirdParty/FreeRTOS/tasks.o
 .bss.xTasksWaitingTermination
                0x20001194       0x14 ./ThirdParty/FreeRTOS/tasks.o
 .bss.uxDeletedTasksWaitingCleanUp
                0x200011a8        0x4 ./ThirdParty/FreeRTOS/tasks.o
 .bss.xSuspendedTaskList
                0x200011ac       0x14 ./ThirdParty/FreeRTOS/tasks.o
 .bss.uxCurrentNumberOfTasks
                0x200011c0        0x4 ./ThirdParty/FreeRTOS/tasks.o
 .bss.xTickCount
                0x200011c4        0x4 ./ThirdParty/FreeRTOS/tasks.o
 .bss.uxTopReadyPriority
                0x200011c8        0x4 ./ThirdParty/FreeRTOS/tasks.o
 .bss.xSchedulerRunning
                0x200011cc        0x4 ./ThirdParty/FreeRTOS/tasks.o
 .bss.xPendedTicks
                0x200011d0        0x4 ./ThirdParty/FreeRTOS/tasks.o
 .bss.xYieldPending
                0x200011d4        0x4 ./ThirdParty/FreeRTOS/tasks.o
 .bss.xNumOfOverflows
                0x200011d8        0x4 ./ThirdParty/FreeRTOS/tasks.o
 .bss.uxTaskNumber
                0x200011dc        0x4 ./ThirdParty/FreeRTOS/tasks.o
 .bss.xNextTaskUnblockTime
                0x200011e0        0x4 ./ThirdParty/FreeRTOS/tasks.o
 .bss.xIdleTaskHandle
                0x200011e4        0x4 ./ThirdParty/FreeRTOS/tasks.o
 .bss.uxSchedulerSuspended
                0x200011e8        0x4 ./ThirdParty/FreeRTOS/tasks.o
 .bss.xActiveTimerList1
                0x200011ec       0x14 ./ThirdParty/FreeRTOS/timers.o
 .bss.xActiveTimerList2
                0x20001200       0x14 ./ThirdParty/FreeRTOS/timers.o
 .bss.pxCurrentTimerList
                0x20001214        0x4 ./ThirdParty/FreeRTOS/timers.o
 .bss.pxOverflowTimerList
                0x20001218        0x4 ./ThirdParty/FreeRTOS/timers.o
 .bss.xTimerQueue
                0x2000121c        0x4 ./ThirdParty/FreeRTOS/timers.o
 .bss.xTimerTaskHandle
                0x20001220        0x4 ./ThirdParty/FreeRTOS/timers.o
 .bss.xLastTime.0
                0x20001224        0x4 ./ThirdParty/FreeRTOS/timers.o
 .bss._aTasks   0x20001228       0xa0 ./ThirdParty/SEGGER/OS/SEGGER_SYSVIEW_FreeRTOS.o
 .bss._NumTasks
                0x200012c8        0x4 ./ThirdParty/SEGGER/OS/SEGGER_SYSVIEW_FreeRTOS.o
 .bss._SEGGER_RTT
                0x200012cc       0xa8 ./ThirdParty/SEGGER/SEGGER/SEGGER_RTT.o
                0x200012cc                _SEGGER_RTT
 .bss._acUpBuffer
                0x20001374      0x400 ./ThirdParty/SEGGER/SEGGER/SEGGER_RTT.o
 .bss._acDownBuffer
                0x20001774       0x10 ./ThirdParty/SEGGER/SEGGER/SEGGER_RTT.o
 .bss._UpBuffer
                0x20001784      0x400 ./ThirdParty/SEGGER/SEGGER/SEGGER_SYSVIEW.o
 .bss._DownBuffer
                0x20001b84        0x8 ./ThirdParty/SEGGER/SEGGER/SEGGER_SYSVIEW.o
 .bss._SYSVIEW_Globals
                0x20001b8c       0x28 ./ThirdParty/SEGGER/SEGGER/SEGGER_SYSVIEW.o
 .bss._pFirstModule
                0x20001bb4        0x4 ./ThirdParty/SEGGER/SEGGER/SEGGER_SYSVIEW.o
 .bss._NumModules
                0x20001bb8        0x1 ./ThirdParty/SEGGER/SEGGER/SEGGER_SYSVIEW.o
 *fill*         0x20001bb9        0x3 
 .bss._aPacket  0x20001bbc       0xe3 ./ThirdParty/SEGGER/SEGGER/SEGGER_SYSVIEW.o
 *fill*         0x20001c9f        0x1 
 .bss.__sf      0x20001ca0      0x138 C:/ST/STM32CubeIDE_1.16.1/STM32CubeIDE/plugins/com.st.stm32cube.ide.mcu.externaltools.gnu-tools-for-stm32.12.3.rel1.win32_1.0.200.202406191623/tools/bin/../lib/gcc/arm-none-eabi/12.3.1/../../../../arm-none-eabi/lib/thumb/v7-m/nofp\libc_nano.a(libc_a-findfp.o)
                0x20001ca0                __sf
 .bss.errno     0x20001dd8        0x4 C:/ST/STM32CubeIDE_1.16.1/STM32CubeIDE/plugins/com.st.stm32cube.ide.mcu.externaltools.gnu-tools-for-stm32.12.3.rel1.win32_1.0.200.202406191623/tools/bin/../lib/gcc/arm-none-eabi/12.3.1/../../../../arm-none-eabi/lib/thumb/v7-m/nofp\libc_nano.a(libc_a-reent.o)
                0x20001dd8                errno
 .bss.__lock___malloc_recursive_mutex
                0x20001ddc        0x1 C:/ST/STM32CubeIDE_1.16.1/STM32CubeIDE/plugins/com.st.stm32cube.ide.mcu.externaltools.gnu-tools-for-stm32.12.3.rel1.win32_1.0.200.202406191623/tools/bin/../lib/gcc/arm-none-eabi/12.3.1/../../../../arm-none-eabi/lib/thumb/v7-m/nofp\libc_nano.a(libc_a-lock.o)
                0x20001ddc                __lock___malloc_recursive_mutex
 *fill*         0x20001ddd        0x3 
 .bss.__malloc_sbrk_start
                0x20001de0        0x4 C:/ST/STM32CubeIDE_1.16.1/STM32CubeIDE/plugins/com.st.stm32cube.ide.mcu.externaltools.gnu-tools-for-stm32.12.3.rel1.win32_1.0.200.202406191623/tools/bin/../lib/gcc/arm-none-eabi/12.3.1/../../../../arm-none-eabi/lib/thumb/v7-m/nofp\libc_nano.a(libc_a-mallocr.o)
                0x20001de0                __malloc_sbrk_start
 .bss.__malloc_free_list
                0x20001de4        0x4 C:/ST/STM32CubeIDE_1.16.1/STM32CubeIDE/plugins/com.st.stm32cube.ide.mcu.externaltools.gnu-tools-for-stm32.12.3.rel1.win32_1.0.200.202406191623/tools/bin/../lib/gcc/arm-none-eabi/12.3.1/../../../../arm-none-eabi/lib/thumb/v7-m/nofp\libc_nano.a(libc_a-mallocr.o)
                0x20001de4                __malloc_free_list
 .bss.heap_end.0
                0x20001de8        0x4 C:/ST/STM32CubeIDE_1.16.1/STM32CubeIDE/plugins/com.st.stm32cube.ide.mcu.externaltools.gnu-tools-for-stm32.12.3.rel1.win32_1.0.200.202406191623/tools/bin/../lib/gcc/arm-none-eabi/12.3.1/../../../../arm-none-eabi/lib/thumb/v7-m/nofp\libnosys.a(sbrk.o)
 *(COMMON)
                0x20001dec                        . = ALIGN (0x4)
                0x20001dec                        _ebss = .
                0x20001dec                        __bss_end__ = _ebss

._user_heap_stack
                0x20001dec      0x604 load address 0x08005ce8
                0x20001df0                        . = ALIGN (0x8)
 *fill*         0x20001dec        0x4 
                0x20001df0                        PROVIDE (end = .)
                [!provide]                        PROVIDE (_end = .)
                0x20001ff0                        . = (. + _Min_Heap_Size)
 *fill*         0x20001df0      0x200 
                0x200023f0                        . = (. + _Min_Stack_Size)
 *fill*         0x20001ff0      0x400 
                0x200023f0                        . = ALIGN (0x8)

/DISCARD/
 libc.a(*)
 libm.a(*)
 libgcc.a(*)

.ARM.attributes
                0x00000000       0x29
 *(.ARM.attributes)
 .ARM.attributes
                0x00000000       0x1d C:/ST/STM32CubeIDE_1.16.1/STM32CubeIDE/plugins/com.st.stm32cube.ide.mcu.externaltools.gnu-tools-for-stm32.12.3.rel1.win32_1.0.200.202406191623/tools/bin/../lib/gcc/arm-none-eabi/12.3.1/thumb/v7-m/nofp/crti.o
 .ARM.attributes
                0x0000001d       0x2d C:/ST/STM32CubeIDE_1.16.1/STM32CubeIDE/plugins/com.st.stm32cube.ide.mcu.externaltools.gnu-tools-for-stm32.12.3.rel1.win32_1.0.200.202406191623/tools/bin/../lib/gcc/arm-none-eabi/12.3.1/thumb/v7-m/nofp/crtbegin.o
 .ARM.attributes
                0x0000004a       0x2d ./Core/Src/main.o
 .ARM.attributes
                0x00000077       0x2d ./Core/Src/stm32f1xx_hal_msp.o
 .ARM.attributes
                0x000000a4       0x2d ./Core/Src/stm32f1xx_hal_timebase_tim.o
 .ARM.attributes
                0x000000d1       0x2d ./Core/Src/stm32f1xx_it.o
 .ARM.attributes
                0x000000fe       0x2d ./Core/Src/system_stm32f1xx.o
 .ARM.attributes
                0x0000012b       0x21 ./Core/Startup/startup_stm32f103c6tx.o
 .ARM.attributes
                0x0000014c       0x2d ./Drivers/STM32F1xx_HAL_Driver/Src/stm32f1xx_hal.o
 .ARM.attributes
                0x00000179       0x2d ./Drivers/STM32F1xx_HAL_Driver/Src/stm32f1xx_hal_cortex.o
 .ARM.attributes
                0x000001a6       0x2d ./Drivers/STM32F1xx_HAL_Driver/Src/stm32f1xx_hal_rcc.o
 .ARM.attributes
                0x000001d3       0x2d ./Drivers/STM32F1xx_HAL_Driver/Src/stm32f1xx_hal_tim.o
 .ARM.attributes
                0x00000200       0x2d ./Drivers/STM32F1xx_HAL_Driver/Src/stm32f1xx_hal_tim_ex.o
 .ARM.attributes
                0x0000022d       0x2d ./ThirdParty/FreeRTOS/MemMang/heap_4.o
 .ARM.attributes
                0x0000025a       0x2d ./ThirdParty/FreeRTOS/list.o
 .ARM.attributes
                0x00000287       0x2d ./ThirdParty/FreeRTOS/queue.o
 .ARM.attributes
                0x000002b4       0x2d ./ThirdParty/FreeRTOS/tasks.o
 .ARM.attributes
                0x000002e1       0x2d ./ThirdParty/FreeRTOS/timers.o
 .ARM.attributes
                0x0000030e       0x2d ./ThirdParty/FreeRTOS/portable/GCC/ARM_CM3/port.o
 .ARM.attributes
                0x0000033b       0x2d ./ThirdParty/SEGGER/Config/SEGGER_SYSVIEW_Config_FreeRTOS.o
 .ARM.attributes
                0x00000368       0x2d ./ThirdParty/SEGGER/OS/SEGGER_SYSVIEW_FreeRTOS.o
 .ARM.attributes
                0x00000395       0x2d ./ThirdParty/SEGGER/SEGGER/SEGGER_RTT.o
 .ARM.attributes
                0x000003c2       0x1b ./ThirdParty/SEGGER/SEGGER/SEGGER_RTT_ASM_ARMv7M.o
 .ARM.attributes
                0x000003dd       0x2d ./ThirdParty/SEGGER/SEGGER/SEGGER_SYSVIEW.o
 .ARM.attributes
                0x0000040a       0x2d C:/ST/STM32CubeIDE_1.16.1/STM32CubeIDE/plugins/com.st.stm32cube.ide.mcu.externaltools.gnu-tools-for-stm32.12.3.rel1.win32_1.0.200.202406191623/tools/bin/../lib/gcc/arm-none-eabi/12.3.1/../../../../arm-none-eabi/lib/thumb/v7-m/nofp\libc_nano.a(libc_a-findfp.o)
 .ARM.attributes
                0x00000437       0x2d C:/ST/STM32CubeIDE_1.16.1/STM32CubeIDE/plugins/com.st.stm32cube.ide.mcu.externaltools.gnu-tools-for-stm32.12.3.rel1.win32_1.0.200.202406191623/tools/bin/../lib/gcc/arm-none-eabi/12.3.1/../../../../arm-none-eabi/lib/thumb/v7-m/nofp\libc_nano.a(libc_a-snprintf.o)
 .ARM.attributes
                0x00000464       0x2d C:/ST/STM32CubeIDE_1.16.1/STM32CubeIDE/plugins/com.st.stm32cube.ide.mcu.externaltools.gnu-tools-for-stm32.12.3.rel1.win32_1.0.200.202406191623/tools/bin/../lib/gcc/arm-none-eabi/12.3.1/../../../../arm-none-eabi/lib/thumb/v7-m/nofp\libc_nano.a(libc_a-memcmp.o)
 .ARM.attributes
                0x00000491       0x2d C:/ST/STM32CubeIDE_1.16.1/STM32CubeIDE/plugins/com.st.stm32cube.ide.mcu.externaltools.gnu-tools-for-stm32.12.3.rel1.win32_1.0.200.202406191623/tools/bin/../lib/gcc/arm-none-eabi/12.3.1/../../../../arm-none-eabi/lib/thumb/v7-m/nofp\libc_nano.a(libc_a-memset.o)
 .ARM.attributes
                0x000004be       0x2d C:/ST/STM32CubeIDE_1.16.1/STM32CubeIDE/plugins/com.st.stm32cube.ide.mcu.externaltools.gnu-tools-for-stm32.12.3.rel1.win32_1.0.200.202406191623/tools/bin/../lib/gcc/arm-none-eabi/12.3.1/../../../../arm-none-eabi/lib/thumb/v7-m/nofp\libc_nano.a(libc_a-reent.o)
 .ARM.attributes
                0x000004eb       0x2d C:/ST/STM32CubeIDE_1.16.1/STM32CubeIDE/plugins/com.st.stm32cube.ide.mcu.externaltools.gnu-tools-for-stm32.12.3.rel1.win32_1.0.200.202406191623/tools/bin/../lib/gcc/arm-none-eabi/12.3.1/../../../../arm-none-eabi/lib/thumb/v7-m/nofp\libc_nano.a(libc_a-impure.o)
 .ARM.attributes
                0x00000518       0x2d C:/ST/STM32CubeIDE_1.16.1/STM32CubeIDE/plugins/com.st.stm32cube.ide.mcu.externaltools.gnu-tools-for-stm32.12.3.rel1.win32_1.0.200.202406191623/tools/bin/../lib/gcc/arm-none-eabi/12.3.1/../../../../arm-none-eabi/lib/thumb/v7-m/nofp\libc_nano.a(libc_a-init.o)
 .ARM.attributes
                0x00000545       0x2d C:/ST/STM32CubeIDE_1.16.1/STM32CubeIDE/plugins/com.st.stm32cube.ide.mcu.externaltools.gnu-tools-for-stm32.12.3.rel1.win32_1.0.200.202406191623/tools/bin/../lib/gcc/arm-none-eabi/12.3.1/../../../../arm-none-eabi/lib/thumb/v7-m/nofp\libc_nano.a(libc_a-lock.o)
 .ARM.attributes
                0x00000572       0x2d C:/ST/STM32CubeIDE_1.16.1/STM32CubeIDE/plugins/com.st.stm32cube.ide.mcu.externaltools.gnu-tools-for-stm32.12.3.rel1.win32_1.0.200.202406191623/tools/bin/../lib/gcc/arm-none-eabi/12.3.1/../../../../arm-none-eabi/lib/thumb/v7-m/nofp\libc_nano.a(libc_a-memcpy-stub.o)
 .ARM.attributes
                0x0000059f       0x2d C:/ST/STM32CubeIDE_1.16.1/STM32CubeIDE/plugins/com.st.stm32cube.ide.mcu.externaltools.gnu-tools-for-stm32.12.3.rel1.win32_1.0.200.202406191623/tools/bin/../lib/gcc/arm-none-eabi/12.3.1/../../../../arm-none-eabi/lib/thumb/v7-m/nofp\libc_nano.a(libc_a-freer.o)
 .ARM.attributes
                0x000005cc       0x2d C:/ST/STM32CubeIDE_1.16.1/STM32CubeIDE/plugins/com.st.stm32cube.ide.mcu.externaltools.gnu-tools-for-stm32.12.3.rel1.win32_1.0.200.202406191623/tools/bin/../lib/gcc/arm-none-eabi/12.3.1/../../../../arm-none-eabi/lib/thumb/v7-m/nofp\libc_nano.a(libc_a-mallocr.o)
 .ARM.attributes
                0x000005f9       0x2d C:/ST/STM32CubeIDE_1.16.1/STM32CubeIDE/plugins/com.st.stm32cube.ide.mcu.externaltools.gnu-tools-for-stm32.12.3.rel1.win32_1.0.200.202406191623/tools/bin/../lib/gcc/arm-none-eabi/12.3.1/../../../../arm-none-eabi/lib/thumb/v7-m/nofp\libc_nano.a(libc_a-mlock.o)
 .ARM.attributes
                0x00000626       0x2d C:/ST/STM32CubeIDE_1.16.1/STM32CubeIDE/plugins/com.st.stm32cube.ide.mcu.externaltools.gnu-tools-for-stm32.12.3.rel1.win32_1.0.200.202406191623/tools/bin/../lib/gcc/arm-none-eabi/12.3.1/../../../../arm-none-eabi/lib/thumb/v7-m/nofp\libc_nano.a(libc_a-nano-svfprintf.o)
 .ARM.attributes
                0x00000653       0x2d C:/ST/STM32CubeIDE_1.16.1/STM32CubeIDE/plugins/com.st.stm32cube.ide.mcu.externaltools.gnu-tools-for-stm32.12.3.rel1.win32_1.0.200.202406191623/tools/bin/../lib/gcc/arm-none-eabi/12.3.1/../../../../arm-none-eabi/lib/thumb/v7-m/nofp\libc_nano.a(libc_a-nano-vfprintf_i.o)
 .ARM.attributes
                0x00000680       0x2d C:/ST/STM32CubeIDE_1.16.1/STM32CubeIDE/plugins/com.st.stm32cube.ide.mcu.externaltools.gnu-tools-for-stm32.12.3.rel1.win32_1.0.200.202406191623/tools/bin/../lib/gcc/arm-none-eabi/12.3.1/../../../../arm-none-eabi/lib/thumb/v7-m/nofp\libc_nano.a(libc_a-memmove.o)
 .ARM.attributes
                0x000006ad       0x2d C:/ST/STM32CubeIDE_1.16.1/STM32CubeIDE/plugins/com.st.stm32cube.ide.mcu.externaltools.gnu-tools-for-stm32.12.3.rel1.win32_1.0.200.202406191623/tools/bin/../lib/gcc/arm-none-eabi/12.3.1/../../../../arm-none-eabi/lib/thumb/v7-m/nofp\libc_nano.a(libc_a-sbrkr.o)
 .ARM.attributes
                0x000006da       0x2d C:/ST/STM32CubeIDE_1.16.1/STM32CubeIDE/plugins/com.st.stm32cube.ide.mcu.externaltools.gnu-tools-for-stm32.12.3.rel1.win32_1.0.200.202406191623/tools/bin/../lib/gcc/arm-none-eabi/12.3.1/../../../../arm-none-eabi/lib/thumb/v7-m/nofp\libc_nano.a(libc_a-memchr-stub.o)
 .ARM.attributes
                0x00000707       0x2d C:/ST/STM32CubeIDE_1.16.1/STM32CubeIDE/plugins/com.st.stm32cube.ide.mcu.externaltools.gnu-tools-for-stm32.12.3.rel1.win32_1.0.200.202406191623/tools/bin/../lib/gcc/arm-none-eabi/12.3.1/../../../../arm-none-eabi/lib/thumb/v7-m/nofp\libc_nano.a(libc_a-reallocr.o)
 .ARM.attributes
                0x00000734       0x2d C:/ST/STM32CubeIDE_1.16.1/STM32CubeIDE/plugins/com.st.stm32cube.ide.mcu.externaltools.gnu-tools-for-stm32.12.3.rel1.win32_1.0.200.202406191623/tools/bin/../lib/gcc/arm-none-eabi/12.3.1/../../../../arm-none-eabi/lib/thumb/v7-m/nofp\libc_nano.a(libc_a-msizer.o)
 .ARM.attributes
                0x00000761       0x2d C:/ST/STM32CubeIDE_1.16.1/STM32CubeIDE/plugins/com.st.stm32cube.ide.mcu.externaltools.gnu-tools-for-stm32.12.3.rel1.win32_1.0.200.202406191623/tools/bin/../lib/gcc/arm-none-eabi/12.3.1/../../../../arm-none-eabi/lib/thumb/v7-m/nofp\libnosys.a(sbrk.o)
 .ARM.attributes
                0x0000078e       0x1d C:/ST/STM32CubeIDE_1.16.1/STM32CubeIDE/plugins/com.st.stm32cube.ide.mcu.externaltools.gnu-tools-for-stm32.12.3.rel1.win32_1.0.200.202406191623/tools/bin/../lib/gcc/arm-none-eabi/12.3.1/thumb/v7-m/nofp/crtn.o
OUTPUT(STM32F103_FreeRTOS.elf elf32-littlearm)
LOAD linker stubs
LOAD C:/ST/STM32CubeIDE_1.16.1/STM32CubeIDE/plugins/com.st.stm32cube.ide.mcu.externaltools.gnu-tools-for-stm32.12.3.rel1.win32_1.0.200.202406191623/tools/bin/../lib/gcc/arm-none-eabi/12.3.1/../../../../arm-none-eabi/lib/thumb/v7-m/nofp\libc.a
LOAD C:/ST/STM32CubeIDE_1.16.1/STM32CubeIDE/plugins/com.st.stm32cube.ide.mcu.externaltools.gnu-tools-for-stm32.12.3.rel1.win32_1.0.200.202406191623/tools/bin/../lib/gcc/arm-none-eabi/12.3.1/../../../../arm-none-eabi/lib/thumb/v7-m/nofp\libm.a
LOAD C:/ST/STM32CubeIDE_1.16.1/STM32CubeIDE/plugins/com.st.stm32cube.ide.mcu.externaltools.gnu-tools-for-stm32.12.3.rel1.win32_1.0.200.202406191623/tools/bin/../lib/gcc/arm-none-eabi/12.3.1/thumb/v7-m/nofp\libgcc.a

.debug_info     0x00000000    0x11550
 .debug_info    0x00000000      0xaf4 ./Core/Src/main.o
 .debug_info    0x00000af4      0x1f1 ./Core/Src/stm32f1xx_hal_msp.o
 .debug_info    0x00000ce5      0x97c ./Core/Src/stm32f1xx_hal_timebase_tim.o
 .debug_info    0x00001661      0x66a ./Core/Src/stm32f1xx_it.o
 .debug_info    0x00001ccb      0x222 ./Core/Src/system_stm32f1xx.o
 .debug_info    0x00001eed       0x30 ./Core/Startup/startup_stm32f103c6tx.o
 .debug_info    0x00001f1d      0x6e6 ./Drivers/STM32F1xx_HAL_Driver/Src/stm32f1xx_hal.o
 .debug_info    0x00002603      0xa69 ./Drivers/STM32F1xx_HAL_Driver/Src/stm32f1xx_hal_cortex.o
 .debug_info    0x0000306c      0x7d5 ./Drivers/STM32F1xx_HAL_Driver/Src/stm32f1xx_hal_rcc.o
 .debug_info    0x00003841     0x2959 ./Drivers/STM32F1xx_HAL_Driver/Src/stm32f1xx_hal_tim.o
 .debug_info    0x0000619a     0x149b ./Drivers/STM32F1xx_HAL_Driver/Src/stm32f1xx_hal_tim_ex.o
 .debug_info    0x00007635      0x4a1 ./ThirdParty/FreeRTOS/MemMang/heap_4.o
 .debug_info    0x00007ad6      0x2b6 ./ThirdParty/FreeRTOS/list.o
 .debug_info    0x00007d8c      0xf94 ./ThirdParty/FreeRTOS/queue.o
 .debug_info    0x00008d20     0x1aad ./ThirdParty/FreeRTOS/tasks.o
 .debug_info    0x0000a7cd      0xc3b ./ThirdParty/FreeRTOS/timers.o
 .debug_info    0x0000b408      0x381 ./ThirdParty/FreeRTOS/portable/GCC/ARM_CM3/port.o
 .debug_info    0x0000b789      0x15d ./ThirdParty/SEGGER/Config/SEGGER_SYSVIEW_Config_FreeRTOS.o
 .debug_info    0x0000b8e6      0x426 ./ThirdParty/SEGGER/OS/SEGGER_SYSVIEW_FreeRTOS.o
 .debug_info    0x0000bd0c     0x14d5 ./ThirdParty/SEGGER/SEGGER/SEGGER_RTT.o
 .debug_info    0x0000d1e1       0x25 ./ThirdParty/SEGGER/SEGGER/SEGGER_RTT_ASM_ARMv7M.o
 .debug_info    0x0000d206     0x434a ./ThirdParty/SEGGER/SEGGER/SEGGER_SYSVIEW.o

.debug_abbrev   0x00000000     0x2aea
 .debug_abbrev  0x00000000      0x2a4 ./Core/Src/main.o
 .debug_abbrev  0x000002a4       0xdb ./Core/Src/stm32f1xx_hal_msp.o
 .debug_abbrev  0x0000037f      0x1f3 ./Core/Src/stm32f1xx_hal_timebase_tim.o
 .debug_abbrev  0x00000572      0x17c ./Core/Src/stm32f1xx_it.o
 .debug_abbrev  0x000006ee      0x13f ./Core/Src/system_stm32f1xx.o
 .debug_abbrev  0x0000082d       0x24 ./Core/Startup/startup_stm32f103c6tx.o
 .debug_abbrev  0x00000851      0x201 ./Drivers/STM32F1xx_HAL_Driver/Src/stm32f1xx_hal.o
 .debug_abbrev  0x00000a52      0x2f8 ./Drivers/STM32F1xx_HAL_Driver/Src/stm32f1xx_hal_cortex.o
 .debug_abbrev  0x00000d4a      0x2b3 ./Drivers/STM32F1xx_HAL_Driver/Src/stm32f1xx_hal_rcc.o
 .debug_abbrev  0x00000ffd      0x277 ./Drivers/STM32F1xx_HAL_Driver/Src/stm32f1xx_hal_tim.o
 .debug_abbrev  0x00001274      0x282 ./Drivers/STM32F1xx_HAL_Driver/Src/stm32f1xx_hal_tim_ex.o
 .debug_abbrev  0x000014f6      0x1f3 ./ThirdParty/FreeRTOS/MemMang/heap_4.o
 .debug_abbrev  0x000016e9       0xf5 ./ThirdParty/FreeRTOS/list.o
 .debug_abbrev  0x000017de      0x2a4 ./ThirdParty/FreeRTOS/queue.o
 .debug_abbrev  0x00001a82      0x373 ./ThirdParty/FreeRTOS/tasks.o
 .debug_abbrev  0x00001df5      0x28f ./ThirdParty/FreeRTOS/timers.o
 .debug_abbrev  0x00002084      0x234 ./ThirdParty/FreeRTOS/portable/GCC/ARM_CM3/port.o
 .debug_abbrev  0x000022b8       0xee ./ThirdParty/SEGGER/Config/SEGGER_SYSVIEW_Config_FreeRTOS.o
 .debug_abbrev  0x000023a6      0x1c0 ./ThirdParty/SEGGER/OS/SEGGER_SYSVIEW_FreeRTOS.o
 .debug_abbrev  0x00002566      0x230 ./ThirdParty/SEGGER/SEGGER/SEGGER_RTT.o
 .debug_abbrev  0x00002796       0x14 ./ThirdParty/SEGGER/SEGGER/SEGGER_RTT_ASM_ARMv7M.o
 .debug_abbrev  0x000027aa      0x340 ./ThirdParty/SEGGER/SEGGER/SEGGER_SYSVIEW.o

.debug_aranges  0x00000000     0x1208
 .debug_aranges
                0x00000000       0x50 ./Core/Src/main.o
 .debug_aranges
                0x00000050       0x20 ./Core/Src/stm32f1xx_hal_msp.o
 .debug_aranges
                0x00000070       0x30 ./Core/Src/stm32f1xx_hal_timebase_tim.o
 .debug_aranges
                0x000000a0       0x50 ./Core/Src/stm32f1xx_it.o
 .debug_aranges
                0x000000f0       0x28 ./Core/Src/system_stm32f1xx.o
 .debug_aranges
                0x00000118       0x28 ./Core/Startup/startup_stm32f103c6tx.o
 .debug_aranges
                0x00000140       0xe0 ./Drivers/STM32F1xx_HAL_Driver/Src/stm32f1xx_hal.o
 .debug_aranges
                0x00000220      0x100 ./Drivers/STM32F1xx_HAL_Driver/Src/stm32f1xx_hal_cortex.o
 .debug_aranges
                0x00000320       0x90 ./Drivers/STM32F1xx_HAL_Driver/Src/stm32f1xx_hal_rcc.o
 .debug_aranges
                0x000003b0      0x3d0 ./Drivers/STM32F1xx_HAL_Driver/Src/stm32f1xx_hal_tim.o
 .debug_aranges
                0x00000780      0x168 ./Drivers/STM32F1xx_HAL_Driver/Src/stm32f1xx_hal_tim_ex.o
 .debug_aranges
                0x000008e8       0x60 ./ThirdParty/FreeRTOS/MemMang/heap_4.o
 .debug_aranges
                0x00000948       0x40 ./ThirdParty/FreeRTOS/list.o
 .debug_aranges
                0x00000988       0xd0 ./ThirdParty/FreeRTOS/queue.o
 .debug_aranges
                0x00000a58      0x1a0 ./ThirdParty/FreeRTOS/tasks.o
 .debug_aranges
                0x00000bf8       0xd8 ./ThirdParty/FreeRTOS/timers.o
 .debug_aranges
                0x00000cd0       0x70 ./ThirdParty/FreeRTOS/portable/GCC/ARM_CM3/port.o
 .debug_aranges
                0x00000d40       0x28 ./ThirdParty/SEGGER/Config/SEGGER_SYSVIEW_Config_FreeRTOS.o
 .debug_aranges
                0x00000d68       0x48 ./ThirdParty/SEGGER/OS/SEGGER_SYSVIEW_FreeRTOS.o
 .debug_aranges
                0x00000db0      0x138 ./ThirdParty/SEGGER/SEGGER/SEGGER_RTT.o
 .debug_aranges
                0x00000ee8       0x20 ./ThirdParty/SEGGER/SEGGER/SEGGER_RTT_ASM_ARMv7M.o
 .debug_aranges
                0x00000f08      0x300 ./ThirdParty/SEGGER/SEGGER/SEGGER_SYSVIEW.o

.debug_rnglists
                0x00000000      0xdd8
 .debug_rnglists
                0x00000000       0x38 ./Core/Src/main.o
 .debug_rnglists
                0x00000038       0x13 ./Core/Src/stm32f1xx_hal_msp.o
 .debug_rnglists
                0x0000004b       0x20 ./Core/Src/stm32f1xx_hal_timebase_tim.o
 .debug_rnglists
                0x0000006b       0x37 ./Core/Src/stm32f1xx_it.o
 .debug_rnglists
                0x000000a2       0x1a ./Core/Src/system_stm32f1xx.o
 .debug_rnglists
                0x000000bc       0x19 ./Core/Startup/startup_stm32f103c6tx.o
 .debug_rnglists
                0x000000d5       0xa3 ./Drivers/STM32F1xx_HAL_Driver/Src/stm32f1xx_hal.o
 .debug_rnglists
                0x00000178       0xbb ./Drivers/STM32F1xx_HAL_Driver/Src/stm32f1xx_hal_cortex.o
 .debug_rnglists
                0x00000233       0x6c ./Drivers/STM32F1xx_HAL_Driver/Src/stm32f1xx_hal_rcc.o
 .debug_rnglists
                0x0000029f      0x31a ./Drivers/STM32F1xx_HAL_Driver/Src/stm32f1xx_hal_tim.o
 .debug_rnglists
                0x000005b9      0x125 ./Drivers/STM32F1xx_HAL_Driver/Src/stm32f1xx_hal_tim_ex.o
 .debug_rnglists
                0x000006de       0x47 ./ThirdParty/FreeRTOS/MemMang/heap_4.o
 .debug_rnglists
                0x00000725       0x2b ./ThirdParty/FreeRTOS/list.o
 .debug_rnglists
                0x00000750       0xa1 ./ThirdParty/FreeRTOS/queue.o
 .debug_rnglists
                0x000007f1      0x14a ./ThirdParty/FreeRTOS/tasks.o
 .debug_rnglists
                0x0000093b       0xa1 ./ThirdParty/FreeRTOS/timers.o
 .debug_rnglists
                0x000009dc       0x50 ./ThirdParty/FreeRTOS/portable/GCC/ARM_CM3/port.o
 .debug_rnglists
                0x00000a2c       0x19 ./ThirdParty/SEGGER/Config/SEGGER_SYSVIEW_Config_FreeRTOS.o
 .debug_rnglists
                0x00000a45       0x36 ./ThirdParty/SEGGER/OS/SEGGER_SYSVIEW_FreeRTOS.o
 .debug_rnglists
                0x00000a7b       0xf5 ./ThirdParty/SEGGER/SEGGER/SEGGER_RTT.o
 .debug_rnglists
                0x00000b70      0x268 ./ThirdParty/SEGGER/SEGGER/SEGGER_SYSVIEW.o

.debug_macro    0x00000000    0x1a739
 .debug_macro   0x00000000      0x33e ./Core/Src/main.o
 .debug_macro   0x0000033e      0xaa8 ./Core/Src/main.o
 .debug_macro   0x00000de6      0x215 ./Core/Src/main.o
 .debug_macro   0x00000ffb       0x2e ./Core/Src/main.o
 .debug_macro   0x00001029       0x22 ./Core/Src/main.o
 .debug_macro   0x0000104b       0x22 ./Core/Src/main.o
 .debug_macro   0x0000106d       0x8e ./Core/Src/main.o
 .debug_macro   0x000010fb       0x51 ./Core/Src/main.o
 .debug_macro   0x0000114c      0x103 ./Core/Src/main.o
 .debug_macro   0x0000124f       0x6a ./Core/Src/main.o
 .debug_macro   0x000012b9      0x1df ./Core/Src/main.o
 .debug_macro   0x00001498       0x1c ./Core/Src/main.o
 .debug_macro   0x000014b4       0x22 ./Core/Src/main.o
 .debug_macro   0x000014d6       0xbd ./Core/Src/main.o
 .debug_macro   0x00001593      0xd23 ./Core/Src/main.o
 .debug_macro   0x000022b6     0xde75 ./Core/Src/main.o
 .debug_macro   0x0001012b       0x6d ./Core/Src/main.o
 .debug_macro   0x00010198     0x34a2 ./Core/Src/main.o
 .debug_macro   0x0001363a      0x189 ./Core/Src/main.o
 .debug_macro   0x000137c3       0x5c ./Core/Src/main.o
 .debug_macro   0x0001381f      0x5bc ./Core/Src/main.o
 .debug_macro   0x00013ddb      0x1b7 ./Core/Src/main.o
 .debug_macro   0x00013f92      0x1cb ./Core/Src/main.o
 .debug_macro   0x0001415d      0x114 ./Core/Src/main.o
 .debug_macro   0x00014271      0x1b2 ./Core/Src/main.o
 .debug_macro   0x00014423       0x27 ./Core/Src/main.o
 .debug_macro   0x0001444a      0x12f ./Core/Src/main.o
 .debug_macro   0x00014579      0x1bc ./Core/Src/main.o
 .debug_macro   0x00014735       0x34 ./Core/Src/main.o
 .debug_macro   0x00014769       0x3c ./Core/Src/main.o
 .debug_macro   0x000147a5       0x57 ./Core/Src/main.o
 .debug_macro   0x000147fc       0x87 ./Core/Src/main.o
 .debug_macro   0x00014883      0x183 ./Core/Src/main.o
 .debug_macro   0x00014a06      0x140 ./Core/Src/main.o
 .debug_macro   0x00014b46      0x8ed ./Core/Src/main.o
 .debug_macro   0x00015433       0x69 ./Core/Src/main.o
 .debug_macro   0x0001549c       0xb8 ./Core/Src/main.o
 .debug_macro   0x00015554       0x58 ./Core/Src/main.o
 .debug_macro   0x000155ac       0x46 ./Core/Src/main.o
 .debug_macro   0x000155f2       0x64 ./Core/Src/main.o
 .debug_macro   0x00015656       0x49 ./Core/Src/main.o
 .debug_macro   0x0001569f       0xd1 ./Core/Src/main.o
 .debug_macro   0x00015770      0x234 ./Core/Src/main.o
 .debug_macro   0x000159a4      0xf65 ./Core/Src/main.o
 .debug_macro   0x00016909      0x15a ./Core/Src/main.o
 .debug_macro   0x00016a63       0xe3 ./Core/Src/main.o
 .debug_macro   0x00016b46       0x28 ./Core/Src/main.o
 .debug_macro   0x00016b6e       0x1f ./Core/Src/main.o
 .debug_macro   0x00016b8d       0x12 ./Core/Src/main.o
 .debug_macro   0x00016b9f      0x55e ./Core/Src/main.o
 .debug_macro   0x000170fd       0xc3 ./Core/Src/main.o
 .debug_macro   0x000171c0      0x120 ./Core/Src/main.o
 .debug_macro   0x000172e0       0x61 ./Core/Src/main.o
 .debug_macro   0x00017341       0x24 ./Core/Src/main.o
 .debug_macro   0x00017365       0x43 ./Core/Src/main.o
 .debug_macro   0x000173a8       0x34 ./Core/Src/main.o
 .debug_macro   0x000173dc       0x16 ./Core/Src/main.o
 .debug_macro   0x000173f2       0x35 ./Core/Src/main.o
 .debug_macro   0x00017427      0x369 ./Core/Src/main.o
 .debug_macro   0x00017790       0x16 ./Core/Src/main.o
 .debug_macro   0x000177a6       0x43 ./Core/Src/main.o
 .debug_macro   0x000177e9       0x34 ./Core/Src/main.o
 .debug_macro   0x0001781d       0x10 ./Core/Src/main.o
 .debug_macro   0x0001782d       0x58 ./Core/Src/main.o
 .debug_macro   0x00017885       0x8e ./Core/Src/main.o
 .debug_macro   0x00017913       0x1c ./Core/Src/main.o
 .debug_macro   0x0001792f      0x177 ./Core/Src/main.o
 .debug_macro   0x00017aa6       0x16 ./Core/Src/main.o
 .debug_macro   0x00017abc       0x16 ./Core/Src/main.o
 .debug_macro   0x00017ad2      0x146 ./Core/Src/main.o
 .debug_macro   0x00017c18      0x1a1 ./Core/Src/stm32f1xx_hal_msp.o
 .debug_macro   0x00017db9      0x197 ./Core/Src/stm32f1xx_hal_timebase_tim.o
 .debug_macro   0x00017f50      0x1ab ./Core/Src/stm32f1xx_it.o
 .debug_macro   0x000180fb      0x197 ./Core/Src/system_stm32f1xx.o
 .debug_macro   0x00018292      0x1bb ./Drivers/STM32F1xx_HAL_Driver/Src/stm32f1xx_hal.o
 .debug_macro   0x0001844d      0x197 ./Drivers/STM32F1xx_HAL_Driver/Src/stm32f1xx_hal_cortex.o
 .debug_macro   0x000185e4      0x1a9 ./Drivers/STM32F1xx_HAL_Driver/Src/stm32f1xx_hal_rcc.o
 .debug_macro   0x0001878d      0x198 ./Drivers/STM32F1xx_HAL_Driver/Src/stm32f1xx_hal_tim.o
 .debug_macro   0x00018925      0x197 ./Drivers/STM32F1xx_HAL_Driver/Src/stm32f1xx_hal_tim_ex.o
 .debug_macro   0x00018abc      0x27a ./ThirdParty/FreeRTOS/MemMang/heap_4.o
 .debug_macro   0x00018d36      0x11c ./ThirdParty/FreeRTOS/MemMang/heap_4.o
 .debug_macro   0x00018e52       0x94 ./ThirdParty/FreeRTOS/MemMang/heap_4.o
 .debug_macro   0x00018ee6       0x16 ./ThirdParty/FreeRTOS/MemMang/heap_4.o
 .debug_macro   0x00018efc       0x20 ./ThirdParty/FreeRTOS/MemMang/heap_4.o
 .debug_macro   0x00018f1c      0x1f9 ./ThirdParty/FreeRTOS/list.o
 .debug_macro   0x00019115      0x290 ./ThirdParty/FreeRTOS/queue.o
 .debug_macro   0x000193a5       0x80 ./ThirdParty/FreeRTOS/queue.o
 .debug_macro   0x00019425      0x2df ./ThirdParty/FreeRTOS/tasks.o
 .debug_macro   0x00019704       0x17 ./ThirdParty/FreeRTOS/tasks.o
 .debug_macro   0x0001971b      0x248 ./ThirdParty/FreeRTOS/timers.o
 .debug_macro   0x00019963       0x97 ./ThirdParty/FreeRTOS/timers.o
 .debug_macro   0x000199fa      0x1e4 ./ThirdParty/FreeRTOS/portable/GCC/ARM_CM3/port.o
 .debug_macro   0x00019bde      0x13c ./ThirdParty/SEGGER/Config/SEGGER_SYSVIEW_Config_FreeRTOS.o
 .debug_macro   0x00019d1a      0x208 ./ThirdParty/SEGGER/OS/SEGGER_SYSVIEW_FreeRTOS.o
 .debug_macro   0x00019f22      0x1e9 ./ThirdParty/SEGGER/SEGGER/SEGGER_RTT.o
 .debug_macro   0x0001a10b       0x35 ./ThirdParty/SEGGER/SEGGER/SEGGER_RTT.o
 .debug_macro   0x0001a140      0x138 ./ThirdParty/SEGGER/SEGGER/SEGGER_RTT.o
 .debug_macro   0x0001a278      0x252 ./ThirdParty/SEGGER/SEGGER/SEGGER_SYSVIEW.o
 .debug_macro   0x0001a4ca      0x234 ./ThirdParty/SEGGER/SEGGER/SEGGER_SYSVIEW.o
 .debug_macro   0x0001a6fe       0x3b ./ThirdParty/SEGGER/SEGGER/SEGGER_SYSVIEW.o

.debug_line     0x00000000    0x1394d
 .debug_line    0x00000000      0xc88 ./Core/Src/main.o
 .debug_line    0x00000c88      0x6ee ./Core/Src/stm32f1xx_hal_msp.o
 .debug_line    0x00001376      0x75b ./Core/Src/stm32f1xx_hal_timebase_tim.o
 .debug_line    0x00001ad1      0x789 ./Core/Src/stm32f1xx_it.o
 .debug_line    0x0000225a      0x76b ./Core/Src/system_stm32f1xx.o
 .debug_line    0x000029c5       0x78 ./Core/Startup/startup_stm32f103c6tx.o
 .debug_line    0x00002a3d      0x998 ./Drivers/STM32F1xx_HAL_Driver/Src/stm32f1xx_hal.o
 .debug_line    0x000033d5      0xb84 ./Drivers/STM32F1xx_HAL_Driver/Src/stm32f1xx_hal_cortex.o
 .debug_line    0x00003f59      0xda1 ./Drivers/STM32F1xx_HAL_Driver/Src/stm32f1xx_hal_rcc.o
 .debug_line    0x00004cfa     0x3474 ./Drivers/STM32F1xx_HAL_Driver/Src/stm32f1xx_hal_tim.o
 .debug_line    0x0000816e     0x18b7 ./Drivers/STM32F1xx_HAL_Driver/Src/stm32f1xx_hal_tim_ex.o
 .debug_line    0x00009a25      0xbe0 ./ThirdParty/FreeRTOS/MemMang/heap_4.o
 .debug_line    0x0000a605      0x9c6 ./ThirdParty/FreeRTOS/list.o
 .debug_line    0x0000afcb     0x1131 ./ThirdParty/FreeRTOS/queue.o
 .debug_line    0x0000c0fc     0x17d3 ./ThirdParty/FreeRTOS/tasks.o
 .debug_line    0x0000d8cf      0xda8 ./ThirdParty/FreeRTOS/timers.o
 .debug_line    0x0000e677      0x96e ./ThirdParty/FreeRTOS/portable/GCC/ARM_CM3/port.o
 .debug_line    0x0000efe5      0x79b ./ThirdParty/SEGGER/Config/SEGGER_SYSVIEW_Config_FreeRTOS.o
 .debug_line    0x0000f780      0xa99 ./ThirdParty/SEGGER/OS/SEGGER_SYSVIEW_FreeRTOS.o
 .debug_line    0x00010219      0xf61 ./ThirdParty/SEGGER/SEGGER/SEGGER_RTT.o
 .debug_line    0x0001117a       0x84 ./ThirdParty/SEGGER/SEGGER/SEGGER_RTT_ASM_ARMv7M.o
 .debug_line    0x000111fe     0x274f ./ThirdParty/SEGGER/SEGGER/SEGGER_SYSVIEW.o

.debug_str      0x00000000    0xa0e5b
 .debug_str     0x00000000    0x98ae2 ./Core/Src/main.o
                              0x98f47 (size before relaxing)
 .debug_str     0x00098ae2       0x5a ./Core/Src/stm32f1xx_hal_msp.o
                              0x7f722 (size before relaxing)
 .debug_str     0x00098b3c      0x353 ./Core/Src/stm32f1xx_hal_timebase_tim.o
                              0x7ffcb (size before relaxing)
 .debug_str     0x00098e8f       0xa5 ./Core/Src/stm32f1xx_it.o
                              0x7fbf4 (size before relaxing)
 .debug_str     0x00098f34       0x7e ./Core/Src/system_stm32f1xx.o
                              0x7f74d (size before relaxing)
 .debug_str     0x00098fb2       0x44 ./Core/Startup/startup_stm32f103c6tx.o
                                 0x89 (size before relaxing)
 .debug_str     0x00098ff6      0x34a ./Drivers/STM32F1xx_HAL_Driver/Src/stm32f1xx_hal.o
                              0x7fe46 (size before relaxing)
 .debug_str     0x00099340      0x2a8 ./Drivers/STM32F1xx_HAL_Driver/Src/stm32f1xx_hal_cortex.o
                              0x7fd92 (size before relaxing)
 .debug_str     0x000995e8      0x234 ./Drivers/STM32F1xx_HAL_Driver/Src/stm32f1xx_hal_rcc.o
                              0x7fb7c (size before relaxing)
 .debug_str     0x0009981c      0xe79 ./Drivers/STM32F1xx_HAL_Driver/Src/stm32f1xx_hal_tim.o
                              0x80b7e (size before relaxing)
 .debug_str     0x0009a695      0x503 ./Drivers/STM32F1xx_HAL_Driver/Src/stm32f1xx_hal_tim_ex.o
                              0x8038a (size before relaxing)
 .debug_str     0x0009ab98      0x7d1 ./ThirdParty/FreeRTOS/MemMang/heap_4.o
                              0x1d2fc (size before relaxing)
 .debug_str     0x0009b369      0x11d ./ThirdParty/FreeRTOS/list.o
                              0x1bafa (size before relaxing)
 .debug_str     0x0009b486     0x10c3 ./ThirdParty/FreeRTOS/queue.o
                              0x1deeb (size before relaxing)
 .debug_str     0x0009c549     0x1984 ./ThirdParty/FreeRTOS/tasks.o
                              0x1e9b8 (size before relaxing)
 .debug_str     0x0009decd      0x502 ./ThirdParty/FreeRTOS/timers.o
                              0x1e30d (size before relaxing)
 .debug_str     0x0009e3cf      0x687 ./ThirdParty/FreeRTOS/portable/GCC/ARM_CM3/port.o
                              0x1a1eb (size before relaxing)
 .debug_str     0x0009ea56      0x1be ./ThirdParty/SEGGER/Config/SEGGER_SYSVIEW_Config_FreeRTOS.o
                              0x17e5f (size before relaxing)
 .debug_str     0x0009ec14      0x11e ./ThirdParty/SEGGER/OS/SEGGER_SYSVIEW_FreeRTOS.o
                              0x1cd5a (size before relaxing)
 .debug_str     0x0009ed32     0x1059 ./ThirdParty/SEGGER/SEGGER/SEGGER_RTT.o
                               0x8707 (size before relaxing)
 .debug_str     0x0009fd8b       0x34 ./ThirdParty/SEGGER/SEGGER/SEGGER_RTT_ASM_ARMv7M.o
                                 0x87 (size before relaxing)
 .debug_str     0x0009fdbf     0x109c ./ThirdParty/SEGGER/SEGGER/SEGGER_SYSVIEW.o
                               0xab5d (size before relaxing)

.comment        0x00000000       0x43
 .comment       0x00000000       0x43 ./Core/Src/main.o
                                 0x44 (size before relaxing)
 .comment       0x00000043       0x44 ./Core/Src/stm32f1xx_hal_msp.o
 .comment       0x00000043       0x44 ./Core/Src/stm32f1xx_hal_timebase_tim.o
 .comment       0x00000043       0x44 ./Core/Src/stm32f1xx_it.o
 .comment       0x00000043       0x44 ./Core/Src/system_stm32f1xx.o
 .comment       0x00000043       0x44 ./Drivers/STM32F1xx_HAL_Driver/Src/stm32f1xx_hal.o
 .comment       0x00000043       0x44 ./Drivers/STM32F1xx_HAL_Driver/Src/stm32f1xx_hal_cortex.o
 .comment       0x00000043       0x44 ./Drivers/STM32F1xx_HAL_Driver/Src/stm32f1xx_hal_rcc.o
 .comment       0x00000043       0x44 ./Drivers/STM32F1xx_HAL_Driver/Src/stm32f1xx_hal_tim.o
 .comment       0x00000043       0x44 ./Drivers/STM32F1xx_HAL_Driver/Src/stm32f1xx_hal_tim_ex.o
 .comment       0x00000043       0x44 ./ThirdParty/FreeRTOS/MemMang/heap_4.o
 .comment       0x00000043       0x44 ./ThirdParty/FreeRTOS/list.o
 .comment       0x00000043       0x44 ./ThirdParty/FreeRTOS/queue.o
 .comment       0x00000043       0x44 ./ThirdParty/FreeRTOS/tasks.o
 .comment       0x00000043       0x44 ./ThirdParty/FreeRTOS/timers.o
 .comment       0x00000043       0x44 ./ThirdParty/FreeRTOS/portable/GCC/ARM_CM3/port.o
 .comment       0x00000043       0x44 ./ThirdParty/SEGGER/Config/SEGGER_SYSVIEW_Config_FreeRTOS.o
 .comment       0x00000043       0x44 ./ThirdParty/SEGGER/OS/SEGGER_SYSVIEW_FreeRTOS.o
 .comment       0x00000043       0x44 ./ThirdParty/SEGGER/SEGGER/SEGGER_RTT.o
 .comment       0x00000043       0x44 ./ThirdParty/SEGGER/SEGGER/SEGGER_SYSVIEW.o

.debug_frame    0x00000000     0x4ff8
 .debug_frame   0x00000000       0xf8 ./Core/Src/main.o
 .debug_frame   0x000000f8       0x38 ./Core/Src/stm32f1xx_hal_msp.o
 .debug_frame   0x00000130       0x74 ./Core/Src/stm32f1xx_hal_timebase_tim.o
 .debug_frame   0x000001a4       0xc4 ./Core/Src/stm32f1xx_it.o
 .debug_frame   0x00000268       0x58 ./Core/Src/system_stm32f1xx.o
 .debug_frame   0x000002c0      0x334 ./Drivers/STM32F1xx_HAL_Driver/Src/stm32f1xx_hal.o
 .debug_frame   0x000005f4      0x428 ./Drivers/STM32F1xx_HAL_Driver/Src/stm32f1xx_hal_cortex.o
 .debug_frame   0x00000a1c      0x218 ./Drivers/STM32F1xx_HAL_Driver/Src/stm32f1xx_hal_rcc.o
 .debug_frame   0x00000c34     0x11b4 ./Drivers/STM32F1xx_HAL_Driver/Src/stm32f1xx_hal_tim.o
 .debug_frame   0x00001de8      0x638 ./Drivers/STM32F1xx_HAL_Driver/Src/stm32f1xx_hal_tim_ex.o
 .debug_frame   0x00002420      0x150 ./ThirdParty/FreeRTOS/MemMang/heap_4.o
 .debug_frame   0x00002570       0xd8 ./ThirdParty/FreeRTOS/list.o
 .debug_frame   0x00002648      0x358 ./ThirdParty/FreeRTOS/queue.o
 .debug_frame   0x000029a0      0x71c ./ThirdParty/FreeRTOS/tasks.o
 .debug_frame   0x000030bc      0x370 ./ThirdParty/FreeRTOS/timers.o
 .debug_frame   0x0000342c      0x160 ./ThirdParty/FreeRTOS/portable/GCC/ARM_CM3/port.o
 .debug_frame   0x0000358c       0x48 ./ThirdParty/SEGGER/Config/SEGGER_SYSVIEW_Config_FreeRTOS.o
 .debug_frame   0x000035d4      0x104 ./ThirdParty/SEGGER/OS/SEGGER_SYSVIEW_FreeRTOS.o
 .debug_frame   0x000036d8      0x52c ./ThirdParty/SEGGER/SEGGER/SEGGER_RTT.o
 .debug_frame   0x00003c04      0xe10 ./ThirdParty/SEGGER/SEGGER/SEGGER_SYSVIEW.o
 .debug_frame   0x00004a14      0x144 C:/ST/STM32CubeIDE_1.16.1/STM32CubeIDE/plugins/com.st.stm32cube.ide.mcu.externaltools.gnu-tools-for-stm32.12.3.rel1.win32_1.0.200.202406191623/tools/bin/../lib/gcc/arm-none-eabi/12.3.1/../../../../arm-none-eabi/lib/thumb/v7-m/nofp\libc_nano.a(libc_a-findfp.o)
 .debug_frame   0x00004b58       0x7c C:/ST/STM32CubeIDE_1.16.1/STM32CubeIDE/plugins/com.st.stm32cube.ide.mcu.externaltools.gnu-tools-for-stm32.12.3.rel1.win32_1.0.200.202406191623/tools/bin/../lib/gcc/arm-none-eabi/12.3.1/../../../../arm-none-eabi/lib/thumb/v7-m/nofp\libc_nano.a(libc_a-snprintf.o)
 .debug_frame   0x00004bd4       0x28 C:/ST/STM32CubeIDE_1.16.1/STM32CubeIDE/plugins/com.st.stm32cube.ide.mcu.externaltools.gnu-tools-for-stm32.12.3.rel1.win32_1.0.200.202406191623/tools/bin/../lib/gcc/arm-none-eabi/12.3.1/../../../../arm-none-eabi/lib/thumb/v7-m/nofp\libc_nano.a(libc_a-memcmp.o)
 .debug_frame   0x00004bfc       0x20 C:/ST/STM32CubeIDE_1.16.1/STM32CubeIDE/plugins/com.st.stm32cube.ide.mcu.externaltools.gnu-tools-for-stm32.12.3.rel1.win32_1.0.200.202406191623/tools/bin/../lib/gcc/arm-none-eabi/12.3.1/../../../../arm-none-eabi/lib/thumb/v7-m/nofp\libc_nano.a(libc_a-memset.o)
 .debug_frame   0x00004c1c       0x38 C:/ST/STM32CubeIDE_1.16.1/STM32CubeIDE/plugins/com.st.stm32cube.ide.mcu.externaltools.gnu-tools-for-stm32.12.3.rel1.win32_1.0.200.202406191623/tools/bin/../lib/gcc/arm-none-eabi/12.3.1/../../../../arm-none-eabi/lib/thumb/v7-m/nofp\libc_nano.a(libc_a-reent.o)
 .debug_frame   0x00004c54       0x2c C:/ST/STM32CubeIDE_1.16.1/STM32CubeIDE/plugins/com.st.stm32cube.ide.mcu.externaltools.gnu-tools-for-stm32.12.3.rel1.win32_1.0.200.202406191623/tools/bin/../lib/gcc/arm-none-eabi/12.3.1/../../../../arm-none-eabi/lib/thumb/v7-m/nofp\libc_nano.a(libc_a-init.o)
 .debug_frame   0x00004c80       0xb0 C:/ST/STM32CubeIDE_1.16.1/STM32CubeIDE/plugins/com.st.stm32cube.ide.mcu.externaltools.gnu-tools-for-stm32.12.3.rel1.win32_1.0.200.202406191623/tools/bin/../lib/gcc/arm-none-eabi/12.3.1/../../../../arm-none-eabi/lib/thumb/v7-m/nofp\libc_nano.a(libc_a-lock.o)
 .debug_frame   0x00004d30       0x28 C:/ST/STM32CubeIDE_1.16.1/STM32CubeIDE/plugins/com.st.stm32cube.ide.mcu.externaltools.gnu-tools-for-stm32.12.3.rel1.win32_1.0.200.202406191623/tools/bin/../lib/gcc/arm-none-eabi/12.3.1/../../../../arm-none-eabi/lib/thumb/v7-m/nofp\libc_nano.a(libc_a-memcpy-stub.o)
 .debug_frame   0x00004d58       0x38 C:/ST/STM32CubeIDE_1.16.1/STM32CubeIDE/plugins/com.st.stm32cube.ide.mcu.externaltools.gnu-tools-for-stm32.12.3.rel1.win32_1.0.200.202406191623/tools/bin/../lib/gcc/arm-none-eabi/12.3.1/../../../../arm-none-eabi/lib/thumb/v7-m/nofp\libc_nano.a(libc_a-freer.o)
 .debug_frame   0x00004d90       0x50 C:/ST/STM32CubeIDE_1.16.1/STM32CubeIDE/plugins/com.st.stm32cube.ide.mcu.externaltools.gnu-tools-for-stm32.12.3.rel1.win32_1.0.200.202406191623/tools/bin/../lib/gcc/arm-none-eabi/12.3.1/../../../../arm-none-eabi/lib/thumb/v7-m/nofp\libc_nano.a(libc_a-mallocr.o)
 .debug_frame   0x00004de0       0x30 C:/ST/STM32CubeIDE_1.16.1/STM32CubeIDE/plugins/com.st.stm32cube.ide.mcu.externaltools.gnu-tools-for-stm32.12.3.rel1.win32_1.0.200.202406191623/tools/bin/../lib/gcc/arm-none-eabi/12.3.1/../../../../arm-none-eabi/lib/thumb/v7-m/nofp\libc_nano.a(libc_a-mlock.o)
 .debug_frame   0x00004e10       0x90 C:/ST/STM32CubeIDE_1.16.1/STM32CubeIDE/plugins/com.st.stm32cube.ide.mcu.externaltools.gnu-tools-for-stm32.12.3.rel1.win32_1.0.200.202406191623/tools/bin/../lib/gcc/arm-none-eabi/12.3.1/../../../../arm-none-eabi/lib/thumb/v7-m/nofp\libc_nano.a(libc_a-nano-svfprintf.o)
 .debug_frame   0x00004ea0       0x60 C:/ST/STM32CubeIDE_1.16.1/STM32CubeIDE/plugins/com.st.stm32cube.ide.mcu.externaltools.gnu-tools-for-stm32.12.3.rel1.win32_1.0.200.202406191623/tools/bin/../lib/gcc/arm-none-eabi/12.3.1/../../../../arm-none-eabi/lib/thumb/v7-m/nofp\libc_nano.a(libc_a-nano-vfprintf_i.o)
 .debug_frame   0x00004f00       0x28 C:/ST/STM32CubeIDE_1.16.1/STM32CubeIDE/plugins/com.st.stm32cube.ide.mcu.externaltools.gnu-tools-for-stm32.12.3.rel1.win32_1.0.200.202406191623/tools/bin/../lib/gcc/arm-none-eabi/12.3.1/../../../../arm-none-eabi/lib/thumb/v7-m/nofp\libc_nano.a(libc_a-memmove.o)
 .debug_frame   0x00004f28       0x2c C:/ST/STM32CubeIDE_1.16.1/STM32CubeIDE/plugins/com.st.stm32cube.ide.mcu.externaltools.gnu-tools-for-stm32.12.3.rel1.win32_1.0.200.202406191623/tools/bin/../lib/gcc/arm-none-eabi/12.3.1/../../../../arm-none-eabi/lib/thumb/v7-m/nofp\libc_nano.a(libc_a-sbrkr.o)