19:30:53 **** Incremental Build of configuration Debug for project STM32F103_FreeRTOS ****
make -j8 all 
arm-none-eabi-gcc "../Core/Src/main.c" -mcpu=cortex-m3 -std=gnu11 -g3 -DDEBUG -DUSE_HAL_DRIVER -DSTM32F103x6 -c -I"C:/Users/Lenovo/STM32CubeIDE/RTOS_Workspace/STM32F103_FreeRTOS/ThirdParty/SEGGER/SEGGER" -I"C:/Users/Lenovo/STM32CubeIDE/RTOS_Workspace/STM32F103_FreeRTOS/ThirdParty/SEGGER/Config" -I"C:/Users/Lenovo/STM32CubeIDE/RTOS_Workspace/STM32F103_FreeRTOS/ThirdParty/SEGGER/OS" -I"C:/Users/Lenovo/STM32CubeIDE/RTOS_Workspace/STM32F103_FreeRTOS/ThirdParty/SEGGER/Config" -I../Core/Inc -I"C:/Users/Lenovo/STM32CubeIDE/RTOS_Workspace/STM32F103_FreeRTOS/ThirdParty/FreeRTOS" -I"C:/Users/Lenovo/STM32CubeIDE/RTOS_Workspace/STM32F103_FreeRTOS/ThirdParty/FreeRTOS/portable/GCC/ARM_CM3" -I"C:/Users/Lenovo/STM32CubeIDE/RTOS_Workspace/STM32F103_FreeRTOS/ThirdParty/FreeRTOS/include" -I../Drivers/STM32F1xx_HAL_Driver/Inc/Legacy -I../Drivers/STM32F1xx_HAL_Driver/Inc -I../Drivers/CMSIS/Device/ST/STM32F1xx/Include -I../Drivers/CMSIS/Include -O0 -ffunction-sections -fdata-sections -Wall -fstack-usage -fcyclomatic-complexity -MMD -MP -MF"Core/Src/main.d" -MT"Core/Src/main.o" --specs=nano.specs -mfloat-abi=soft -mthumb -o "Core/Src/main.o"
../Core/Src/main.c: In function 'main':
../Core/Src/main.c:74:20: warning: variable 'status' set but not used [-Wunused-but-set-variable]
   74 |         BaseType_t status;
      |                    ^~~~~~
arm-none-eabi-gcc -o "STM32F103_FreeRTOS.elf" @"objects.list"   -mcpu=cortex-m3 -T"C:\Users\Lenovo\STM32CubeIDE\RTOS_Workspace\STM32F103_FreeRTOS\STM32F103C6TX_FLASH.ld" --specs=nosys.specs -Wl,-Map="STM32F103_FreeRTOS.map" -Wl,--gc-sections -static --specs=nano.specs -mfloat-abi=soft -mthumb -Wl,--start-group -lc -lm -Wl,--end-group
Finished building target: STM32F103_FreeRTOS.elf
 
arm-none-eabi-size  STM32F103_FreeRTOS.elf 
arm-none-eabi-objdump -h -S STM32F103_FreeRTOS.elf  > "STM32F103_FreeRTOS.list"
   text	   data	    bss	    dec	    hex	filename
  23680	    100	   9100	  32880	   8070	STM32F103_FreeRTOS.elf
Finished building: default.size.stdout
 
Finished building: STM32F103_FreeRTOS.list
 
19:31:04 **** Incremental Build of configuration Debug for project STM32F103_FreeRTOS ****
make -j8 all 
arm-none-eabi-size  STM32F103_FreeRTOS.elf 
   text	   data	    bss	    dec	    hex	filename
  23680	    100	   9100	  32880	   8070	STM32F103_FreeRTOS.elf
Finished building: default.size.stdout
 
