13:25:29 **** Incremental Build of configuration Debug for project STM32F401_TASK005_FreeRTOS_ISR ****
make -j8 all 
arm-none-eabi-gcc "../Core/Src/main.c" -mcpu=cortex-m4 -std=gnu11 -g3 -DDEBUG -DUSE_HAL_DRIVER -DSTM32F401xC -c -I../Core/Inc -I"C:/Users/Lenovo/STM32CubeIDE/RTOS_Workspace/STM32F401_TASK005_FreeRTOS_ISR/ThirdParty/FreeRTOS/portable/GCC/ARM_CM4F" -I"C:/Users/Lenovo/STM32CubeIDE/RTOS_Workspace/STM32F401_TASK005_FreeRTOS_ISR/ThirdParty/SEGGER/OS" -I"C:/Users/Lenovo/STM32CubeIDE/RTOS_Workspace/STM32F401_TASK005_FreeRTOS_ISR/ThirdParty/FreeRTOS" -I"C:/Users/Lenovo/STM32CubeIDE/RTOS_Workspace/STM32F401_TASK005_FreeRTOS_ISR/ThirdParty/FreeRTOS/include" -I"C:/Users/Lenovo/STM32CubeIDE/RTOS_Workspace/STM32F401_TASK005_FreeRTOS_ISR/ThirdParty/SEGGER/SEGGER" -I"C:/Users/Lenovo/STM32CubeIDE/RTOS_Workspace/STM32F401_TASK005_FreeRTOS_ISR/ThirdParty/SEGGER/Config" -I../Drivers/STM32F4xx_HAL_Driver/Inc -I../Drivers/STM32F4xx_HAL_Driver/Inc/Legacy -I../Drivers/CMSIS/Device/ST/STM32F4xx/Include -I../Drivers/CMSIS/Include -O0 -ffunction-sections -fdata-sections -Wall -fstack-usage -fcyclomatic-complexity -MMD -MP -MF"Core/Src/main.d" -MT"Core/Src/main.o" --specs=nano.specs -mfpu=fpv4-sp-d16 -mfloat-abi=hard -mthumb -o "Core/Src/main.o"
arm-none-eabi-gcc -o "STM32F401_TASK005_FreeRTOS_ISR.elf" @"objects.list"   -mcpu=cortex-m4 -T"C:\Users\Lenovo\STM32CubeIDE\RTOS_Workspace\STM32F401_TASK005_FreeRTOS_ISR\STM32F401CCUX_FLASH.ld" --specs=nosys.specs -Wl,-Map="STM32F401_TASK005_FreeRTOS_ISR.map" -Wl,--gc-sections -static --specs=nano.specs -mfpu=fpv4-sp-d16 -mfloat-abi=hard -mthumb -Wl,--start-group -lc -lm -Wl,--end-group
Finished building target: STM32F401_TASK005_FreeRTOS_ISR.elf
 
arm-none-eabi-size  STM32F401_TASK005_FreeRTOS_ISR.elf 
arm-none-eabi-objdump -h -S STM32F401_TASK005_FreeRTOS_ISR.elf  > "STM32F401_TASK005_FreeRTOS_ISR.list"
   text	   data	    bss	    dec	    hex	filename
  30248	    100	  23532	  53880	   d278	STM32F401_TASK005_FreeRTOS_ISR.elf
Finished building: default.size.stdout
 
Finished building: STM32F401_TASK005_FreeRTOS_ISR.list
 
13:25:54 **** Incremental Build of configuration Debug for project STM32F401_TASK005_FreeRTOS_ISR ****
make -j8 all 
arm-none-eabi-size  STM32F401_TASK005_FreeRTOS_ISR.elf 
   text	   data	    bss	    dec	    hex	filename
  30248	    100	  23532	  53880	   d278	STM32F401_TASK005_FreeRTOS_ISR.elf
Finished building: default.size.stdout
 
13:25:58 **** Incremental Build of configuration Debug for project STM32F401_TASK005_FreeRTOS_ISR ****
make -j8 all 
arm-none-eabi-size  STM32F401_TASK005_FreeRTOS_ISR.elf 
   text	   data	    bss	    dec	    hex	filename
  30248	    100	  23532	  53880	   d278	STM32F401_TASK005_FreeRTOS_ISR.elf
Finished building: default.size.stdout
 
13:28:47 **** Incremental Build of configuration Debug for project STM32F401_TASK005_FreeRTOS_ISR ****
make -j8 all 
arm-none-eabi-size  STM32F401_TASK005_FreeRTOS_ISR.elf 
   text	   data	    bss	    dec	    hex	filename
  30248	    100	  23532	  53880	   d278	STM32F401_TASK005_FreeRTOS_ISR.elf
Finished building: default.size.stdout
 
13:30:45 **** Incremental Build of configuration Debug for project STM32F401_TASK005_FreeRTOS_ISR ****
make -j8 all 
arm-none-eabi-gcc "../Core/Src/stm32f4xx_hal_msp.c" -mcpu=cortex-m4 -std=gnu11 -g3 -DDEBUG -DUSE_HAL_DRIVER -DSTM32F401xC -c -I../Core/Inc -I"C:/Users/Lenovo/STM32CubeIDE/RTOS_Workspace/STM32F401_TASK005_FreeRTOS_ISR/ThirdParty/FreeRTOS/portable/GCC/ARM_CM4F" -I"C:/Users/Lenovo/STM32CubeIDE/RTOS_Workspace/STM32F401_TASK005_FreeRTOS_ISR/ThirdParty/SEGGER/OS" -I"C:/Users/Lenovo/STM32CubeIDE/RTOS_Workspace/STM32F401_TASK005_FreeRTOS_ISR/ThirdParty/FreeRTOS" -I"C:/Users/Lenovo/STM32CubeIDE/RTOS_Workspace/STM32F401_TASK005_FreeRTOS_ISR/ThirdParty/FreeRTOS/include" -I"C:/Users/Lenovo/STM32CubeIDE/RTOS_Workspace/STM32F401_TASK005_FreeRTOS_ISR/ThirdParty/SEGGER/SEGGER" -I"C:/Users/Lenovo/STM32CubeIDE/RTOS_Workspace/STM32F401_TASK005_FreeRTOS_ISR/ThirdParty/SEGGER/Config" -I../Drivers/STM32F4xx_HAL_Driver/Inc -I../Drivers/STM32F4xx_HAL_Driver/Inc/Legacy -I../Drivers/CMSIS/Device/ST/STM32F4xx/Include -I../Drivers/CMSIS/Include -O0 -ffunction-sections -fdata-sections -Wall -fstack-usage -fcyclomatic-complexity -MMD -MP -MF"Core/Src/stm32f4xx_hal_msp.d" -MT"Core/Src/stm32f4xx_hal_msp.o" --specs=nano.specs -mfpu=fpv4-sp-d16 -mfloat-abi=hard -mthumb -o "Core/Src/stm32f4xx_hal_msp.o"
arm-none-eabi-gcc -o "STM32F401_TASK005_FreeRTOS_ISR.elf" @"objects.list"   -mcpu=cortex-m4 -T"C:\Users\Lenovo\STM32CubeIDE\RTOS_Workspace\STM32F401_TASK005_FreeRTOS_ISR\STM32F401CCUX_FLASH.ld" --specs=nosys.specs -Wl,-Map="STM32F401_TASK005_FreeRTOS_ISR.map" -Wl,--gc-sections -static --specs=nano.specs -mfpu=fpv4-sp-d16 -mfloat-abi=hard -mthumb -Wl,--start-group -lc -lm -Wl,--end-group
Finished building target: STM32F401_TASK005_FreeRTOS_ISR.elf
 
arm-none-eabi-size  STM32F401_TASK005_FreeRTOS_ISR.elf 
arm-none-eabi-objdump -h -S STM32F401_TASK005_FreeRTOS_ISR.elf  > "STM32F401_TASK005_FreeRTOS_ISR.list"
   text	   data	    bss	    dec	    hex	filename
  30328	    100	  23532	  53960	   d2c8	STM32F401_TASK005_FreeRTOS_ISR.elf
Finished building: default.size.stdout
 
Finished building: STM32F401_TASK005_FreeRTOS_ISR.list
 
13:31:18 **** Incremental Build of configuration Debug for project STM32F401_TASK005_FreeRTOS_ISR ****
make -j8 all 
arm-none-eabi-size  STM32F401_TASK005_FreeRTOS_ISR.elf 
   text	   data	    bss	    dec	    hex	filename
  30328	    100	  23532	  53960	   d2c8	STM32F401_TASK005_FreeRTOS_ISR.elf
Finished building: default.size.stdout
 
13:32:49 **** Incremental Build of configuration Debug for project STM32F401_TASK005_FreeRTOS_ISR ****
make -j8 all 
arm-none-eabi-gcc "../Core/Src/main.c" -mcpu=cortex-m4 -std=gnu11 -g3 -DDEBUG -DUSE_HAL_DRIVER -DSTM32F401xC -c -I../Core/Inc -I"C:/Users/Lenovo/STM32CubeIDE/RTOS_Workspace/STM32F401_TASK005_FreeRTOS_ISR/ThirdParty/FreeRTOS/portable/GCC/ARM_CM4F" -I"C:/Users/Lenovo/STM32CubeIDE/RTOS_Workspace/STM32F401_TASK005_FreeRTOS_ISR/ThirdParty/SEGGER/OS" -I"C:/Users/Lenovo/STM32CubeIDE/RTOS_Workspace/STM32F401_TASK005_FreeRTOS_ISR/ThirdParty/FreeRTOS" -I"C:/Users/Lenovo/STM32CubeIDE/RTOS_Workspace/STM32F401_TASK005_FreeRTOS_ISR/ThirdParty/FreeRTOS/include" -I"C:/Users/Lenovo/STM32CubeIDE/RTOS_Workspace/STM32F401_TASK005_FreeRTOS_ISR/ThirdParty/SEGGER/SEGGER" -I"C:/Users/Lenovo/STM32CubeIDE/RTOS_Workspace/STM32F401_TASK005_FreeRTOS_ISR/ThirdParty/SEGGER/Config" -I../Drivers/STM32F4xx_HAL_Driver/Inc -I../Drivers/STM32F4xx_HAL_Driver/Inc/Legacy -I../Drivers/CMSIS/Device/ST/STM32F4xx/Include -I../Drivers/CMSIS/Include -O0 -ffunction-sections -fdata-sections -Wall -fstack-usage -fcyclomatic-complexity -MMD -MP -MF"Core/Src/main.d" -MT"Core/Src/main.o" --specs=nano.specs -mfpu=fpv4-sp-d16 -mfloat-abi=hard -mthumb -o "Core/Src/main.o"
arm-none-eabi-gcc -o "STM32F401_TASK005_FreeRTOS_ISR.elf" @"objects.list"   -mcpu=cortex-m4 -T"C:\Users\Lenovo\STM32CubeIDE\RTOS_Workspace\STM32F401_TASK005_FreeRTOS_ISR\STM32F401CCUX_FLASH.ld" --specs=nosys.specs -Wl,-Map="STM32F401_TASK005_FreeRTOS_ISR.map" -Wl,--gc-sections -static --specs=nano.specs -mfpu=fpv4-sp-d16 -mfloat-abi=hard -mthumb -Wl,--start-group -lc -lm -Wl,--end-group
Finished building target: STM32F401_TASK005_FreeRTOS_ISR.elf
 
arm-none-eabi-size  STM32F401_TASK005_FreeRTOS_ISR.elf 
arm-none-eabi-objdump -h -S STM32F401_TASK005_FreeRTOS_ISR.elf  > "STM32F401_TASK005_FreeRTOS_ISR.list"
   text	   data	    bss	    dec	    hex	filename
  30328	    100	  23532	  53960	   d2c8	STM32F401_TASK005_FreeRTOS_ISR.elf
Finished building: default.size.stdout
 
Finished building: STM32F401_TASK005_FreeRTOS_ISR.list
 
13:33:51 **** Incremental Build of configuration Debug for project STM32F401_TASK005_FreeRTOS_ISR ****
make -j8 all 
arm-none-eabi-size  STM32F401_TASK005_FreeRTOS_ISR.elf 
   text	   data	    bss	    dec	    hex	filename
  30328	    100	  23532	  53960	   d2c8	STM32F401_TASK005_FreeRTOS_ISR.elf
Finished building: default.size.stdout
 
13:39:34 **** Build of configuration Debug for project STM32F401_TASK005_FreeRTOS ****
make -j8 all 
arm-none-eabi-gcc "../Core/Src/main.c" -mcpu=cortex-m4 -std=gnu11 -g3 -DDEBUG -DUSE_HAL_DRIVER -DSTM32F401xC -c -I../Core/Inc -I"C:/Users/Lenovo/STM32CubeIDE/RTOS_Workspace/STM32F401_TASK005_FreeRTOS/ThirdParty/FreeRTOS/portable/GCC/ARM_CM4F" -I"C:/Users/Lenovo/STM32CubeIDE/RTOS_Workspace/STM32F401_TASK005_FreeRTOS/ThirdParty/SEGGER/OS" -I"C:/Users/Lenovo/STM32CubeIDE/RTOS_Workspace/STM32F401_TASK005_FreeRTOS/ThirdParty/FreeRTOS" -I"C:/Users/Lenovo/STM32CubeIDE/RTOS_Workspace/STM32F401_TASK005_FreeRTOS/ThirdParty/FreeRTOS/include" -I"C:/Users/Lenovo/STM32CubeIDE/RTOS_Workspace/STM32F401_TASK005_FreeRTOS/ThirdParty/SEGGER/SEGGER" -I"C:/Users/Lenovo/STM32CubeIDE/RTOS_Workspace/STM32F401_TASK005_FreeRTOS/ThirdParty/SEGGER/Config" -I../Drivers/STM32F4xx_HAL_Driver/Inc -I../Drivers/STM32F4xx_HAL_Driver/Inc/Legacy -I../Drivers/CMSIS/Device/ST/STM32F4xx/Include -I../Drivers/CMSIS/Include -O0 -ffunction-sections -fdata-sections -Wall -fstack-usage -fcyclomatic-complexity -MMD -MP -MF"Core/Src/main.d" -MT"Core/Src/main.o" --specs=nano.specs -mfpu=fpv4-sp-d16 -mfloat-abi=hard -mthumb -o "Core/Src/main.o"
arm-none-eabi-gcc -o "STM32F401_TASK005_FreeRTOS.elf" @"objects.list"   -mcpu=cortex-m4 -T"C:\Users\Lenovo\STM32CubeIDE\RTOS_Workspace\STM32F401_TASK005_FreeRTOS\STM32F401CCUX_FLASH.ld" --specs=nosys.specs -Wl,-Map="STM32F401_TASK005_FreeRTOS.map" -Wl,--gc-sections -static --specs=nano.specs -mfpu=fpv4-sp-d16 -mfloat-abi=hard -mthumb -Wl,--start-group -lc -lm -Wl,--end-group
Finished building target: STM32F401_TASK005_FreeRTOS.elf
 
arm-none-eabi-size  STM32F401_TASK005_FreeRTOS.elf 
arm-none-eabi-objdump -h -S STM32F401_TASK005_FreeRTOS.elf  > "STM32F401_TASK005_FreeRTOS.list"
   text	   data	    bss	    dec	    hex	filename
  28572	    100	  23460	  52132	   cba4	STM32F401_TASK005_FreeRTOS.elf
Finished building: default.size.stdout
 
Finished building: STM32F401_TASK005_FreeRTOS.list
 
13:41:00 **** Incremental Build of configuration Debug for project STM32F401_TASK005_FreeRTOS_ISR ****
make -j8 all 
arm-none-eabi-gcc "../Core/Src/main.c" -mcpu=cortex-m4 -std=gnu11 -g3 -DDEBUG -DUSE_HAL_DRIVER -DSTM32F401xC -c -I../Core/Inc -I"C:/Users/Lenovo/STM32CubeIDE/RTOS_Workspace/STM32F401_TASK005_FreeRTOS_ISR/ThirdParty/FreeRTOS/portable/GCC/ARM_CM4F" -I"C:/Users/Lenovo/STM32CubeIDE/RTOS_Workspace/STM32F401_TASK005_FreeRTOS_ISR/ThirdParty/SEGGER/OS" -I"C:/Users/Lenovo/STM32CubeIDE/RTOS_Workspace/STM32F401_TASK005_FreeRTOS_ISR/ThirdParty/FreeRTOS" -I"C:/Users/Lenovo/STM32CubeIDE/RTOS_Workspace/STM32F401_TASK005_FreeRTOS_ISR/ThirdParty/FreeRTOS/include" -I"C:/Users/Lenovo/STM32CubeIDE/RTOS_Workspace/STM32F401_TASK005_FreeRTOS_ISR/ThirdParty/SEGGER/SEGGER" -I"C:/Users/Lenovo/STM32CubeIDE/RTOS_Workspace/STM32F401_TASK005_FreeRTOS_ISR/ThirdParty/SEGGER/Config" -I../Drivers/STM32F4xx_HAL_Driver/Inc -I../Drivers/STM32F4xx_HAL_Driver/Inc/Legacy -I../Drivers/CMSIS/Device/ST/STM32F4xx/Include -I../Drivers/CMSIS/Include -O0 -ffunction-sections -fdata-sections -Wall -fstack-usage -fcyclomatic-complexity -MMD -MP -MF"Core/Src/main.d" -MT"Core/Src/main.o" --specs=nano.specs -mfpu=fpv4-sp-d16 -mfloat-abi=hard -mthumb -o "Core/Src/main.o"
arm-none-eabi-gcc -o "STM32F401_TASK005_FreeRTOS_ISR.elf" @"objects.list"   -mcpu=cortex-m4 -T"C:\Users\Lenovo\STM32CubeIDE\RTOS_Workspace\STM32F401_TASK005_FreeRTOS_ISR\STM32F401CCUX_FLASH.ld" --specs=nosys.specs -Wl,-Map="STM32F401_TASK005_FreeRTOS_ISR.map" -Wl,--gc-sections -static --specs=nano.specs -mfpu=fpv4-sp-d16 -mfloat-abi=hard -mthumb -Wl,--start-group -lc -lm -Wl,--end-group
Finished building target: STM32F401_TASK005_FreeRTOS_ISR.elf
 
arm-none-eabi-size  STM32F401_TASK005_FreeRTOS_ISR.elf 
arm-none-eabi-objdump -h -S STM32F401_TASK005_FreeRTOS_ISR.elf  > "STM32F401_TASK005_FreeRTOS_ISR.list"
   text	   data	    bss	    dec	    hex	filename
  30328	    100	  23532	  53960	   d2c8	STM32F401_TASK005_FreeRTOS_ISR.elf
Finished building: default.size.stdout
 
Finished building: STM32F401_TASK005_FreeRTOS_ISR.list
 
13:41:57 **** Incremental Build of configuration Debug for project STM32F401_TASK005_FreeRTOS_ISR ****
make -j8 all 
arm-none-eabi-size  STM32F401_TASK005_FreeRTOS_ISR.elf 
   text	   data	    bss	    dec	    hex	filename
  30328	    100	  23532	  53960	   d2c8	STM32F401_TASK005_FreeRTOS_ISR.elf
Finished building: default.size.stdout
 
