11:29:49 **** Incremental Build of configuration Debug for project STM32F103C8_FreeRTOS ****
make -j8 all 
arm-none-eabi-gcc "../Core/Src/main.c" -mcpu=cortex-m3 -std=gnu11 -g3 -DDEBUG -DUSE_HAL_DRIVER -DSTM32F103xB -c -I../Core/Inc -I"C:/Users/Lenovo/STM32CubeIDE/RTOS_Workspace/STM32F103C8_FreeRTOS/ThirdParty/FreeRTOS/portable/GCC/ARM_CM3" -I"C:/Users/Lenovo/STM32CubeIDE/RTOS_Workspace/STM32F103C8_FreeRTOS/ThirdParty/SEGGER/Config" -I"C:/Users/Lenovo/STM32CubeIDE/RTOS_Workspace/STM32F103C8_FreeRTOS/ThirdParty/SEGGER/OS" -I"C:/Users/Lenovo/STM32CubeIDE/RTOS_Workspace/STM32F103C8_FreeRTOS/ThirdParty/SEGGER/SEGGER" -I"C:/Users/Lenovo/STM32CubeIDE/RTOS_Workspace/STM32F103C8_FreeRTOS/ThirdParty/SEGGER" -I"C:/Users/Lenovo/STM32CubeIDE/RTOS_Workspace/STM32F103C8_FreeRTOS/ThirdParty/FreeRTOS" -I../Drivers/STM32F1xx_HAL_Driver/Inc/Legacy -I../Drivers/STM32F1xx_HAL_Driver/Inc -I../Drivers/CMSIS/Device/ST/STM32F1xx/Include -I"C:/Users/Lenovo/STM32CubeIDE/RTOS_Workspace/STM32F103C8_FreeRTOS/ThirdParty/FreeRTOS/include" -I../Drivers/CMSIS/Include -O0 -ffunction-sections -fdata-sections -Wall -fstack-usage -fcyclomatic-complexity -MMD -MP -MF"Core/Src/main.d" -MT"Core/Src/main.o" --specs=nano.specs -mfloat-abi=soft -mthumb -o "Core/Src/main.o"
arm-none-eabi-gcc -o "STM32F103C8_FreeRTOS.elf" @"objects.list"   -mcpu=cortex-m3 -T"C:\Users\Lenovo\STM32CubeIDE\RTOS_Workspace\STM32F103C8_FreeRTOS\STM32F103C8TX_FLASH.ld" --specs=nosys.specs -Wl,-Map="STM32F103C8_FreeRTOS.map" -Wl,--gc-sections -static --specs=nano.specs -mfloat-abi=soft -mthumb -Wl,--start-group -lc -lm -Wl,--end-group
Finished building target: STM32F103C8_FreeRTOS.elf
 
arm-none-eabi-size  STM32F103C8_FreeRTOS.elf 
arm-none-eabi-objdump -h -S STM32F103C8_FreeRTOS.elf  > "STM32F103C8_FreeRTOS.list"
   text	   data	    bss	    dec	    hex	filename
  13620	     12	   4532	  18164	   46f4	STM32F103C8_FreeRTOS.elf
Finished building: default.size.stdout
 
Finished building: STM32F103C8_FreeRTOS.list
 

11:29:50 Build Finished. 0 errors, 0 warnings. (took 826ms)

