11:28:37 **** Incremental Build of configuration Debug for project STM32F401_RTOS ****
make -j8 all 
arm-none-eabi-gcc "../Core/Src/main.c" -mcpu=cortex-m4 -std=gnu11 -g3 -DDEBUG -DUSE_HAL_DRIVER -DSTM32F401xC -c -I"C:/Users/Lenovo/STM32CubeIDE/RTOS_Workspace/STM32F401_RTOS/ThirdParty/SEGGER/Config" -I"C:/Users/Lenovo/STM32CubeIDE/RTOS_Workspace/STM32F401_RTOS/ThirdParty/FreeRTOS/portable/GCC/ARM_CM4F" -I"C:/Users/Lenovo/STM32CubeIDE/RTOS_Workspace/STM32F401_RTOS/ThirdParty/SEGGER/OS" -I"C:/Users/Lenovo/STM32CubeIDE/RTOS_Workspace/STM32F401_RTOS/ThirdParty/SEGGER/SEGGER" -I../Core/Inc -I"C:/Users/Lenovo/STM32CubeIDE/RTOS_Workspace/STM32F401_RTOS/ThirdParty/FreeRTOS" -I"C:/Users/Lenovo/STM32CubeIDE/RTOS_Workspace/STM32F401_RTOS/ThirdParty/FreeRTOS/include" -I../Drivers/STM32F4xx_HAL_Driver/Inc -I../Drivers/STM32F4xx_HAL_Driver/Inc/Legacy -I../Drivers/CMSIS/Device/ST/STM32F4xx/Include -I../Drivers/CMSIS/Include -O0 -ffunction-sections -fdata-sections -Wall -fstack-usage -fcyclomatic-complexity -MMD -MP -MF"Core/Src/main.d" -MT"Core/Src/main.o" --specs=nano.specs -mfpu=fpv4-sp-d16 -mfloat-abi=hard -mthumb -o "Core/Src/main.o"
arm-none-eabi-gcc -o "STM32F401_RTOS.elf" @"objects.list"   -mcpu=cortex-m4 -T"C:\Users\Lenovo\STM32CubeIDE\RTOS_Workspace\STM32F401_RTOS\STM32F401CCUX_FLASH.ld" --specs=nosys.specs -Wl,-Map="STM32F401_RTOS.map" -Wl,--gc-sections -static --specs=nano.specs -mfpu=fpv4-sp-d16 -mfloat-abi=hard -mthumb -Wl,--start-group -lc -lm -Wl,--end-group
Finished building target: STM32F401_RTOS.elf
 
arm-none-eabi-size  STM32F401_RTOS.elf 
arm-none-eabi-objdump -h -S STM32F401_RTOS.elf  > "STM32F401_RTOS.list"
   text	   data	    bss	    dec	    hex	filename
  22132	     20	  20044	  42196	   a4d4	STM32F401_RTOS.elf
Finished building: default.size.stdout
 
Finished building: STM32F401_RTOS.list
 

11:28:38 Build Finished. 0 errors, 0 warnings. (took 826ms)

